./gradlew runData

> Task :runData
[21:26:46.318] [main/INFO] [Launcher/MODLAUNCHER]: ModLauncher running: args [--mod, catr, --all, --output, D:\dow\mine2_catr\catrmodd\src\generated\resources, --existing, D:\dow\mine2_catr\catrmodd\src\main\resources, --launchTarget, forgedatadev, --assetIndex, asset-index, --assetsDir, C:\Users\Peromant\.gradle\caches\minecraft\assets, --gameDir, ., --fml.fmlVersion, 4.0.43, --fml.mcVersion, 1.21.1, --fml.neoForgeVersion, 21.1.244, --fml.neoFormVersion, 20240808.144430] 
[21:26:46.357] [main/INFO] [Launcher/MODLAUNCHER]: JVM identified as Eclipse Adoptium OpenJDK 64-Bit Server VM 21.0.11+10-LTS 
[21:26:46.360] [main/INFO] [Launcher/MODLAUNCHER]: ModLauncher 11.0.5+main.901c6ea8 starting: java version 21.0.11 by Eclipse Adoptium; OS Windows 11 arch amd64 version 10.0 
[21:26:46.556] [main/INFO] [loading.ImmediateWindowHandler/]: ImmediateWindowProvider not loading because launch target is forgedatadev 
[21:26:46.611] [main/INFO] [mixin/]: SpongePowered MIXIN Subsystem Version=0.8.7 Source=union:/C:/Users/Peromant/.gradle/caches/modules-2/files-2.1/net.fabricmc/sponge-mixin/0.15.2+mixin.0.8.7/2af2f021d8e02a0220dc27a7a72b4666d66d44ca/sponge-mixin-0.15.2+mixin.0.8.7.jar%23142!/ Service=ModLauncher Env=CLIENT 
[21:26:46.714] [main/INFO] [loading.moddiscovery.ModDiscoverer/SCAN]: Found mod file "neoforge-21.1.244.jar" [locator: neoforge devenv provider ([D:\dow\mine2_catr\catrmodd\.gradle\repositories\ng_dummy_ng\net\neoforged\neoforge\21.1.244\neoforge-21.1.244.jar])] 
[21:26:46.744] [main/INFO] [loading.moddiscovery.ModDiscoverer/SCAN]: Found mod file "neoforge-21.1.244.jar" [locator: neoforge devenv provider ([D:\dow\mine2_catr\catrmodd\.gradle\repositories\ng_dummy_ng\net\neoforged\neoforge\21.1.244\neoforge-21.1.244.jar])] 
[21:26:46.752] [main/INFO] [loading.moddiscovery.ModDiscoverer/SCAN]: Found mod file "advanced-xray-neoforge-21.0.1-1.21.1-1.21.jar" [locator: {mods folder locator at D:\dow\mine2_catr\catrmodd\run\mods}, reader: mod manifest] 
[21:26:46.787] [main/INFO] [loading.moddiscovery.ModDiscoverer/SCAN]: Found mod file "create-1.21.1-6.0.10.jar" [locator: {mods folder locator at D:\dow\mine2_catr\catrmodd\run\mods}, reader: mod manifest] 
[21:26:46.792] [main/INFO] [loading.moddiscovery.ModDiscoverer/SCAN]: Found mod file "createaddition-1.5.10.jar" [locator: {mods folder locator at D:\dow\mine2_catr\catrmodd\run\mods}, reader: mod manifest] 
[21:26:46.799] [main/INFO] [loading.moddiscovery.ModDiscoverer/SCAN]: Found mod file "createbigcannons-5.11.7+mc.1.21.1 (1).jar" [locator: {mods folder locator at D:\dow\mine2_catr\catrmodd\run\mods}, reader: mod manifest] 
[21:26:46.803] [main/INFO] [loading.moddiscovery.ModDiscoverer/SCAN]: Found mod file "createnuclear-1.3.2-beta.3-neoforge.jar" [locator: {mods folder locator at D:\dow\mine2_catr\catrmodd\run\mods}, reader: mod manifest] 
[21:26:46.806] [main/INFO] [loading.moddiscovery.ModDiscoverer/SCAN]: Found mod file "FarmersDelight-1.21.1-1.3.1.jar" [locator: {mods folder locator at D:\dow\mine2_catr\catrmodd\run\mods}, reader: mod manifest] 
[21:26:46.810] [main/INFO] [loading.moddiscovery.ModDiscoverer/SCAN]: Found mod file "jei-1.21.1-neoforge-19.27.0.336.jar" [locator: {mods folder locator at D:\dow\mine2_catr\catrmodd\run\mods}, reader: mod manifest] 
[21:26:46.819] [main/INFO] [loading.moddiscovery.ModDiscoverer/SCAN]: Found mod file "Mekanism-1.21.1-10.7.19.85.jar" [locator: {mods folder locator at D:\dow\mine2_catr\catrmodd\run\mods}, reader: mod manifest] 
[21:26:46.822] [main/INFO] [loading.moddiscovery.ModDiscoverer/SCAN]: Found mod file "ritchiesprojectilelib-2.1.2-mc.1.21.1-neoforge.jar" [locator: {mods folder locator at D:\dow\mine2_catr\catrmodd\run\mods}, reader: mod manifest] 
[21:26:47.063] [main/INFO] [loading.moddiscovery.ModDiscoverer/SCAN]: Found mod file "tacz-neoforge-1.21.1-1.1.8-r2.jar" [locator: {mods folder locator at D:\dow\mine2_catr\catrmodd\run\mods}, reader: mod manifest] 
[21:26:47.069] [main/INFO] [loading.moddiscovery.ModDiscoverer/SCAN]: Found mod file "tfmg-1.2.2.jar" [locator: {mods folder locator at D:\dow\mine2_catr\catrmodd\run\mods}, reader: mod manifest] 
[21:26:47.075] [main/INFO] [loading.moddiscovery.ModDiscoverer/SCAN]: Found mod file "main" [locator: userdev mods and services, reader: mod manifest] 
[21:26:47.089] [main/INFO] [loading.moddiscovery.ModDiscoverer/SCAN]: Found mod file "neoforge-21.1.244.jar" [locator: userdev mods and services, reader: mod manifest] 
[21:26:47.099] [main/INFO] [loading.moddiscovery.ModDiscoverer/SCAN]: Found mod file "create-1.21.1-6.0.10.jar" [locator: userdev mods and services, reader: mod manifest] 
[21:26:47.105] [main/INFO] [loading.moddiscovery.ModDiscoverer/SCAN]: Found mod file "tacz-neoforge-1.21.1-1.1.8-r2.jar" [locator: userdev mods and services, reader: mod manifest] 
[21:26:47.166] [main/INFO] [loading.moddiscovery.ModDiscoverer/SCAN]: Found gamelibrary file "mixinextras-neoforge-0.5.3.jar" [locator: userdev mods and services, reader: mod manifest] 
[21:26:47.432] [main/WARN] [selection.JarSelector/]: Attempted to select a dependency jar for JarJar which was passed in as source: library:mixinextras.neoforge. Using Mod File: C:\Users\Peromant\.gradle\caches\modules-2\files-2.1\io.github.llamalad7\mixinextras-neoforge\0.5.3\a0919957808de97707c5fb4ce073e66aeef3e187\mixinextras-neoforge-0.5.3.jar 
[21:26:47.432] [main/INFO] [loading.moddiscovery.locators.JarInJarDependencyLocator/]: Found 10 dependencies adding them to mods collection 
[21:26:47.432] [main/INFO] [loading.moddiscovery.ModDiscoverer/SCAN]: Found library file "bcel-6.6.1.jar" [parent: tacz-neoforge-1.21.1-1.1.8-r2.jar, locator: jarinjar] 
[21:26:47.433] [main/INFO] [loading.moddiscovery.ModDiscoverer/SCAN]: Found library file "luaj-jse-3.0.8-figura.jar" [parent: tacz-neoforge-1.21.1-1.1.8-r2.jar, locator: jarinjar] 
[21:26:47.433] [main/INFO] [loading.moddiscovery.ModDiscoverer/SCAN]: Found gamelibrary file "Registrate-MC1.21-1.3.0+67.jar" [parent: create-1.21.1-6.0.10.jar, locator: jarinjar, reader: mod manifest] 
[21:26:47.433] [main/INFO] [loading.moddiscovery.ModDiscoverer/SCAN]: Found library file "luaj-core-3.0.8-figura.jar" [parent: tacz-neoforge-1.21.1-1.1.8-r2.jar, locator: jarinjar] 
[21:26:47.433] [main/INFO] [loading.moddiscovery.ModDiscoverer/SCAN]: Found mod file "flywheel-neoforge-1.21.1-1.0.6.jar" [parent: create-1.21.1-6.0.10.jar, locator: jarinjar, reader: mod manifest] 
[21:26:47.433] [main/INFO] [loading.moddiscovery.ModDiscoverer/SCAN]: Found mod file "simplebedrockmodel-2.2.1-neoforge+mc1.21.1.jar" [parent: tacz-neoforge-1.21.1-1.1.8-r2.jar, locator: jarinjar, reader: mod manifest] 
[21:26:47.433] [main/INFO] [loading.moddiscovery.ModDiscoverer/SCAN]: Found library file "commons-math3-3.6.1.jar" [parent: tacz-neoforge-1.21.1-1.1.8-r2.jar, locator: jarinjar] 
[21:26:47.433] [main/INFO] [loading.moddiscovery.ModDiscoverer/SCAN]: Found mod file "ponder-neoforge-1.0.82+mc1.21.1.jar" [parent: create-1.21.1-6.0.10.jar, locator: jarinjar, reader: mod manifest] 
[21:26:47.433] [main/INFO] [loading.moddiscovery.ModDiscoverer/SCAN]: Found library file "net.neoforged.neoforge-coremods-21.1.244.jar" [parent: neoforge-21.1.244.jar, locator: jarinjar, reader: mod manifest] 
[21:26:47.433] [main/INFO] [loading.moddiscovery.ModDiscoverer/SCAN]: Found library file "mae-1.1.2.jar" [parent: simplebedrockmodel-2.2.1-neoforge+mc1.21.1.jar, locator: jarinjar] 
[21:26:47.436] [main/INFO] [loading.moddiscovery.ModDiscoverer/]: 
     Mod List:
                Name Version (Mod Id)

                Advanced XRay 21.0.1 (xray)
                CATR (Create Adjust TACZ Recipes) 0.5.4 (catr)
                Create 6.0.10 (create)
                Create Big Cannons 5.11.7 (createbigcannons)
                Create Crafts & Additions 1.5.10 (createaddition)
                Create Nuclear 1.3.2-beta.3 (createnuclear)
                Create: The Factory Must Grow 1.2.2 (tfmg)
                Farmer's Delight 1.3.1 (farmersdelight)
                Flywheel 1.0.6 (flywheel)
                Just Enough Items 19.27.0.336 (jei)
                Mekanism 10.7.19 (mekanism)
                Minecraft 1.21.1 (minecraft)
                NeoForge 21.1.244 (neoforge)
                Ponder 1.0.82+mc1.21.1 (ponder)
                Ritchie's Projectile Library 2.1.2 (ritchiesprojectilelib)
                SimpleBedrockModel 2.2.1-neoforge+mc1.21.1 (simplebedrockmodel)
                Timeless & Classics Guns: Zero 1.1.8-r2 (tacz) 
[21:26:48.354] [main/INFO] [mixin/]: Compatibility level set to JAVA_21 
[21:26:48.383] [main/INFO] [LaunchServiceHandler/MODLAUNCHER]: Launching target 'forgedatadev' with arguments [--gameDir, ., --assetsDir, C:\Users\Peromant\.gradle\caches\minecraft\assets, --mod, catr, --all, --output, D:\dow\mine2_catr\catrmodd\src\generated\resources, --existing, D:\dow\mine2_catr\catrmodd\src\main\resources, --assetIndex, asset-index] 
[21:26:48.464] [main/WARN] [mixin/]: Reference map 'tacz.refmap.json' for tacz.mixins.json could not be read. If this is a development environment you can ignore this message 
[21:26:48.467] [main/WARN] [mixin/]: Reference map 'tacz.refmap.json' for tacz.compat.acceleratedrendering.mixins.json could not be read. If this is a development environment you can ignore this message 
[21:26:48.473] [main/WARN] [mixin/]: Reference map 'ponder.refmap.json' for ponder-common.mixins.json could not be read. If this is a development environment you can ignore this message 
[21:26:48.475] [main/WARN] [mixin/]: Reference map 'simplebedrockmodel.refmap.json' for simplebedrockmodel.mixins.json could not be read. If this is a development environment you can ignore this message 
[21:26:48.475] [main/WARN] [mixin/]: Reference map 'tfmg.refmap.json' for tfmg.mixins.json could not be read. If this is a development environment you can ignore this message 
[21:26:48.477] [main/WARN] [mixin/]: Reference map 'catr.refmap.json' for catr.mixin.json could not be read. If this is a development environment you can ignore this message 
[21:26:48.774] [main/WARN] [mixin/]: Error loading class: xfacthd/framedblocks/common/blockentity/doubled/slab/FramedAdjustableDoubleBlockEntity (java.lang.ClassNotFoundException: xfacthd.framedblocks.common.blockentity.doubled.slab.FramedAdjustableDoubleBlockEntity) 
[21:26:48.775] [main/WARN] [mixin/]: @Mixin target xfacthd.framedblocks.common.blockentity.doubled.slab.FramedAdjustableDoubleBlockEntity was not found createbigcannons.mixins.json:compat.framedblocks.FramedAdjustableDoubleBlockEntityAccessor from mod createbigcannons 
[21:26:48.829] [main/WARN] [mixin/]: Error loading class: com/mrcrayfish/controllable/client/binding/context/BindingContext (java.lang.ClassNotFoundException: com.mrcrayfish.controllable.client.binding.context.BindingContext) 
WARN StatusConsoleListener Advanced terminal features are not available in this environment
[21:26:49] [main/DEBUG] [io.ne.ut.in.lo.InternalLoggerFactory/]: Using SLF4J as the default logging framework
[21:26:49] [main/DEBUG] [io.ne.ut.ResourceLeakDetector/]: -Dio.netty.leakDetection.level: simple
[21:26:49] [main/DEBUG] [io.ne.ut.ResourceLeakDetector/]: -Dio.netty.leakDetection.targetRecords: 4
[21:26:49] [main/INFO] [MixinExtras|Service/]: Initializing MixinExtras via com.llamalad7.mixinextras.service.MixinExtrasServiceImpl(version=0.5.3).
[21:26:49] [main/DEBUG] [mixin/]: Registering new injector for @SugarWrapper with com.llamalad7.mixinextras.sugar.impl.SugarWrapperInjectionInfo
[21:26:49] [main/DEBUG] [mixin/]: Registering new injector for @FactoryRedirectWrapper with com.llamalad7.mixinextras.wrapper.factory.FactoryRedirectWrapperInjectionInfo
[21:26:49] [main/DEBUG] [mixin/]: Registering new injector for @ExpressionInjectorWrapper with com.llamalad7.mixinextras.expression.impl.wrapper.ExpressionInjectorWrapperInjectionInfo
[21:26:49] [main/DEBUG] [mixin/]: Mixing accessor.NbtAccounterAccessor from create.mixins.json into net.minecraft.nbt.NbtAccounter
[21:26:49] [main/INFO] [ne.ne.ne.da.lo.DatagenModLoader/]: Initializing Data Gatherer for mods [catr]
[21:26:49] [main/DEBUG] [mixin/]: Mixing BuiltInRegistriesMixin from create.mixins.json into net.minecraft.core.registries.BuiltInRegistries
[21:26:49] [main/DEBUG] [mixin/]: Renaming synthetic method lambda$create$ourRegistriesAreNotEmpty$0(Ljava/util/function/Consumer;Lnet/minecraft/core/Registry;)V to mda37bb7$create$lambda$create$ourRegistriesAreNotEmpty$0$0 in create.mixins.json:BuiltInRegistriesMixin from mod create
[21:26:49] [main/DEBUG] [mixin/]: Mixing BuiltInRegistriesMixin from tfmg.mixins.json into net.minecraft.core.registries.BuiltInRegistries
[21:26:49] [main/DEBUG] [mixin/]: tfmg.mixins.json:BuiltInRegistriesMixin from mod tfmg: Class version 65 required is higher than the class version supported by the current version of Mixin (JAVA_8 supports class version 52)
[21:26:49] [main/DEBUG] [mixin/]: Mixing accessor.MappedRegistryAccessor from create.mixins.json into net.minecraft.core.MappedRegistry
[21:26:49] [main/DEBUG] [mixin/]: Mixing MappedRegistryAccessor from neoforge.mixins.json into net.minecraft.core.MappedRegistry
[21:26:49] [main/DEBUG] [mixin/]: Mixing UtilMixin from tfmg.mixins.json into net.minecraft.Util
[21:26:49] [main/DEBUG] [mixin/]: tfmg.mixins.json:UtilMixin from mod tfmg: Class version 65 required is higher than the class version supported by the current version of Mixin (JAVA_8 supports class version 52)
[21:26:49] [main/DEBUG] [mixin/]: Mixing RecipeProviderMixin from tfmg.mixins.json into net.minecraft.data.recipes.RecipeProvider
[21:26:49] [main/DEBUG] [mixin/]: tfmg.mixins.json:RecipeProviderMixin from mod tfmg: Class version 65 required is higher than the class version supported by the current version of Mixin (JAVA_8 supports class version 52)
[21:26:49] [main/DEBUG] [mixin/]: tfmg.mixins.json:RecipeProviderMixin from mod tfmg->@Inject::getName(Lorg/spongepowered/asm/mixin/injection/callback/CallbackInfoReturnable;)V does use it's CallbackInfoReturnable
[21:26:49] [main/DEBUG] [mixin/]: Mixing BlockMixin from create.mixins.json into net.minecraft.world.level.block.Block
[21:26:49] [main/DEBUG] [mixin/]: Mixing accessor.BlockBehaviourAccessor from create.mixins.json into net.minecraft.world.level.block.state.BlockBehaviour
[21:26:49] [main/DEBUG] [mixin/]: Mixing EntityTypeMixin from flywheel.impl.mixins.json into net.minecraft.world.entity.EntityType
[21:26:49] [main/DEBUG] [mixin/]: Mixing PlacePumpkinPieMixin from farmersdelight.mixins.json into net.minecraft.world.item.Item
[21:26:49] [main/DEBUG] [mixin/]: farmersdelight.mixins.json:PlacePumpkinPieMixin from mod farmersdelight->@Inject::usePumpkinPie(Lnet/minecraft/world/item/context/UseOnContext;Lorg/spongepowered/asm/mixin/injection/callback/CallbackInfoReturnable;)V does use it's CallbackInfoReturnable
[21:26:49] [main/DEBUG] [mixin/]: Mixing NourishmentAlwaysEatMixin from farmersdelight.mixins.json into net.minecraft.world.entity.player.Player
[21:26:49] [main/DEBUG] [mixin/]: Mixing PlayerMixin from createbigcannons.mixins.json into net.minecraft.world.entity.player.Player
[21:26:49] [main/DEBUG] [mixin/]: createbigcannons.mixins.json:PlayerMixin from mod createbigcannons: Class version 65 required is higher than the class version supported by the current version of Mixin (JAVA_17 supports class version 61)
[21:26:49] [main/DEBUG] [mixin/]: Mixing PlayerMixin from create.mixins.json into net.minecraft.world.entity.player.Player
[21:26:49] [main/DEBUG] [mixin/]: farmersdelight.mixins.json:NourishmentAlwaysEatMixin from mod farmersdelight->@Inject::alwaysEatUnderNourishmentEffect(ZLorg/spongepowered/asm/mixin/injection/callback/CallbackInfoReturnable;)V does use it's CallbackInfoReturnable
[21:26:49] [main/DEBUG] [mixin/]: Mixing common.LivingEntityMixin from tacz.mixins.json into net.minecraft.world.entity.LivingEntity
[21:26:49] [main/DEBUG] [mixin/]: tacz.mixins.json:common.LivingEntityMixin from mod tacz: Class version 65 required is higher than the class version supported by the current version of Mixin (JAVA_17 supports class version 61)
[21:26:49] [main/DEBUG] [mixin/]: Renaming synthetic method lambda$initialData$0()Lnet/minecraft/world/item/ItemStack; to mda37bb7$tacz$lambda$initialData$0$0 in tacz.mixins.json:common.LivingEntityMixin from mod tacz
[21:26:49] [main/DEBUG] [mixin/]: Mixing CustomItemUseEffectsMixin from create.mixins.json into net.minecraft.world.entity.LivingEntity
[21:26:49] [main/DEBUG] [mixin/]: Mixing LavaSwimmingMixin from create.mixins.json into net.minecraft.world.entity.LivingEntity
[21:26:50] [main/DEBUG] [mixin/]: Mixing accessor.LivingEntityAccessor from create.mixins.json into net.minecraft.world.entity.LivingEntity
[21:26:50] [main/DEBUG] [mixin/]: tacz.mixins.json:common.LivingEntityMixin from mod tacz->@Inject::onTickServerSide(Lorg/spongepowered/asm/mixin/injection/callback/CallbackInfo;)V doesn't use it's CallbackInfo
[21:26:50] [main/DEBUG] [mixin/]: tacz.mixins.json:common.LivingEntityMixin from mod tacz->@Inject::onTickServerSide(Lorg/spongepowered/asm/mixin/injection/callback/CallbackInfo;)V has 0 override(s) in child classes
[21:26:50] [main/DEBUG] [mixin/]: tacz.mixins.json:common.LivingEntityMixin from mod tacz->@Inject::onTickServerSide(Lorg/spongepowered/asm/mixin/injection/callback/CallbackInfo;)V won't be passed a CallbackInfo as a result
[21:26:50] [main/DEBUG] [mixin/]: create.mixins.json:CustomItemUseEffectsMixin from mod create->@Inject::create$onShouldTriggerUseEffects(Lorg/spongepowered/asm/mixin/injection/callback/CallbackInfoReturnable;)V does use it's CallbackInfoReturnable
[21:26:50] [main/DEBUG] [mixin/]: create.mixins.json:CustomItemUseEffectsMixin from mod create->@Inject::create$onTriggerUseEffects(Lnet/minecraft/world/item/ItemStack;ILorg/spongepowered/asm/mixin/injection/callback/CallbackInfo;)V does use it's CallbackInfo
[21:26:50] [main/DEBUG] [mixin/]: create.mixins.json:LavaSwimmingMixin from mod create->@Inject::create$onLavaTravel(Lnet/minecraft/world/phys/Vec3;Lorg/spongepowered/asm/mixin/injection/callback/CallbackInfo;)V doesn't use it's CallbackInfo
[21:26:50] [main/DEBUG] [mixin/]: create.mixins.json:LavaSwimmingMixin from mod create->@Inject::create$onLavaTravel(Lnet/minecraft/world/phys/Vec3;Lorg/spongepowered/asm/mixin/injection/callback/CallbackInfo;)V has 0 override(s) in child classes
[21:26:50] [main/DEBUG] [mixin/]: create.mixins.json:LavaSwimmingMixin from mod create->@Inject::create$onLavaTravel(Lnet/minecraft/world/phys/Vec3;Lorg/spongepowered/asm/mixin/injection/callback/CallbackInfo;)V won't be passed a CallbackInfo as a result
[21:26:50] [main/DEBUG] [mixin/]: Mixing EntityMixin from createbigcannons.mixins.json into net.minecraft.world.entity.Entity
[21:26:50] [main/DEBUG] [mixin/]: createbigcannons.mixins.json:EntityMixin from mod createbigcannons: Class version 65 required is higher than the class version supported by the current version of Mixin (JAVA_17 supports class version 61)
[21:26:50] [main/DEBUG] [mixin/]: Mixing client.EntityClientMixin from createbigcannons.mixins.json into net.minecraft.world.entity.Entity
[21:26:50] [main/DEBUG] [mixin/]: createbigcannons.mixins.json:client.EntityClientMixin from mod createbigcannons: Class version 65 required is higher than the class version supported by the current version of Mixin (JAVA_17 supports class version 61)
[21:26:50] [main/DEBUG] [mixin/]: Renaming @Unique field selfLnet/minecraft/world/entity/Entity; to fda37bb7$createbigcannons$self$0 in createbigcannons.mixins.json:client.EntityClientMixin from mod createbigcannons
[21:26:50] [main/DEBUG] [mixin/]: Mixing accessor.EntityAccessor from ponder-common.mixins.json into net.minecraft.world.entity.Entity
[21:26:50] [main/DEBUG] [mixin/]: ponder-common.mixins.json:accessor.EntityAccessor from mod ponder: Class version 65 required is higher than the class version supported by the current version of Mixin (JAVA_17 supports class version 61)
[21:26:50] [main/DEBUG] [mixin/]: Mixing client.EntityContraptionInteractionMixin from create.mixins.json into net.minecraft.world.entity.Entity
[21:26:50] [main/DEBUG] [mixin/]: Renaming synthetic method lambda$create$onSpawnSprintParticle$4(Lnet/minecraft/world/entity/Entity;Lnet/minecraft/core/BlockPos;Lcom/simibubi/create/content/contraptions/Contraption;Lnet/minecraft/world/level/block/state/BlockState;Lnet/minecraft/core/BlockPos;)V to mda37bb7$create$lambda$create$onSpawnSprintParticle$4$0 in create.mixins.json:client.EntityContraptionInteractionMixin from mod create
[21:26:50] [main/DEBUG] [mixin/]: Renaming synthetic method lambda$create$onMove$3(Lnet/minecraft/world/phys/Vec3;Lnet/minecraft/world/entity/Entity;Lcom/simibubi/create/content/contraptions/AbstractContraptionEntity;)Z to mda37bb7$create$lambda$create$onMove$3$1 in create.mixins.json:client.EntityContraptionInteractionMixin from mod create
[21:26:50] [main/DEBUG] [mixin/]: Renaming synthetic method lambda$create$contraptionStepSounds$2(Lorg/apache/commons/lang3/mutable/MutableBoolean;Lcom/simibubi/create/content/contraptions/Contraption;Lnet/minecraft/world/level/block/state/BlockState;Lnet/minecraft/core/BlockPos;)V to mda37bb7$create$lambda$create$contraptionStepSounds$2$2 in create.mixins.json:client.EntityContraptionInteractionMixin from mod create
[21:26:50] [main/DEBUG] [mixin/]: Renaming synthetic method lambda$create$forCollision$1(Lnet/minecraft/world/phys/Vec3;Lorg/apache/logging/log4j/util/TriConsumer;Lcom/simibubi/create/content/contraptions/AbstractContraptionEntity;)V to mda37bb7$create$lambda$create$forCollision$1$3 in create.mixins.json:client.EntityContraptionInteractionMixin from mod create
[21:26:50] [main/DEBUG] [mixin/]: Renaming synthetic method lambda$create$getIntersectionContraptionsStream$0(Lcom/simibubi/create/content/contraptions/AbstractContraptionEntity;)Z to mda37bb7$create$lambda$create$getIntersectionContraptionsStream$0$4 in create.mixins.json:client.EntityContraptionInteractionMixin from mod create
[21:26:50] [main/DEBUG] [mixin/]: Mixing EntityMixin from create.mixins.json into net.minecraft.world.entity.Entity
[21:26:50] [main/DEBUG] [mixin/]: create.mixins.json:client.EntityContraptionInteractionMixin from mod create->@Inject::create$contraptionStepSounds(Lnet/minecraft/world/entity/MoverType;Lnet/minecraft/world/phys/Vec3;Lorg/spongepowered/asm/mixin/injection/callback/CallbackInfo;)V doesn't use it's CallbackInfo
[21:26:50] [main/DEBUG] [mixin/]: create.mixins.json:client.EntityContraptionInteractionMixin from mod create->@Inject::create$contraptionStepSounds(Lnet/minecraft/world/entity/MoverType;Lnet/minecraft/world/phys/Vec3;Lorg/spongepowered/asm/mixin/injection/callback/CallbackInfo;)V has 0 override(s) in child classes
[21:26:50] [main/DEBUG] [mixin/]: create.mixins.json:client.EntityContraptionInteractionMixin from mod create->@Inject::create$contraptionStepSounds(Lnet/minecraft/world/entity/MoverType;Lnet/minecraft/world/phys/Vec3;Lorg/spongepowered/asm/mixin/injection/callback/CallbackInfo;)V won't be passed a CallbackInfo as a result
[21:26:50] [main/DEBUG] [mixin/]: create.mixins.json:client.EntityContraptionInteractionMixin from mod create->@Inject::create$onMove(Lnet/minecraft/world/entity/MoverType;Lnet/minecraft/world/phys/Vec3;Lorg/spongepowered/asm/mixin/injection/callback/CallbackInfo;)V doesn't use it's CallbackInfo
[21:26:50] [main/DEBUG] [mixin/]: create.mixins.json:client.EntityContraptionInteractionMixin from mod create->@Inject::create$onMove(Lnet/minecraft/world/entity/MoverType;Lnet/minecraft/world/phys/Vec3;Lorg/spongepowered/asm/mixin/injection/callback/CallbackInfo;)V has 0 override(s) in child classes
[21:26:50] [main/DEBUG] [mixin/]: create.mixins.json:client.EntityContraptionInteractionMixin from mod create->@Inject::create$onMove(Lnet/minecraft/world/entity/MoverType;Lnet/minecraft/world/phys/Vec3;Lorg/spongepowered/asm/mixin/injection/callback/CallbackInfo;)V won't be passed a CallbackInfo as a result
[21:26:50] [main/DEBUG] [mixin/]: create.mixins.json:client.EntityContraptionInteractionMixin from mod create->@Inject::create$onSpawnSprintParticle(Lorg/spongepowered/asm/mixin/injection/callback/CallbackInfo;)V doesn't use it's CallbackInfo
[21:26:50] [main/DEBUG] [mixin/]: create.mixins.json:client.EntityContraptionInteractionMixin from mod create->@Inject::create$onSpawnSprintParticle(Lorg/spongepowered/asm/mixin/injection/callback/CallbackInfo;)V has 0 override(s) in child classes
[21:26:50] [main/DEBUG] [mixin/]: create.mixins.json:client.EntityContraptionInteractionMixin from mod create->@Inject::create$onSpawnSprintParticle(Lorg/spongepowered/asm/mixin/injection/callback/CallbackInfo;)V won't be passed a CallbackInfo as a result
[21:26:50] [main/DEBUG] [mixin/]: Mixing common.ServerPlayerMixin from tacz.mixins.json into net.minecraft.server.level.ServerPlayer
[21:26:50] [main/DEBUG] [mixin/]: tacz.mixins.json:common.ServerPlayerMixin from mod tacz: Class version 65 required is higher than the class version supported by the current version of Mixin (JAVA_17 supports class version 61)
[21:26:50] [main/DEBUG] [mixin/]: tacz.mixins.json:common.ServerPlayerMixin from mod tacz->@Inject::initialGunOperateData(Lnet/minecraft/server/level/ServerPlayer;ZLorg/spongepowered/asm/mixin/injection/callback/CallbackInfo;)V doesn't use it's CallbackInfo
[21:26:50] [main/DEBUG] [mixin/]: tacz.mixins.json:common.ServerPlayerMixin from mod tacz->@Inject::initialGunOperateData(Lnet/minecraft/server/level/ServerPlayer;ZLorg/spongepowered/asm/mixin/injection/callback/CallbackInfo;)V has 0 override(s) in child classes
[21:26:50] [main/DEBUG] [mixin/]: tacz.mixins.json:common.ServerPlayerMixin from mod tacz->@Inject::initialGunOperateData(Lnet/minecraft/server/level/ServerPlayer;ZLorg/spongepowered/asm/mixin/injection/callback/CallbackInfo;)V won't be passed a CallbackInfo as a result
[21:26:50] [main/DEBUG] [io.ne.ut.in.PlatformDependent0/]: -Dio.netty.noUnsafe: false
[21:26:50] [main/DEBUG] [io.ne.ut.in.PlatformDependent0/]: Java version: 21
[21:26:50] [main/DEBUG] [io.ne.ut.in.PlatformDependent0/]: sun.misc.Unsafe.theUnsafe: available
[21:26:50] [main/DEBUG] [io.ne.ut.in.PlatformDependent0/]: sun.misc.Unsafe.copyMemory: available
[21:26:50] [main/DEBUG] [io.ne.ut.in.PlatformDependent0/]: sun.misc.Unsafe.storeFence: available
[21:26:50] [main/DEBUG] [io.ne.ut.in.PlatformDependent0/]: java.nio.Buffer.address: available
[21:26:50] [main/DEBUG] [io.ne.ut.in.PlatformDependent0/]: java.nio.Bits.unaligned: available, true
[21:26:50] [main/DEBUG] [io.ne.ut.in.PlatformDependent0/]: java.nio.DirectByteBuffer.<init>(long, {int,long}): unavailable
[21:26:50] [main/DEBUG] [io.ne.ut.in.PlatformDependent/]: sun.misc.Unsafe: available
[21:26:50] [main/DEBUG] [io.ne.ut.in.PlatformDependent/]: maxDirectMemory: 4282384384 bytes (maybe)
[21:26:50] [main/DEBUG] [io.ne.ut.in.PlatformDependent/]: -Dio.netty.tmpdir: C:\Users\Peromant\AppData\Local\Temp (java.io.tmpdir)
[21:26:50] [main/DEBUG] [io.ne.ut.in.PlatformDependent/]: -Dio.netty.bitMode: 64 (sun.arch.data.model)
[21:26:50] [main/DEBUG] [io.ne.ut.in.PlatformDependent/]: Platform: Windows
[21:26:50] [main/DEBUG] [io.ne.ut.in.PlatformDependent/]: -Dio.netty.maxDirectMemory: -1 bytes
[21:26:50] [main/DEBUG] [io.ne.ut.in.PlatformDependent/]: -Dio.netty.uninitializedArrayAllocationThreshold: -1
[21:26:50] [main/DEBUG] [io.ne.ut.in.CleanerJava9/]: java.nio.ByteBuffer.cleaner(): available
[21:26:50] [main/DEBUG] [io.ne.ut.in.PlatformDependent/]: -Dio.netty.noPreferDirect: false
[21:26:50] [main/DEBUG] [mixin/]: Mixing BaseFireBlockMixin from createnuclear.neoforge.mixins.json into net.minecraft.world.level.block.BaseFireBlock
[21:26:50] [main/DEBUG] [mixin/]: createnuclear.neoforge.mixins.json:BaseFireBlockMixin from mod createnuclear->@Inject::CN$getState(Lnet/minecraft/world/level/BlockGetter;Lnet/minecraft/core/BlockPos;Lorg/spongepowered/asm/mixin/injection/callback/CallbackInfoReturnable;)V does use it's CallbackInfoReturnable
[21:26:50] [main/DEBUG] [mixin/]: Mixing accessor.StateHolderAccessor from create.mixins.json into net.minecraft.world.level.block.state.StateHolder
[21:26:50] [main/DEBUG] [mixin/]: Mixing LevelMixin from flywheel.impl.mixins.json into net.minecraft.world.level.Level
[21:26:50] [main/DEBUG] [mixin/]: Mixing ServerLevelMixin from createbigcannons.mixins.json into net.minecraft.server.level.ServerLevel
[21:26:50] [main/DEBUG] [mixin/]: createbigcannons.mixins.json:ServerLevelMixin from mod createbigcannons: Class version 65 required is higher than the class version supported by the current version of Mixin (JAVA_17 supports class version 61)
[21:26:50] [main/DEBUG] [mixin/]: Mixing accessor.ServerLevelAccessor from create.mixins.json into net.minecraft.server.level.ServerLevel
[21:26:50] [main/DEBUG] [mixin/]: Mixing CuttingBoardDispenserMixin from farmersdelight.mixins.json into net.minecraft.world.level.block.DispenserBlock
[21:26:50] [main/DEBUG] [mixin/]: Mixing accessor.DispenserBlockAccessor from create.mixins.json into net.minecraft.world.level.block.DispenserBlock
[21:26:50] [main/DEBUG] [mixin/]: farmersdelight.mixins.json:CuttingBoardDispenserMixin from mod farmersdelight->@Inject::onCuttingBoardDispenseFromInject(Lnet/minecraft/server/level/ServerLevel;Lnet/minecraft/world/level/block/state/BlockState;Lnet/minecraft/core/BlockPos;Lorg/spongepowered/asm/mixin/injection/callback/CallbackInfo;Lnet/minecraft/world/level/block/entity/DispenserBlockEntity;Lnet/minecraft/core/dispenser/BlockSource;ILnet/minecraft/world/item/ItemStack;)V does use it's CallbackInfo
[21:26:50] [main/DEBUG] [mixin/]: Mixing accessor.CropBlockAccessor from create.mixins.json into net.minecraft.world.level.block.CropBlock
[21:26:50] [main/DEBUG] [mixin/]: Mixing KeepRichSoilUntrampledMixin from farmersdelight.mixins.json into net.minecraft.world.level.block.FarmBlock
[21:26:50] [main/DEBUG] [mixin/]: farmersdelight.mixins.json:KeepRichSoilUntrampledMixin from mod farmersdelight->@Inject::turnToDirt(Lnet/minecraft/world/entity/Entity;Lnet/minecraft/world/level/block/state/BlockState;Lnet/minecraft/world/level/Level;Lnet/minecraft/core/BlockPos;Lorg/spongepowered/asm/mixin/injection/callback/CallbackInfo;)V does use it's CallbackInfo
[21:26:50] [main/DEBUG] [mixin/]: Mixing RopeFenceConnectionMixin from farmersdelight.mixins.json into net.minecraft.world.level.block.FenceBlock
[21:26:50] [main/DEBUG] [mixin/]: farmersdelight.mixins.json:RopeFenceConnectionMixin from mod farmersdelight->@Inject::denyConnectionToRopeFenceGate(Lnet/minecraft/world/level/block/state/BlockState;ZLnet/minecraft/core/Direction;Lorg/spongepowered/asm/mixin/injection/callback/CallbackInfoReturnable;)V does use it's CallbackInfoReturnable
[21:26:50] [main/DEBUG] [mixin/]: farmersdelight.mixins.json:RopeFenceConnectionMixin from mod farmersdelight->@Inject::denyConnectionToRopeFence(Lnet/minecraft/world/level/block/state/BlockState;Lorg/spongepowered/asm/mixin/injection/callback/CallbackInfoReturnable;)V does use it's CallbackInfoReturnable
[21:26:50] [main/DEBUG] [mixin/]: Mixing accessor.ConcretePowderBlockAccessor from create.mixins.json into net.minecraft.world.level.block.ConcretePowderBlock
[21:26:50] [main/DEBUG] [mixin/]: Mixing CampfireBaleMixin from farmersdelight.mixins.json into net.minecraft.world.level.block.CampfireBlock
[21:26:50] [main/DEBUG] [mixin/]: farmersdelight.mixins.json:CampfireBaleMixin from mod farmersdelight->@Inject::isFDSmokeSource(Lnet/minecraft/world/level/block/state/BlockState;Lorg/spongepowered/asm/mixin/injection/callback/CallbackInfoReturnable;)V does use it's CallbackInfoReturnable
[21:26:50] [main/DEBUG] [mixin/]: Mixing BeehiveBlockMixin from create.mixins.json into net.minecraft.world.level.block.BeehiveBlock
[21:26:50] [main/DEBUG] [mixin/]: Mixing WaterWheelFluidSpreadMixin from create.mixins.json into net.minecraft.world.level.material.FlowingFluid
[21:26:50] [main/DEBUG] [mixin/]: Mixing accessor.FlowingFluidAccessor from create.mixins.json into net.minecraft.world.level.material.FlowingFluid
[21:26:50] [main/DEBUG] [mixin/]: create.mixins.json:WaterWheelFluidSpreadMixin from mod create->@Inject::create$canPassThroughOnWaterWheel(Lnet/minecraft/world/level/BlockGetter;Lnet/minecraft/world/level/material/Fluid;Lnet/minecraft/core/BlockPos;Lnet/minecraft/world/level/block/state/BlockState;Lnet/minecraft/core/Direction;Lnet/minecraft/core/BlockPos;Lnet/minecraft/world/level/block/state/BlockState;Lnet/minecraft/world/level/material/FluidState;Lorg/spongepowered/asm/mixin/injection/callback/CallbackInfoReturnable;)V does use it's CallbackInfoReturnable
[21:26:50] [main/DEBUG] [mixin/]: Mixing KeepRichSoilTreeMixin from farmersdelight.mixins.json into net.minecraft.world.level.levelgen.feature.trunkplacers.TrunkPlacer
[21:26:50] [main/DEBUG] [mixin/]: Renaming synthetic method lambda$cancelSetDirtIfRichSoil$0(Lnet/minecraft/world/level/block/state/BlockState;)Z to mda37bb7$farmersdelight$lambda$cancelSetDirtIfRichSoil$0$0 in farmersdelight.mixins.json:KeepRichSoilTreeMixin from mod farmersdelight
[21:26:50] [main/DEBUG] [mixin/]: farmersdelight.mixins.json:KeepRichSoilTreeMixin from mod farmersdelight->@Inject::cancelSetDirtIfRichSoil(Lnet/minecraft/world/level/LevelSimulatedReader;Ljava/util/function/BiConsumer;Lnet/minecraft/util/RandomSource;Lnet/minecraft/core/BlockPos;Lnet/minecraft/world/level/levelgen/feature/configurations/TreeConfiguration;Lorg/spongepowered/asm/mixin/injection/callback/CallbackInfo;)V does use it's CallbackInfo
[21:26:50] [main/DEBUG] [mixin/]: Mixing accessor.FallingBlockEntityAccessor from create.mixins.json into net.minecraft.world.entity.item.FallingBlockEntity
[21:26:50] [main/DEBUG] [mixin/]: Renaming @Invoker method create$callInit(Lnet/minecraft/world/level/Level;DDDLnet/minecraft/world/level/block/state/BlockState;)Lnet/minecraft/world/entity/item/FallingBlockEntity; to callInit$create_$md$a37bb7$0 in create.mixins.json:accessor.FallingBlockEntityAccessor from mod create
[21:26:50] [main/DEBUG] [mixin/]: Mixing visualmanage.BlockEntityMixin from flywheel.impl.mixins.json into net.minecraft.world.level.block.entity.BlockEntity
[21:26:50] [main/DEBUG] [mixin/]: flywheel.impl.mixins.json:visualmanage.BlockEntityMixin from mod flywheel->@Inject::flywheel$removeVisual(Lorg/spongepowered/asm/mixin/injection/callback/CallbackInfo;)V doesn't use it's CallbackInfo
[21:26:50] [main/DEBUG] [mixin/]: flywheel.impl.mixins.json:visualmanage.BlockEntityMixin from mod flywheel->@Inject::flywheel$removeVisual(Lorg/spongepowered/asm/mixin/injection/callback/CallbackInfo;)V has 0 override(s) in child classes
[21:26:50] [main/DEBUG] [mixin/]: flywheel.impl.mixins.json:visualmanage.BlockEntityMixin from mod flywheel->@Inject::flywheel$removeVisual(Lorg/spongepowered/asm/mixin/injection/callback/CallbackInfo;)V won't be passed a CallbackInfo as a result
[21:26:51] [main/DEBUG] [mixin/]: Mixing accessor.MobEffectInstanceAccessor from create.mixins.json into net.minecraft.world.effect.MobEffectInstance
[21:26:51] [main/DEBUG] [mixin/]: Mixing MobMixin from create.mixins.json into net.minecraft.world.entity.Mob
[21:26:51] [main/DEBUG] [mixin/]: Mixing BlockEntityTypeMixin from flywheel.impl.mixins.json into net.minecraft.world.level.block.entity.BlockEntityType
[21:26:51] [main/DEBUG] [mixin/]: Mixing BlockEntityTypeAccessor from neoforge.mixins.json into net.minecraft.world.level.block.entity.BlockEntityType
[21:26:51] [main/DEBUG] [mixin/]: Mixing ItemStackMixin from create.mixins.json into net.minecraft.world.item.ItemStack
[21:26:51] [main/DEBUG] [mixin/]: Renaming synthetic method lambda$create$migrateOldClipboardComponents$0(Lcom/simibubi/create/content/equipment/clipboard/ClipboardContent;Lnet/minecraft/util/Unit;)Lcom/simibubi/create/content/equipment/clipboard/ClipboardContent; to mda37bb7$create$lambda$create$migrateOldClipboardComponents$0$0 in create.mixins.json:ItemStackMixin from mod create
[21:26:51] [main/DEBUG] [mixin/]: create.mixins.json:ItemStackMixin from mod create->@Inject::create$migrateOldClipboardComponents(Lnet/minecraft/world/level/ItemLike;ILnet/minecraft/core/component/PatchedDataComponentMap;Lorg/spongepowered/asm/mixin/injection/callback/CallbackInfo;)V doesn't use it's CallbackInfo
[21:26:51] [main/DEBUG] [mixin/]: Mixing SmithingMenuMixin from create.mixins.json into net.minecraft.world.inventory.SmithingMenu
[21:26:51] [main/DEBUG] [mixin/]: Renaming synthetic method lambda$create$preventUnbreakingOnBacktanks$0(Lnet/minecraft/world/item/ItemStack;Lnet/minecraft/core/Holder;)Z to mda37bb7$create$lambda$create$preventUnbreakingOnBacktanks$0$0 in create.mixins.json:SmithingMenuMixin from mod create
[21:26:51] [main/DEBUG] [mixin/]: create.mixins.json:SmithingMenuMixin from mod create->@Inject::create$awardAdvancementWhenTrimmingCardboardArmor(Lnet/minecraft/world/entity/player/Player;Lnet/minecraft/world/item/ItemStack;Lorg/spongepowered/asm/mixin/injection/callback/CallbackInfo;)V doesn't use it's CallbackInfo
[21:26:51] [main/DEBUG] [mixin/]: create.mixins.json:SmithingMenuMixin from mod create->@Inject::create$awardAdvancementWhenTrimmingCardboardArmor(Lnet/minecraft/world/entity/player/Player;Lnet/minecraft/world/item/ItemStack;Lorg/spongepowered/asm/mixin/injection/callback/CallbackInfo;)V has 0 override(s) in child classes
[21:26:51] [main/DEBUG] [mixin/]: create.mixins.json:SmithingMenuMixin from mod create->@Inject::create$awardAdvancementWhenTrimmingCardboardArmor(Lnet/minecraft/world/entity/player/Player;Lnet/minecraft/world/item/ItemStack;Lorg/spongepowered/asm/mixin/injection/callback/CallbackInfo;)V won't be passed a CallbackInfo as a result
[21:26:52] [main/DEBUG] [mixin/]: Mixing BlockItemMixin from create.mixins.json into net.minecraft.world.item.BlockItem
[21:26:52] [main/DEBUG] [mixin/]: create.mixins.json:BlockItemMixin from mod create->@Inject::create$fixDeployerPlacement(Lnet/minecraft/world/item/context/BlockPlaceContext;Lorg/spongepowered/asm/mixin/injection/callback/CallbackInfoReturnable;)V does use it's CallbackInfoReturnable
[21:26:52] [main/DEBUG] [mixin/]: Mixing ArmorTrimMixin from create.mixins.json into net.minecraft.world.item.armortrim.ArmorTrim
[21:26:52] [main/DEBUG] [mixin/]: Renaming synthetic method lambda$new$0(Ljava/lang/Boolean;Lnet/minecraft/core/Holder;)Lnet/minecraft/resources/ResourceLocation; to mda37bb7$create$lambda$new$0$0 in create.mixins.json:ArmorTrimMixin from mod create
[21:26:52] [main/DEBUG] [mixin/]: create.mixins.json:ArmorTrimMixin from mod create->@Inject::create$swapTexturesForCardboardTrimsInner(Lnet/minecraft/core/Holder;Lorg/spongepowered/asm/mixin/injection/callback/CallbackInfoReturnable;)V does use it's CallbackInfoReturnable
[21:26:52] [main/DEBUG] [mixin/]: create.mixins.json:ArmorTrimMixin from mod create->@Inject::create$swapTexturesForCardboardTrimsOuter(Lnet/minecraft/core/Holder;Lorg/spongepowered/asm/mixin/injection/callback/CallbackInfoReturnable;)V does use it's CallbackInfoReturnable
[21:26:52] [main/DEBUG] [mixin/]: Mixing visualmanage.LevelChunkMixin from flywheel.impl.mixins.json into net.minecraft.world.level.chunk.LevelChunk
[21:26:52] [main/DEBUG] [mixin/]: flywheel.impl.mixins.json:visualmanage.LevelChunkMixin from mod flywheel->@Inject::flywheel$onBlockEntityAdded(Lnet/minecraft/world/level/block/entity/BlockEntity;Lorg/spongepowered/asm/mixin/injection/callback/CallbackInfo;)V doesn't use it's CallbackInfo
[21:26:52] [main/DEBUG] [mixin/]: flywheel.impl.mixins.json:visualmanage.LevelChunkMixin from mod flywheel->@Inject::flywheel$onBlockEntityAdded(Lnet/minecraft/world/level/block/entity/BlockEntity;Lorg/spongepowered/asm/mixin/injection/callback/CallbackInfo;)V has 0 override(s) in child classes
[21:26:52] [main/DEBUG] [mixin/]: flywheel.impl.mixins.json:visualmanage.LevelChunkMixin from mod flywheel->@Inject::flywheel$onBlockEntityAdded(Lnet/minecraft/world/level/block/entity/BlockEntity;Lorg/spongepowered/asm/mixin/injection/callback/CallbackInfo;)V won't be passed a CallbackInfo as a result
[21:26:52] [main/DEBUG] [mixin/]: Mixing accessor.UseOnContextAccessor from create.mixins.json into net.minecraft.world.item.context.UseOnContext
[21:26:52] [main/DEBUG] [mixin/]: Mixing ExplosionMixin from createbigcannons.mixins.json into net.minecraft.world.level.Explosion
[21:26:52] [main/DEBUG] [mixin/]: createbigcannons.mixins.json:ExplosionMixin from mod createbigcannons: Class version 65 required is higher than the class version supported by the current version of Mixin (JAVA_17 supports class version 61)
[21:26:52] [main/DEBUG] [mixin/]: Mixing datafixer.BlockPosFormatAndRenamesFixMixin from create.mixins.json into net.minecraft.util.datafix.fixes.BlockPosFormatAndRenamesFix
[21:26:52] [main/DEBUG] [mixin/]: Renaming synthetic method lambda$create$addFixers$2(Lcom/mojang/datafixers/OpticFinder;Lcom/simibubi/create/foundation/utility/DataFixerHelper$BlockPosFixer;Lcom/mojang/datafixers/Typed;)Lcom/mojang/datafixers/Typed; to mda37bb7$create$lambda$create$addFixers$2$0 in create.mixins.json:datafixer.BlockPosFormatAndRenamesFixMixin from mod create
[21:26:52] [main/DEBUG] [mixin/]: Renaming synthetic method lambda$create$addFixers$1(Lcom/simibubi/create/foundation/utility/DataFixerHelper$BlockPosFixer;Lcom/mojang/datafixers/Typed;)Lcom/mojang/datafixers/Typed; to mda37bb7$create$lambda$create$addFixers$1$1 in create.mixins.json:datafixer.BlockPosFormatAndRenamesFixMixin from mod create
[21:26:52] [main/DEBUG] [mixin/]: Renaming synthetic method lambda$create$addFixers$0(Lcom/simibubi/create/foundation/utility/DataFixerHelper$BlockPosFixer;Lcom/mojang/serialization/Dynamic;)Lcom/mojang/serialization/Dynamic; to mda37bb7$create$lambda$create$addFixers$0$2 in create.mixins.json:datafixer.BlockPosFormatAndRenamesFixMixin from mod create
[21:26:52] [main/DEBUG] [mixin/]: create.mixins.json:datafixer.BlockPosFormatAndRenamesFixMixin from mod create->@Inject::create$addFixers(Lorg/spongepowered/asm/mixin/injection/callback/CallbackInfoReturnable;)V doesn't use it's CallbackInfoReturnable
[21:26:52] [main/DEBUG] [mixin/]: create.mixins.json:datafixer.BlockPosFormatAndRenamesFixMixin from mod create->@Inject::create$addFixers(Lorg/spongepowered/asm/mixin/injection/callback/CallbackInfoReturnable;)V has 0 override(s) in child classes
[21:26:52] [main/DEBUG] [mixin/]: create.mixins.json:datafixer.BlockPosFormatAndRenamesFixMixin from mod create->@Inject::create$addFixers(Lorg/spongepowered/asm/mixin/injection/callback/CallbackInfoReturnable;)V won't be passed a CallbackInfoReturnable as a result
[21:26:52] [main/DEBUG] [mixin/]: Mixing datafix.ItemStackComponentizationFixMixin from farmersdelight.mixins.json into net.minecraft.util.datafix.fixes.ItemStackComponentizationFix
[21:26:52] [main/DEBUG] [mixin/]: Renaming synthetic method lambda$fixCustomStacks$2(Lnet/minecraft/util/datafix/fixes/ItemStackComponentizationFix$ItemStackData;Lcom/mojang/serialization/Dynamic;)Lcom/mojang/serialization/Dynamic; to mda37bb7$farmersdelight$lambda$fixCustomStacks$2$0 in farmersdelight.mixins.json:datafix.ItemStackComponentizationFixMixin from mod farmersdelight
[21:26:52] [main/DEBUG] [mixin/]: Renaming synthetic method lambda$fixCustomStacks$1(Lcom/mojang/serialization/Dynamic;)Lcom/mojang/serialization/Dynamic; to mda37bb7$farmersdelight$lambda$fixCustomStacks$1$1 in farmersdelight.mixins.json:datafix.ItemStackComponentizationFixMixin from mod farmersdelight
[21:26:52] [main/DEBUG] [mixin/]: Renaming synthetic method lambda$fixCustomStacks$0(Lnet/minecraft/util/datafix/fixes/ItemStackComponentizationFix$ItemStackData;Lcom/mojang/serialization/Dynamic;)V to mda37bb7$farmersdelight$lambda$fixCustomStacks$0$2 in farmersdelight.mixins.json:datafix.ItemStackComponentizationFixMixin from mod farmersdelight
[21:26:52] [main/DEBUG] [mixin/]: Mixing datafixer.ItemStackComponentizationFixMixin from create.mixins.json into net.minecraft.util.datafix.fixes.ItemStackComponentizationFix
[21:26:52] [main/DEBUG] [mixin/]: Renaming synthetic method lambda$create$moveItemStackHandlerToItemContainerContents$4(Lcom/mojang/serialization/Dynamic;Lnet/minecraft/util/datafix/fixes/ItemStackComponentizationFix$ItemStackData;Ljava/lang/String;Lcom/mojang/serialization/Dynamic;)V to mda37bb7$create$lambda$create$moveItemStackHandlerToItemContainerContents$4$3 in create.mixins.json:datafixer.ItemStackComponentizationFixMixin from mod create
[21:26:52] [main/DEBUG] [mixin/]: Renaming synthetic method lambda$create$moveItemStackHandlerToItemContainerContents$3(Lcom/mojang/serialization/Dynamic;Ljava/util/List;Lcom/mojang/serialization/Dynamic;)V to mda37bb7$create$lambda$create$moveItemStackHandlerToItemContainerContents$3$4 in create.mixins.json:datafixer.ItemStackComponentizationFixMixin from mod create
[21:26:52] [main/DEBUG] [mixin/]: Renaming synthetic method lambda$create$moveTagToEnumComponent$2([Ljava/lang/Enum;Lnet/minecraft/util/datafix/fixes/ItemStackComponentizationFix$ItemStackData;Ljava/lang/String;Lcom/mojang/serialization/Dynamic;)V to mda37bb7$create$lambda$create$moveTagToEnumComponent$2$5 in create.mixins.json:datafixer.ItemStackComponentizationFixMixin from mod create
[21:26:52] [main/DEBUG] [mixin/]: Renaming synthetic method lambda$create$fixItemsAndTranslateNBTIntoComponents$1(Lnet/minecraft/util/datafix/fixes/ItemStackComponentizationFix$ItemStackData;Lcom/mojang/serialization/Dynamic;)V to mda37bb7$create$lambda$create$fixItemsAndTranslateNBTIntoComponents$1$6 in create.mixins.json:datafixer.ItemStackComponentizationFixMixin from mod create
[21:26:52] [main/DEBUG] [mixin/]: Renaming synthetic method lambda$create$fixItemsAndTranslateNBTIntoComponents$0(Lcom/mojang/serialization/Dynamic;Lnet/minecraft/util/datafix/fixes/ItemStackComponentizationFix$ItemStackData;Lcom/mojang/serialization/Dynamic;)V to mda37bb7$create$lambda$create$fixItemsAndTranslateNBTIntoComponents$0$7 in create.mixins.json:datafixer.ItemStackComponentizationFixMixin from mod create
[21:26:52] [main/DEBUG] [mixin/]: farmersdelight.mixins.json:datafix.ItemStackComponentizationFixMixin from mod farmersdelight->@Inject::fixCustomStacks(Lnet/minecraft/util/datafix/fixes/ItemStackComponentizationFix$ItemStackData;Lcom/mojang/serialization/Dynamic;Lorg/spongepowered/asm/mixin/injection/callback/CallbackInfo;)V doesn't use it's CallbackInfo
[21:26:52] [main/DEBUG] [mixin/]: create.mixins.json:datafixer.ItemStackComponentizationFixMixin from mod create->@Inject::create$fixItemsAndTranslateNBTIntoComponents(Lnet/minecraft/util/datafix/fixes/ItemStackComponentizationFix$ItemStackData;Lcom/mojang/serialization/Dynamic;Lorg/spongepowered/asm/mixin/injection/callback/CallbackInfo;)V doesn't use it's CallbackInfo
[21:26:53] [main/DEBUG] [mixin/]: Mixing datafix.V1460Mixin from farmersdelight.mixins.json into net.minecraft.util.datafix.schemas.V1460
[21:26:53] [main/DEBUG] [mixin/]: Renaming synthetic method lambda$farmersdelight$registerHandlerInventory$1(Lcom/mojang/datafixers/schemas/Schema;Ljava/lang/String;)Lcom/mojang/datafixers/types/templates/TypeTemplate; to mda37bb7$farmersdelight$lambda$farmersdelight$registerHandlerInventory$1$0 in farmersdelight.mixins.json:datafix.V1460Mixin from mod farmersdelight
[21:26:53] [main/DEBUG] [mixin/]: Renaming synthetic method lambda$registerFarmersDelightBlockEntities$0(Lcom/mojang/datafixers/schemas/Schema;Ljava/lang/String;)Lcom/mojang/datafixers/types/templates/TypeTemplate; to mda37bb7$farmersdelight$lambda$registerFarmersDelightBlockEntities$0$1 in farmersdelight.mixins.json:datafix.V1460Mixin from mod farmersdelight
[21:26:53] [main/DEBUG] [mixin/]: Mixing datafixer.V1460Mixin from create.mixins.json into net.minecraft.util.datafix.schemas.V1460
[21:26:53] [main/DEBUG] [mixin/]: farmersdelight.mixins.json:datafix.V1460Mixin from mod farmersdelight->@Inject::registerFarmersDelightBlockEntities(Lcom/mojang/datafixers/schemas/Schema;Lorg/spongepowered/asm/mixin/injection/callback/CallbackInfoReturnable;)V does use it's CallbackInfoReturnable
[21:26:53] [main/DEBUG] [mixin/]: create.mixins.json:datafixer.V1460Mixin from mod create->@Inject::create$registerEntitiesToBeFixed(Lcom/mojang/datafixers/schemas/Schema;Lorg/spongepowered/asm/mixin/injection/callback/CallbackInfoReturnable;)V does use it's CallbackInfoReturnable
[21:26:53] [main/DEBUG] [mixin/]: create.mixins.json:datafixer.V1460Mixin from mod create->@Inject::create$registerBlockEntitiesToBeFixed(Lcom/mojang/datafixers/schemas/Schema;Lorg/spongepowered/asm/mixin/injection/callback/CallbackInfoReturnable;)V does use it's CallbackInfoReturnable
[21:26:53] [main/DEBUG] [mixin/]: Mixing datafix.V3818_3Mixin from farmersdelight.mixins.json into net.minecraft.util.datafix.schemas.V3818_3
[21:26:53] [main/DEBUG] [mixin/]: Mixing accessor.MinecartFurnaceAccessor from create.mixins.json into net.minecraft.world.entity.vehicle.MinecartFurnace
[21:26:53] [main/DEBUG] [mixin/]: Mixing accessor.ItemFrameAccessor from create.mixins.json into net.minecraft.world.entity.decoration.ItemFrame
[21:26:54] [main/DEBUG] [mixin/]: Mixing accessor.ProjectileDispenseBehaviorAccessor from create.mixins.json into net.minecraft.core.dispenser.ProjectileDispenseBehavior
[21:26:54] [main/DEBUG] [mixin/]: Mixing accessor.ShapedRecipeAccessor from create.mixins.json into net.minecraft.world.item.crafting.ShapedRecipe
[21:26:54] [main/DEBUG] [mixin/]: Mixing VillagersTargetRichSoilMixin from farmersdelight.mixins.json into net.minecraft.world.entity.ai.sensing.SecondaryPoiSensor
[21:26:54] [main/DEBUG] [mixin/]: Mixing EnchantedCountIncreaseFunctionMixin from create.mixins.json into net.minecraft.world.level.storage.loot.functions.EnchantedCountIncreaseFunction
[21:26:54] [main/DEBUG] [mixin/]: create.mixins.json:EnchantedCountIncreaseFunctionMixin from mod create->@Inject::create$crushingWheelLooting(Lnet/minecraft/world/item/ItemStack;Lnet/minecraft/world/level/storage/loot/LootContext;Lorg/spongepowered/asm/mixin/injection/callback/CallbackInfoReturnable;)V doesn't use it's CallbackInfoReturnable
[21:26:54] [main/DEBUG] [mixin/]: create.mixins.json:EnchantedCountIncreaseFunctionMixin from mod create->@Inject::create$crushingWheelLooting(Lnet/minecraft/world/item/ItemStack;Lnet/minecraft/world/level/storage/loot/LootContext;Lorg/spongepowered/asm/mixin/injection/callback/CallbackInfoReturnable;)V has 0 override(s) in child classes
[21:26:54] [main/DEBUG] [mixin/]: create.mixins.json:EnchantedCountIncreaseFunctionMixin from mod create->@Inject::create$crushingWheelLooting(Lnet/minecraft/world/item/ItemStack;Lnet/minecraft/world/level/storage/loot/LootContext;Lorg/spongepowered/asm/mixin/injection/callback/CallbackInfoReturnable;)V won't be passed a CallbackInfoReturnable as a result
[21:26:54] [main/DEBUG] [mixin/]: Mixing KeepRichSoilGiantTreeMixin from farmersdelight.mixins.json into net.minecraft.world.level.levelgen.feature.Feature
[21:26:54] [main/DEBUG] [mixin/]: Renaming synthetic method lambda$keepRichSoil$0(Lnet/minecraft/world/level/block/state/BlockState;)Z to mda37bb7$farmersdelight$lambda$keepRichSoil$0$0 in farmersdelight.mixins.json:KeepRichSoilGiantTreeMixin from mod farmersdelight
[21:26:54] [main/DEBUG] [mixin/]: farmersdelight.mixins.json:KeepRichSoilGiantTreeMixin from mod farmersdelight->@Inject::keepRichSoil(Lnet/minecraft/world/level/LevelSimulatedReader;Lnet/minecraft/core/BlockPos;Lorg/spongepowered/asm/mixin/injection/callback/CallbackInfoReturnable;)V does use it's CallbackInfoReturnable
[21:26:54] [main/DEBUG] [ne.ne.ne.re.GameData/REGISTRIES]: Creating vanilla freeze snapshot
[21:26:54] [main/DEBUG] [ne.ne.ne.re.GameData/REGISTRIES]: Vanilla freeze snapshot created
[21:26:54] [main/DEBUG] [ne.ne.fm.ModWorkManager/LOADING]: Using 12 threads for parallel mod-loading
[21:26:54] [main/DEBUG] [ne.ne.fm.ja.FMLModContainer/LOADING]: Creating FMLModContainer instance for [vectorwing.farmersdelight.FarmersDelight]
[21:26:54] [main/DEBUG] [ne.ne.fm.ja.FMLModContainer/LOADING]: Creating FMLModContainer instance for [net.nuclearteam.createnuclear.CreateNuclear, net.nuclearteam.createnuclear.CreateNuclearClient]
[21:26:54] [main/DEBUG] [ne.ne.fm.ja.FMLModContainer/LOADING]: Creating FMLModContainer instance for [rbasamoyai.createbigcannons.CreateBigCannonsNeoForge, rbasamoyai.createbigcannons.CBCClientNeoForge]
[21:26:54] [main/DEBUG] [ne.ne.fm.ja.FMLModContainer/LOADING]: Creating FMLModContainer instance for [pro.mikey.xray.XRay]
[21:26:54] [main/DEBUG] [ne.ne.fm.ja.FMLModContainer/LOADING]: Creating FMLModContainer instance for [mezz.jei.neoforge.JustEnoughItems]
[21:26:54] [main/DEBUG] [ne.ne.fm.ja.FMLModContainer/LOADING]: Creating FMLModContainer instance for [com.tacz.guns.GunMod]
[21:26:54] [main/DEBUG] [ne.ne.fm.ja.FMLModContainer/LOADING]: Creating FMLModContainer instance for [mekanism.common.Mekanism, mekanism.client.MekanismClient]
[21:26:54] [main/DEBUG] [ne.ne.fm.ja.FMLModContainer/LOADING]: Creating FMLModContainer instance for [dev.engine_room.flywheel.impl.FlywheelNeoForge]
[21:26:54] [main/DEBUG] [ne.ne.fm.ja.FMLModContainer/LOADING]: Creating FMLModContainer instance for [net.createmod.ponder.NeoForgePonder, net.createmod.ponder.NeoForgePonderClient]
[21:26:54] [main/DEBUG] [ne.ne.fm.ja.FMLModContainer/LOADING]: Creating FMLModContainer instance for [com.simibubi.create.Create, com.simibubi.create.CreateClient]
[21:26:54] [main/DEBUG] [ne.ne.fm.ja.FMLModContainer/LOADING]: Creating FMLModContainer instance for [com.github.mcmodderanchor.simplebedrockmodel.SimpleBedrockModel]
[21:26:54] [main/DEBUG] [ne.ne.fm.ja.FMLModContainer/LOADING]: Creating FMLModContainer instance for [com.drmangotea.tfmg.TFMG, com.drmangotea.tfmg.TFMGClient]
[21:26:54] [main/DEBUG] [ne.ne.fm.ja.FMLModContainer/LOADING]: Creating FMLModContainer instance for [rbasamoyai.ritchiesprojectilelib.neoforge.RitchiesProjectileLibNeoForge]
[21:26:54] [main/DEBUG] [ne.ne.fm.ja.FMLModContainer/LOADING]: Creating FMLModContainer instance for [net.neoforged.neoforge.common.NeoForgeMod, net.neoforged.neoforge.client.ClientNeoForgeMod]
[21:26:54] [main/DEBUG] [ne.ne.fm.ja.FMLModContainer/LOADING]: Creating FMLModContainer instance for [com.mrh0.createaddition.CreateAddition]
[21:26:54] [main/DEBUG] [ne.ne.fm.ja.FMLModContainer/LOADING]: Creating FMLModContainer instance for [com.slepa01.catr.CatrMod, com.slepa01.catr.CatrClient]
[21:26:54] [modloading-worker-0/INFO] [ne.nu.cr.CreateNuclear/]: createnuclear 6.0.10 initializing! Commit hash: ac0c444d9828da3453ae8cc65338e8de063286fb
[21:26:54] [modloading-worker-0/DEBUG] [mixin/]: Mixing MinecraftMixin from flywheel.impl.mixins.json into net.minecraft.client.Minecraft
[21:26:54] [modloading-worker-0/DEBUG] [mixin/]: Mixing client.WindowResizeMixin from ponder-common.mixins.json into net.minecraft.client.Minecraft
[21:26:54] [modloading-worker-0/DEBUG] [mixin/]: ponder-common.mixins.json:client.WindowResizeMixin from mod ponder: Class version 65 required is higher than the class version supported by the current version of Mixin (JAVA_17 supports class version 61)
[21:26:54] [modloading-worker-0/DEBUG] [mixin/]: Mixing accessor.MinecraftAccessor from create.mixins.json into net.minecraft.client.Minecraft
[21:26:54] [modloading-worker-0/DEBUG] [ne.ne.fm.ja.AutomaticEventSubscriber/LOADING]: Attempting to inject @EventBusSubscriber classes into the eventbus for simplebedrockmodel
[21:26:54] [modloading-worker-0/DEBUG] [ne.ne.fm.ja.AutomaticEventSubscriber/LOADING]: Scanning class com.github.mcmodderanchor.simplebedrockmodel.v1.resource.ReloadListenersRegister$BedrockModelClientRegister for @SubscribeEvent-annotated methods
[21:26:54] [modloading-worker-0/DEBUG] [mixin/]: flywheel.impl.mixins.json:MinecraftMixin from mod flywheel->@Inject::flywheel$onBeginInitialResourceReload(Lorg/spongepowered/asm/mixin/injection/callback/CallbackInfo;)V doesn't use it's CallbackInfo
[21:26:54] [modloading-worker-0/DEBUG] [mixin/]: flywheel.impl.mixins.json:MinecraftMixin from mod flywheel->@Inject::flywheel$onBeginInitialResourceReload(Lorg/spongepowered/asm/mixin/injection/callback/CallbackInfo;)V has 0 override(s) in child classes
[21:26:54] [modloading-worker-0/DEBUG] [mixin/]: flywheel.impl.mixins.json:MinecraftMixin from mod flywheel->@Inject::flywheel$onBeginInitialResourceReload(Lorg/spongepowered/asm/mixin/injection/callback/CallbackInfo;)V won't be passed a CallbackInfo as a result
[21:26:54] [modloading-worker-0/DEBUG] [mixin/]: flywheel.impl.mixins.json:MinecraftMixin from mod flywheel->@Inject::flywheel$onEndInitialResourceReload(Ljava/lang/Object;Ljava/util/Optional;Lorg/spongepowered/asm/mixin/injection/callback/CallbackInfo;)V doesn't use it's CallbackInfo
[21:26:54] [modloading-worker-0/DEBUG] [mixin/]: flywheel.impl.mixins.json:MinecraftMixin from mod flywheel->@Inject::flywheel$onEndInitialResourceReload(Ljava/lang/Object;Ljava/util/Optional;Lorg/spongepowered/asm/mixin/injection/callback/CallbackInfo;)V has 0 override(s) in child classes
[21:26:54] [modloading-worker-0/DEBUG] [mixin/]: flywheel.impl.mixins.json:MinecraftMixin from mod flywheel->@Inject::flywheel$onEndInitialResourceReload(Ljava/lang/Object;Ljava/util/Optional;Lorg/spongepowered/asm/mixin/injection/callback/CallbackInfo;)V won't be passed a CallbackInfo as a result
[21:26:54] [modloading-worker-0/DEBUG] [mixin/]: flywheel.impl.mixins.json:MinecraftMixin from mod flywheel->@Inject::flywheel$onEndManualResourceReload(ZLjava/lang/Object;Ljava/util/concurrent/CompletableFuture;Ljava/util/Optional;Lorg/spongepowered/asm/mixin/injection/callback/CallbackInfo;)V doesn't use it's CallbackInfo
[21:26:54] [modloading-worker-0/DEBUG] [mixin/]: flywheel.impl.mixins.json:MinecraftMixin from mod flywheel->@Inject::flywheel$onEndManualResourceReload(ZLjava/lang/Object;Ljava/util/concurrent/CompletableFuture;Ljava/util/Optional;Lorg/spongepowered/asm/mixin/injection/callback/CallbackInfo;)V has 0 override(s) in child classes
[21:26:54] [modloading-worker-0/DEBUG] [mixin/]: flywheel.impl.mixins.json:MinecraftMixin from mod flywheel->@Inject::flywheel$onEndManualResourceReload(ZLjava/lang/Object;Ljava/util/concurrent/CompletableFuture;Ljava/util/Optional;Lorg/spongepowered/asm/mixin/injection/callback/CallbackInfo;)V won't be passed a CallbackInfo as a result
[21:26:54] [modloading-worker-0/DEBUG] [mixin/]: ponder-common.mixins.json:client.WindowResizeMixin from mod ponder->@Inject::catnip$updateWindowSize(Lorg/spongepowered/asm/mixin/injection/callback/CallbackInfo;)V doesn't use it's CallbackInfo
[21:26:54] [modloading-worker-0/DEBUG] [mixin/]: ponder-common.mixins.json:client.WindowResizeMixin from mod ponder->@Inject::catnip$updateWindowSize(Lorg/spongepowered/asm/mixin/injection/callback/CallbackInfo;)V has 0 override(s) in child classes
[21:26:54] [modloading-worker-0/DEBUG] [mixin/]: ponder-common.mixins.json:client.WindowResizeMixin from mod ponder->@Inject::catnip$updateWindowSize(Lorg/spongepowered/asm/mixin/injection/callback/CallbackInfo;)V won't be passed a CallbackInfo as a result
[21:26:54] [modloading-worker-0/DEBUG] [ne.ne.fm.ja.AutomaticEventSubscriber/]: Subscribing @EventBusSubscriber class Lcom/github/mcmodderanchor/simplebedrockmodel/v1/resource/ReloadListenersRegister$BedrockModelClientRegister; to the mod event bus of mod simplebedrockmodel
[21:26:54] [modloading-worker-0/DEBUG] [mixin/]: Mixing client.accessor.ScreenAccessor from ponder-common.mixins.json into net.minecraft.client.gui.screens.Screen
[21:26:54] [modloading-worker-0/DEBUG] [mixin/]: ponder-common.mixins.json:client.accessor.ScreenAccessor from mod ponder: Class version 65 required is higher than the class version supported by the current version of Mixin (JAVA_17 supports class version 61)
[21:26:54] [modloading-worker-0/DEBUG] [ne.ne.fm.ja.AutomaticEventSubscriber/LOADING]: Scanning class com.github.mcmodderanchor.simplebedrockmodel.v1.client.handler.FirstPersonRenderHandler for @SubscribeEvent-annotated methods
[21:26:54] [modloading-worker-0/INFO] [ne.nu.cr.CreateNuclear/]: Registering mod tags for createnuclear
[21:26:54] [modloading-worker-0/DEBUG] [mixin/]: Mixing compat.create.AllSoundEventsMixin from createbigcannons.mixins.json into com.simibubi.create.AllSoundEvents$SoundEntryBuilder
[21:26:54] [modloading-worker-0/DEBUG] [mixin/]: createbigcannons.mixins.json:compat.create.AllSoundEventsMixin from mod createbigcannons: Class version 65 required is higher than the class version supported by the current version of Mixin (JAVA_17 supports class version 61)
[21:26:54] [modloading-worker-0/DEBUG] [mixin/]: createbigcannons.mixins.json:compat.create.AllSoundEventsMixin from mod createbigcannons->@Inject::createbigcannons$build(Lorg/spongepowered/asm/mixin/injection/callback/CallbackInfoReturnable;)V does use it's CallbackInfoReturnable
[21:26:54] [modloading-worker-0/DEBUG] [mixin/]: Mixing CanvasSignEditScreenMixin from farmersdelight.mixins.json into net.minecraft.client.player.LocalPlayer
[21:26:54] [modloading-worker-0/DEBUG] [mixin/]: Mixing client.LocalPlayerMixin from tacz.mixins.json into net.minecraft.client.player.LocalPlayer
[21:26:54] [modloading-worker-0/DEBUG] [mixin/]: tacz.mixins.json:client.LocalPlayerMixin from mod tacz: Class version 65 required is higher than the class version supported by the current version of Mixin (JAVA_17 supports class version 61)
[21:26:54] [modloading-worker-0/DEBUG] [mixin/]: Mixing client.HeavyBootsOnPlayerMixin from create.mixins.json into net.minecraft.client.player.LocalPlayer
[21:26:54] [modloading-worker-0/DEBUG] [mixin/]: farmersdelight.mixins.json:CanvasSignEditScreenMixin from mod farmersdelight->@Inject::openCanvasSignEditScreen(Lnet/minecraft/world/level/block/entity/SignBlockEntity;ZLorg/spongepowered/asm/mixin/injection/callback/CallbackInfo;)V does use it's CallbackInfo
[21:26:54] [modloading-worker-0/DEBUG] [mixin/]: tacz.mixins.json:client.LocalPlayerMixin from mod tacz->@Inject::onTickClientSide(Lorg/spongepowered/asm/mixin/injection/callback/CallbackInfo;)V doesn't use it's CallbackInfo
[21:26:54] [modloading-worker-0/DEBUG] [mixin/]: tacz.mixins.json:client.LocalPlayerMixin from mod tacz->@Inject::onTickClientSide(Lorg/spongepowered/asm/mixin/injection/callback/CallbackInfo;)V has 0 override(s) in child classes
[21:26:54] [modloading-worker-0/DEBUG] [mixin/]: tacz.mixins.json:client.LocalPlayerMixin from mod tacz->@Inject::onTickClientSide(Lorg/spongepowered/asm/mixin/injection/callback/CallbackInfo;)V won't be passed a CallbackInfo as a result
[21:26:54] [modloading-worker-0/DEBUG] [mixin/]: tacz.mixins.json:client.LocalPlayerMixin from mod tacz->@Inject::onRespawn(Lorg/spongepowered/asm/mixin/injection/callback/CallbackInfo;)V doesn't use it's CallbackInfo
[21:26:54] [modloading-worker-0/DEBUG] [mixin/]: tacz.mixins.json:client.LocalPlayerMixin from mod tacz->@Inject::onRespawn(Lorg/spongepowered/asm/mixin/injection/callback/CallbackInfo;)V has 0 override(s) in child classes
[21:26:54] [modloading-worker-0/DEBUG] [mixin/]: tacz.mixins.json:client.LocalPlayerMixin from mod tacz->@Inject::onRespawn(Lorg/spongepowered/asm/mixin/injection/callback/CallbackInfo;)V won't be passed a CallbackInfo as a result
[21:26:54] [modloading-worker-0/DEBUG] [mixin/]: create.mixins.json:client.HeavyBootsOnPlayerMixin from mod create->@Inject::create$noSwimmingWithHeavyBootsOn(Lorg/spongepowered/asm/mixin/injection/callback/CallbackInfoReturnable;)V does use it's CallbackInfoReturnable
[21:26:54] [modloading-worker-0/DEBUG] [mixin/]: Mixing client.ClientLevelAccessor from createbigcannons.mixins.json into net.minecraft.client.multiplayer.ClientLevel
[21:26:54] [modloading-worker-0/DEBUG] [mixin/]: createbigcannons.mixins.json:client.ClientLevelAccessor from mod createbigcannons: Class version 65 required is higher than the class version supported by the current version of Mixin (JAVA_17 supports class version 61)
[21:26:54] [modloading-worker-0/DEBUG] [mixin/]: Mixing ClientDestroyBlockEvent from xray.mixins.json into net.minecraft.client.multiplayer.ClientLevel
[21:26:54] [modloading-worker-0/DEBUG] [mixin/]: xray.mixins.json:ClientDestroyBlockEvent from mod xray: Class version 65 required is higher than the class version supported by the current version of Mixin (JAVA_17 supports class version 61)
[21:26:54] [modloading-worker-0/DEBUG] [mixin/]: xray.mixins.json:ClientDestroyBlockEvent from mod xray->@Inject::onBlockDestroy(Lnet/minecraft/core/BlockPos;Lnet/minecraft/world/level/block/state/BlockState;IILorg/spongepowered/asm/mixin/injection/callback/CallbackInfoReturnable;)V does use it's CallbackInfoReturnable
[21:26:54] [modloading-worker-0/DEBUG] [mixin/]: xray.mixins.json:ClientDestroyBlockEvent from mod xray->@Inject::onBlockDestroy(Lnet/minecraft/core/BlockPos;Lnet/minecraft/world/level/block/state/BlockState;IILorg/spongepowered/asm/mixin/injection/callback/CallbackInfoReturnable;)V does use it's CallbackInfoReturnable
[21:26:54] [modloading-worker-0/DEBUG] [ne.ne.fm.co.ConfigTracker/CONFIG]: Config file tacz-pre.toml for tacz tracking
[21:26:54] [modloading-worker-0/DEBUG] [ne.ne.fm.co.ConfigTracker/CONFIG]: Config file jei-server.toml for jei tracking
[21:26:54] [modloading-worker-0/DEBUG] [mixin/]: Mixing AbstractClientPlayerAccessor from flywheel.backend.mixins.json into net.minecraft.client.player.AbstractClientPlayer
[21:26:54] [modloading-worker-0/DEBUG] [ne.ne.fm.co.ConfigTracker/CONFIG]: Config file ritchiesprojectilelib-server.toml for ritchiesprojectilelib tracking
[21:26:54] [modloading-worker-0/DEBUG] [ne.ne.fm.ja.AutomaticEventSubscriber/]: Subscribing @EventBusSubscriber class Lcom/github/mcmodderanchor/simplebedrockmodel/v1/client/handler/FirstPersonRenderHandler; to the game event bus
[21:26:54] [modloading-worker-0/DEBUG] [ne.ne.fm.ja.AutomaticEventSubscriber/LOADING]: Attempting to inject @EventBusSubscriber classes into the eventbus for ritchiesprojectilelib
[21:26:54] [modloading-worker-0/DEBUG] [ne.ne.fm.ja.AutomaticEventSubscriber/LOADING]: Scanning class rbasamoyai.ritchiesprojectilelib.network.neoforge.RPLNetworkImpl for @SubscribeEvent-annotated methods
[21:26:54] [modloading-worker-0/DEBUG] [ne.ne.fm.co.ConfigTracker/CONFIG]: Config file tacz-common.toml for tacz tracking
[21:26:54] [modloading-worker-0/DEBUG] [mixin/]: Mixing accessor.MinecraftServerAccessor from ponder-common.mixins.json into net.minecraft.server.MinecraftServer
[21:26:54] [modloading-worker-0/DEBUG] [mixin/]: ponder-common.mixins.json:accessor.MinecraftServerAccessor from mod ponder: Class version 65 required is higher than the class version supported by the current version of Mixin (JAVA_17 supports class version 61)
[21:26:54] [modloading-worker-0/DEBUG] [ne.ne.fm.ja.AutomaticEventSubscriber/LOADING]: Scanning class com.github.mcmodderanchor.simplebedrockmodel.v1.client.handler.FirstPersonArmorHandler for @SubscribeEvent-annotated methods
[21:26:54] [modloading-worker-0/DEBUG] [ne.ne.fm.co.ConfigTracker/CONFIG]: Config file flywheel-client.toml for flywheel tracking
[21:26:54] [modloading-worker-0/DEBUG] [ne.ne.fm.co.ConfigTracker/CONFIG]: Config file tacz-server.toml for tacz tracking
[21:26:54] [modloading-worker-0/DEBUG] [mixin/]: Mixing client.HumanoidPoseMixin from createbigcannons.mixins.json into net.minecraft.client.model.HumanoidModel
[21:26:54] [modloading-worker-0/DEBUG] [mixin/]: createbigcannons.mixins.json:client.HumanoidPoseMixin from mod createbigcannons: Class version 65 required is higher than the class version supported by the current version of Mixin (JAVA_17 supports class version 61)
[21:26:54] [modloading-worker-0/DEBUG] [mixin/]: Mixing client.HumanoidModelMixin from tacz.mixins.json into net.minecraft.client.model.HumanoidModel
[21:26:54] [modloading-worker-0/DEBUG] [mixin/]: tacz.mixins.json:client.HumanoidModelMixin from mod tacz: Class version 65 required is higher than the class version supported by the current version of Mixin (JAVA_17 supports class version 61)
[21:26:54] [modloading-worker-0/DEBUG] [mixin/]: Mixing client.HumanoidModelMixin from create.mixins.json into net.minecraft.client.model.HumanoidModel
[21:26:54] [modloading-worker-0/DEBUG] [mixin/]: tacz.mixins.json:client.HumanoidModelMixin from mod tacz->@Inject::setRotationAnglesHead(Lnet/minecraft/world/entity/LivingEntity;FFFFFLorg/spongepowered/asm/mixin/injection/callback/CallbackInfo;)V doesn't use it's CallbackInfo
[21:26:54] [modloading-worker-0/DEBUG] [mixin/]: tacz.mixins.json:client.HumanoidModelMixin from mod tacz->@Inject::setRotationAnglesHead(Lnet/minecraft/world/entity/LivingEntity;FFFFFLorg/spongepowered/asm/mixin/injection/callback/CallbackInfo;)V has 0 override(s) in child classes
[21:26:54] [modloading-worker-0/DEBUG] [mixin/]: tacz.mixins.json:client.HumanoidModelMixin from mod tacz->@Inject::setRotationAnglesHead(Lnet/minecraft/world/entity/LivingEntity;FFFFFLorg/spongepowered/asm/mixin/injection/callback/CallbackInfo;)V won't be passed a CallbackInfo as a result
[21:26:54] [modloading-worker-0/DEBUG] [mixin/]: create.mixins.json:client.HumanoidModelMixin from mod create->@Inject::create$afterSetupAnim(Lnet/minecraft/world/entity/LivingEntity;FFFFFLorg/spongepowered/asm/mixin/injection/callback/CallbackInfo;)V doesn't use it's CallbackInfo
[21:26:54] [modloading-worker-0/DEBUG] [mixin/]: create.mixins.json:client.HumanoidModelMixin from mod create->@Inject::create$afterSetupAnim(Lnet/minecraft/world/entity/LivingEntity;FFFFFLorg/spongepowered/asm/mixin/injection/callback/CallbackInfo;)V has 0 override(s) in child classes
[21:26:54] [modloading-worker-0/DEBUG] [mixin/]: create.mixins.json:client.HumanoidModelMixin from mod create->@Inject::create$afterSetupAnim(Lnet/minecraft/world/entity/LivingEntity;FFFFFLorg/spongepowered/asm/mixin/injection/callback/CallbackInfo;)V won't be passed a CallbackInfo as a result
[21:26:54] [modloading-worker-0/DEBUG] [mixin/]: create.mixins.json:client.HumanoidModelMixin from mod create->@Inject::create$afterSetupAnim(Lnet/minecraft/world/entity/LivingEntity;FFFFFLorg/spongepowered/asm/mixin/injection/callback/CallbackInfo;)V doesn't use it's CallbackInfo
[21:26:54] [modloading-worker-0/DEBUG] [mixin/]: create.mixins.json:client.HumanoidModelMixin from mod create->@Inject::create$afterSetupAnim(Lnet/minecraft/world/entity/LivingEntity;FFFFFLorg/spongepowered/asm/mixin/injection/callback/CallbackInfo;)V has 0 override(s) in child classes
[21:26:54] [modloading-worker-0/DEBUG] [mixin/]: create.mixins.json:client.HumanoidModelMixin from mod create->@Inject::create$afterSetupAnim(Lnet/minecraft/world/entity/LivingEntity;FFFFFLorg/spongepowered/asm/mixin/injection/callback/CallbackInfo;)V won't be passed a CallbackInfo as a result
[21:26:54] [modloading-worker-0/DEBUG] [mixin/]: create.mixins.json:client.HumanoidModelMixin from mod create->@Inject::create$beforeSetupAnim(Lnet/minecraft/world/entity/LivingEntity;FFFFFLorg/spongepowered/asm/mixin/injection/callback/CallbackInfo;)V doesn't use it's CallbackInfo
[21:26:54] [modloading-worker-0/DEBUG] [mixin/]: create.mixins.json:client.HumanoidModelMixin from mod create->@Inject::create$beforeSetupAnim(Lnet/minecraft/world/entity/LivingEntity;FFFFFLorg/spongepowered/asm/mixin/injection/callback/CallbackInfo;)V has 0 override(s) in child classes
[21:26:54] [modloading-worker-0/DEBUG] [mixin/]: create.mixins.json:client.HumanoidModelMixin from mod create->@Inject::create$beforeSetupAnim(Lnet/minecraft/world/entity/LivingEntity;FFFFFLorg/spongepowered/asm/mixin/injection/callback/CallbackInfo;)V won't be passed a CallbackInfo as a result
[21:26:54] [modloading-worker-0/DEBUG] [mixin/]: create.mixins.json:client.HumanoidModelMixin from mod create->@Inject::create$beforeSetupAnim(Lnet/minecraft/world/entity/LivingEntity;FFFFFLorg/spongepowered/asm/mixin/injection/callback/CallbackInfo;)V doesn't use it's CallbackInfo
[21:26:54] [modloading-worker-0/DEBUG] [mixin/]: create.mixins.json:client.HumanoidModelMixin from mod create->@Inject::create$beforeSetupAnim(Lnet/minecraft/world/entity/LivingEntity;FFFFFLorg/spongepowered/asm/mixin/injection/callback/CallbackInfo;)V has 0 override(s) in child classes
[21:26:54] [modloading-worker-0/DEBUG] [mixin/]: create.mixins.json:client.HumanoidModelMixin from mod create->@Inject::create$beforeSetupAnim(Lnet/minecraft/world/entity/LivingEntity;FFFFFLorg/spongepowered/asm/mixin/injection/callback/CallbackInfo;)V won't be passed a CallbackInfo as a result
[21:26:54] [modloading-worker-0/DEBUG] [ne.ne.ne.in.ve.ne.NeoForgeVersion/CORE]: Found NeoForge version 21.1.244
[21:26:54] [modloading-worker-0/DEBUG] [ne.ne.ne.in.ve.ne.NeoForgeVersion/CORE]: Found FML version 4.0.43
[21:26:54] [modloading-worker-0/INFO] [ne.ne.ne.co.NeoForgeMod/NEOFORGE-MOD]: NeoForge mod loading, version 21.1.244, for MC 1.21.1
[21:26:54] [modloading-worker-0/DEBUG] [mixin/]: Mixing accessor.AgeableListModelAccessor from create.mixins.json into net.minecraft.client.model.AgeableListModel
[21:26:54] [modloading-worker-0/DEBUG] [ne.ne.fm.ja.AutomaticEventSubscriber/]: Subscribing @EventBusSubscriber class Lrbasamoyai/ritchiesprojectilelib/network/neoforge/RPLNetworkImpl; to the mod event bus of mod ritchiesprojectilelib
[21:26:54] [modloading-worker-0/DEBUG] [ne.ne.fm.ja.AutomaticEventSubscriber/LOADING]: Scanning class rbasamoyai.ritchiesprojectilelib.neoforge.RPLNeoForgeClient for @SubscribeEvent-annotated methods
[21:26:54] [modloading-worker-0/DEBUG] [ne.ne.fm.co.ConfigTracker/CONFIG]: Config file tacz-client.toml for tacz tracking
[21:26:55] [modloading-worker-0/DEBUG] [ne.ne.fm.ja.AutomaticEventSubscriber/]: Subscribing @EventBusSubscriber class Lrbasamoyai/ritchiesprojectilelib/neoforge/RPLNeoForgeClient; to the game event bus
[21:26:55] [modloading-worker-0/DEBUG] [mixin/]: Mixing client.AbstractButtonMixin from tacz.mixins.json into net.minecraft.client.gui.components.AbstractButton
[21:26:55] [modloading-worker-0/DEBUG] [ne.ne.fm.ja.AutomaticEventSubscriber/]: Subscribing @EventBusSubscriber class Lcom/github/mcmodderanchor/simplebedrockmodel/v1/client/handler/FirstPersonArmorHandler; to the game event bus
[21:26:55] [modloading-worker-0/DEBUG] [mixin/]: tacz.mixins.json:client.AbstractButtonMixin from mod tacz: Class version 65 required is higher than the class version supported by the current version of Mixin (JAVA_17 supports class version 61)
[21:26:55] [modloading-worker-0/DEBUG] [ne.ne.fm.ja.AutomaticEventSubscriber/LOADING]: Scanning class com.github.mcmodderanchor.simplebedrockmodel.v1.client.handler.CameraEventHandler for @SubscribeEvent-annotated methods
[21:26:55] [modloading-worker-0/DEBUG] [mixin/]: tacz.mixins.json:client.AbstractButtonMixin from mod tacz->@Inject::onClickHead(DDLorg/spongepowered/asm/mixin/injection/callback/CallbackInfo;)V doesn't use it's CallbackInfo
[21:26:55] [modloading-worker-0/DEBUG] [mixin/]: tacz.mixins.json:client.AbstractButtonMixin from mod tacz->@Inject::onClickHead(DDLorg/spongepowered/asm/mixin/injection/callback/CallbackInfo;)V has 0 override(s) in child classes
[21:26:55] [modloading-worker-0/DEBUG] [mixin/]: tacz.mixins.json:client.AbstractButtonMixin from mod tacz->@Inject::onClickHead(DDLorg/spongepowered/asm/mixin/injection/callback/CallbackInfo;)V won't be passed a CallbackInfo as a result
[21:26:55] [modloading-worker-0/DEBUG] [ne.ne.fm.ja.AutomaticEventSubscriber/]: Subscribing @EventBusSubscriber class Lcom/github/mcmodderanchor/simplebedrockmodel/v1/client/handler/CameraEventHandler; to the game event bus
[21:26:55] [modloading-worker-0/DEBUG] [ne.ne.fm.ja.AutomaticEventSubscriber/LOADING]: Scanning class com.github.mcmodderanchor.simplebedrockmodel.v1.client.ClientSetupEvent for @SubscribeEvent-annotated methods
[21:26:55] [modloading-worker-0/DEBUG] [ne.ne.fm.ja.AutomaticEventSubscriber/]: Subscribing @EventBusSubscriber class Lcom/github/mcmodderanchor/simplebedrockmodel/v1/client/ClientSetupEvent; to the mod event bus of mod simplebedrockmodel
[21:26:55] [modloading-worker-0/DEBUG] [ne.ne.fm.co.ConfigTracker/CONFIG]: Config file farmersdelight-common.toml for farmersdelight tracking
[21:26:55] [modloading-worker-0/DEBUG] [ne.ne.fm.co.ConfigTracker/CONFIG]: Config file farmersdelight-client.toml for farmersdelight tracking
[21:26:55] [modloading-worker-0/DEBUG] [ne.ne.fm.co.ConfigTracker/CONFIG]: Config file neoforge-client.toml for neoforge tracking
[21:26:55] [modloading-worker-0/DEBUG] [ne.ne.fm.co.ConfigTracker/CONFIG]: Config file neoforge-server.toml for neoforge tracking
[21:26:55] [modloading-worker-0/DEBUG] [ne.ne.fm.co.ConfigTracker/CONFIG]: Config file neoforge-common.toml for neoforge tracking
[21:26:55] [modloading-worker-0/ERROR] [ne.ne.fm.ja.FMLModContainer/LOADING]: Failed to create mod instance. ModID: xray, class pro.mikey.xray.XRay
java.lang.ExceptionInInitializerError: null
        at TRANSFORMER/xray@21.0.1/pro.mikey.xray.ClientController.<clinit>(ClientController.java:30) ~[advanced-xray-neoforge-21.0.1-1.21.1-1.21.jar%23208!/:?] {re:classloading}
        at TRANSFORMER/xray@21.0.1/pro.mikey.xray.XRay.<init>(XRay.java:18) ~[advanced-xray-neoforge-21.0.1-1.21.1-1.21.jar%23208!/:?] {re:classloading}
        at java.base/jdk.internal.reflect.DirectConstructorHandleAccessor.newInstance(DirectConstructorHandleAccessor.java:62) ~[?:?] {}
        at java.base/java.lang.reflect.Constructor.newInstanceWithCaller(Constructor.java:502) ~[?:?] {}
        at java.base/java.lang.reflect.Constructor.newInstance(Constructor.java:486) ~[?:?] {}
        at MC-BOOTSTRAP/fml_loader@4.0.43/net.neoforged.fml.javafmlmod.FMLModContainer.constructMod(FMLModContainer.java:122) ~[loader-4.0.43.jar%23150!/:4.0] {}
        at MC-BOOTSTRAP/fml_loader@4.0.43/net.neoforged.fml.ModLoader.lambda$constructMods$3(ModLoader.java:153) ~[loader-4.0.43.jar%23150!/:4.0] {re:mixin}
        at MC-BOOTSTRAP/fml_loader@4.0.43/net.neoforged.fml.ModLoader.lambda$dispatchParallelTask$7(ModLoader.java:231) ~[loader-4.0.43.jar%23150!/:4.0] {re:mixin}
        at java.base/java.util.concurrent.CompletableFuture.uniHandle(CompletableFuture.java:934) [?:?] {re:mixin}
        at java.base/java.util.concurrent.CompletableFuture$UniHandle.tryFire(CompletableFuture.java:911) [?:?] {}
        at java.base/java.util.concurrent.CompletableFuture$Completion.exec(CompletableFuture.java:483) [?:?] {}
        at java.base/java.util.concurrent.ForkJoinTask.doExec(ForkJoinTask.java:387) [?:?] {}
        at java.base/java.util.concurrent.ForkJoinPool$WorkQueue.topLevelExec(ForkJoinPool.java:1312) [?:?] {}
        at java.base/java.util.concurrent.ForkJoinPool.scan(ForkJoinPool.java:1843) [?:?] {re:computing_frames}
        at java.base/java.util.concurrent.ForkJoinPool.runWorker(ForkJoinPool.java:1808) [?:?] {re:computing_frames}
        at java.base/java.util.concurrent.ForkJoinWorkerThread.run(ForkJoinWorkerThread.java:188) [?:?] {}
Caused by: java.lang.NullPointerException: Cannot read field "gameDirectory" because the return value of "net.minecraft.client.Minecraft.getInstance()" is null
        at TRANSFORMER/xray@21.0.1/pro.mikey.xray.store.DiscoveryStorage.<clinit>(DiscoveryStorage.java:30) ~[?:?] {re:classloading}
        ... 16 more
[21:26:55] [modloading-worker-0/DEBUG] [mixin/]: Mixing ContextAwareReloadListenerAccessor from createbigcannons.mixins.json into net.neoforged.neoforge.resource.ContextAwareReloadListener
[21:26:55] [modloading-worker-0/DEBUG] [mixin/]: createbigcannons.mixins.json:ContextAwareReloadListenerAccessor from mod createbigcannons: Class version 65 required is higher than the class version supported by the current version of Mixin (JAVA_17 supports class version 61)
[21:26:55] [modloading-worker-0/DEBUG] [mixin/]: Mixing accessor.BlockLootSubProviderAccessor from create.mixins.json into net.minecraft.data.loot.BlockLootSubProvider
[21:26:55] [modloading-worker-0/DEBUG] [mixin/]: Mixing client.CannonMountDisplaySourceMixin from createbigcannons.mixins.json into rbasamoyai.createbigcannons.cannon_control.cannon_mount.CannonMountDisplaySource
[21:26:55] [modloading-worker-0/DEBUG] [mixin/]: createbigcannons.mixins.json:client.CannonMountDisplaySourceMixin from mod createbigcannons: Class version 65 required is higher than the class version supported by the current version of Mixin (JAVA_17 supports class version 61)
[21:26:55] [modloading-worker-0/DEBUG] [mixin/]: Renaming synthetic method lambda$initConfigurationWidgets$0(Lcom/simibubi/create/foundation/gui/widget/SelectionScrollInput;Lcom/simibubi/create/foundation/gui/widget/Label;)V to mda37bb7$createbigcannons$lambda$initConfigurationWidgets$0$0 in createbigcannons.mixins.json:client.CannonMountDisplaySourceMixin from mod createbigcannons
[21:26:55] [modloading-worker-0/DEBUG] [ne.ne.fm.co.ConfigTracker/CONFIG]: Config file createaddition-common.toml for createaddition tracking
[21:26:55] [modloading-worker-0/DEBUG] [mixin/]: Mixing compat.create.rotation_propagation.KineticBlockAccessor from createbigcannons.mixins.json into com.simibubi.create.content.kinetics.base.KineticBlock
[21:26:55] [modloading-worker-0/DEBUG] [mixin/]: createbigcannons.mixins.json:compat.create.rotation_propagation.KineticBlockAccessor from mod createbigcannons: Class version 65 required is higher than the class version supported by the current version of Mixin (JAVA_17 supports class version 61)
[21:26:55] [modloading-worker-0/DEBUG] [mixin/]: Mixing client.accessor.RenderTypeAccessor from ponder-common.mixins.json into net.minecraft.client.renderer.RenderType
[21:26:55] [modloading-worker-0/DEBUG] [mixin/]: ponder-common.mixins.json:client.accessor.RenderTypeAccessor from mod ponder: Class version 65 required is higher than the class version supported by the current version of Mixin (JAVA_17 supports class version 61)
[21:26:55] [modloading-worker-0/DEBUG] [mixin/]: Renaming @Invoker method catnip$create(Ljava/lang/String;Lcom/mojang/blaze3d/vertex/VertexFormat;Lcom/mojang/blaze3d/vertex/VertexFormat$Mode;IZZLnet/minecraft/client/renderer/RenderType$CompositeState;)Lnet/minecraft/client/renderer/RenderType$CompositeRenderType; to catnip$create$ponder_$md$a37bb7$0 in ponder-common.mixins.json:client.accessor.RenderTypeAccessor from mod ponder
[21:26:55] [modloading-worker-0/DEBUG] [mixin/]: Mixing compat.create.rotation_propagation.KineticBlockEntityMixin from createbigcannons.mixins.json into com.simibubi.create.content.kinetics.base.KineticBlockEntity
[21:26:55] [modloading-worker-0/DEBUG] [me.je.co.pl.Services/]: Loaded mezz.jei.neoforge.platform.PlatformHelper@23376c5 for service interface mezz.jei.common.platform.IPlatformHelper
[21:26:55] [modloading-worker-0/DEBUG] [mixin/]: createbigcannons.mixins.json:compat.create.rotation_propagation.KineticBlockEntityMixin from mod createbigcannons: Class version 65 required is higher than the class version supported by the current version of Mixin (JAVA_17 supports class version 61)
[21:26:55] [modloading-worker-0/DEBUG] [mixin/]: Mixing client.GameRendererMixin from tacz.mixins.json into net.minecraft.client.renderer.GameRenderer
[21:26:55] [modloading-worker-0/DEBUG] [mixin/]: tacz.mixins.json:client.GameRendererMixin from mod tacz: Class version 65 required is higher than the class version supported by the current version of Mixin (JAVA_17 supports class version 61)
[21:26:55] [modloading-worker-0/DEBUG] [mixin/]: Mixing client.accessor.GameRendererAccessor from ponder-common.mixins.json into net.minecraft.client.renderer.GameRenderer
[21:26:55] [modloading-worker-0/DEBUG] [mixin/]: ponder-common.mixins.json:client.accessor.GameRendererAccessor from mod ponder: Class version 65 required is higher than the class version supported by the current version of Mixin (JAVA_17 supports class version 61)
[21:26:55] [modloading-worker-0/DEBUG] [mixin/]: Mixing client.GameRendererMixin from create.mixins.json into net.minecraft.client.renderer.GameRenderer
[21:26:55] [modloading-worker-0/DEBUG] [mixin/]: Mixing client.GameRendererMixin from simplebedrockmodel.mixins.json into net.minecraft.client.renderer.GameRenderer
[21:26:55] [modloading-worker-0/DEBUG] [mixin/]: simplebedrockmodel.mixins.json:client.GameRendererMixin from mod simplebedrockmodel: Class version 65 required is higher than the class version supported by the current version of Mixin (JAVA_8 supports class version 52)
[21:26:55] [modloading-worker-0/DEBUG] [mixin/]: tacz.mixins.json:client.GameRendererMixin from mod tacz->@Inject::onBobHurt(Lcom/mojang/blaze3d/vertex/PoseStack;FLorg/spongepowered/asm/mixin/injection/callback/CallbackInfo;)V does use it's CallbackInfo
[21:26:55] [modloading-worker-0/DEBUG] [mixin/]: tacz.mixins.json:client.GameRendererMixin from mod tacz->@Inject::onBobView(Lcom/mojang/blaze3d/vertex/PoseStack;FLorg/spongepowered/asm/mixin/injection/callback/CallbackInfo;)V does use it's CallbackInfo
[21:26:55] [modloading-worker-0/DEBUG] [mixin/]: tacz.mixins.json:client.GameRendererMixin from mod tacz->@Inject::switchRenderType(Lnet/minecraft/client/Camera;FZLorg/spongepowered/asm/mixin/injection/callback/CallbackInfoReturnable;)V doesn't use it's CallbackInfoReturnable
[21:26:55] [modloading-worker-0/DEBUG] [mixin/]: tacz.mixins.json:client.GameRendererMixin from mod tacz->@Inject::switchRenderType(Lnet/minecraft/client/Camera;FZLorg/spongepowered/asm/mixin/injection/callback/CallbackInfoReturnable;)V has 0 override(s) in child classes
[21:26:55] [modloading-worker-0/DEBUG] [mixin/]: tacz.mixins.json:client.GameRendererMixin from mod tacz->@Inject::switchRenderType(Lnet/minecraft/client/Camera;FZLorg/spongepowered/asm/mixin/injection/callback/CallbackInfoReturnable;)V won't be passed a CallbackInfoReturnable as a result
[21:26:55] [modloading-worker-0/DEBUG] [mixin/]: create.mixins.json:client.GameRendererMixin from mod create->@Inject::create$bigShapePick(Lorg/spongepowered/asm/mixin/injection/callback/CallbackInfo;)V doesn't use it's CallbackInfo
[21:26:55] [modloading-worker-0/DEBUG] [mixin/]: create.mixins.json:client.GameRendererMixin from mod create->@Inject::create$bigShapePick(Lorg/spongepowered/asm/mixin/injection/callback/CallbackInfo;)V has 0 override(s) in child classes
[21:26:55] [modloading-worker-0/DEBUG] [mixin/]: create.mixins.json:client.GameRendererMixin from mod create->@Inject::create$bigShapePick(Lorg/spongepowered/asm/mixin/injection/callback/CallbackInfo;)V won't be passed a CallbackInfo as a result
[21:26:55] [modloading-worker-0/DEBUG] [mixin/]: simplebedrockmodel.mixins.json:client.GameRendererMixin from mod simplebedrockmodel->@Inject::onBobHurt(Lcom/mojang/blaze3d/vertex/PoseStack;FLorg/spongepowered/asm/mixin/injection/callback/CallbackInfo;)V does use it's CallbackInfo
[21:26:55] [modloading-worker-0/DEBUG] [mixin/]: simplebedrockmodel.mixins.json:client.GameRendererMixin from mod simplebedrockmodel->@Inject::onBobView(Lcom/mojang/blaze3d/vertex/PoseStack;FLorg/spongepowered/asm/mixin/injection/callback/CallbackInfo;)V does use it's CallbackInfo
[21:26:55] [modloading-worker-0/DEBUG] [mixin/]: simplebedrockmodel.mixins.json:client.GameRendererMixin from mod simplebedrockmodel->@Inject::switchRenderType(Lnet/minecraft/client/Camera;FZLorg/spongepowered/asm/mixin/injection/callback/CallbackInfoReturnable;)V doesn't use it's CallbackInfoReturnable
[21:26:55] [modloading-worker-0/DEBUG] [mixin/]: simplebedrockmodel.mixins.json:client.GameRendererMixin from mod simplebedrockmodel->@Inject::switchRenderType(Lnet/minecraft/client/Camera;FZLorg/spongepowered/asm/mixin/injection/callback/CallbackInfoReturnable;)V has 0 override(s) in child classes
[21:26:55] [modloading-worker-0/DEBUG] [mixin/]: simplebedrockmodel.mixins.json:client.GameRendererMixin from mod simplebedrockmodel->@Inject::switchRenderType(Lnet/minecraft/client/Camera;FZLorg/spongepowered/asm/mixin/injection/callback/CallbackInfoReturnable;)V won't be passed a CallbackInfoReturnable as a result
[21:26:55] [modloading-worker-0/DEBUG] [ne.ne.fm.ja.AutomaticEventSubscriber/LOADING]: Attempting to inject @EventBusSubscriber classes into the eventbus for flywheel
[21:26:55] [modloading-worker-0/DEBUG] [ne.ne.fm.ja.AutomaticEventSubscriber/LOADING]: Attempting to inject @EventBusSubscriber classes into the eventbus for neoforge
[21:26:55] [modloading-worker-0/DEBUG] [ne.ne.fm.ja.AutomaticEventSubscriber/LOADING]: Scanning class net.neoforged.neoforge.server.command.ConfigCommand for @SubscribeEvent-annotated methods
[21:26:55] [modloading-worker-0/DEBUG] [ne.ne.fm.ja.AutomaticEventSubscriber/]: Subscribing @EventBusSubscriber class Lnet/neoforged/neoforge/server/command/ConfigCommand; to the game event bus
[21:26:55] [modloading-worker-0/DEBUG] [ne.ne.fm.ja.AutomaticEventSubscriber/LOADING]: Scanning class net.neoforged.neoforge.network.NetworkInitialization for @SubscribeEvent-annotated methods
[21:26:55] [modloading-worker-0/DEBUG] [ne.ne.fm.ja.AutomaticEventSubscriber/]: Subscribing @EventBusSubscriber class Lnet/neoforged/neoforge/network/NetworkInitialization; to the mod event bus of mod neoforge
[21:26:55] [modloading-worker-0/DEBUG] [ne.ne.fm.ja.AutomaticEventSubscriber/LOADING]: Scanning class net.neoforged.neoforge.network.filters.GenericPacketSplitter for @SubscribeEvent-annotated methods
[21:26:55] [modloading-worker-0/DEBUG] [me.je.co.co.fi.ConfigSerializer/]: Loading config file: D:\dow\mine2_catr\catrmodd\run\config\jei\jei-debug.ini
[21:26:55] [modloading-worker-0/DEBUG] [me.je.co.co.fi.ConfigSchema/]: Localization has not loaded yet, waiting to save the config file until JEI starts.
[21:26:55] [modloading-worker-0/DEBUG] [ne.ne.fm.co.ConfigTracker/CONFIG]: Config file ponder-client.toml for ponder tracking
[21:26:55] [modloading-worker-0/DEBUG] [ne.ne.fm.ja.AutomaticEventSubscriber/LOADING]: Attempting to inject @EventBusSubscriber classes into the eventbus for ponder
[21:26:55] [modloading-worker-0/DEBUG] [ne.ne.fm.ja.AutomaticEventSubscriber/LOADING]: Scanning class net.createmod.ponder.NeoForgePonderClient$ClientEvents for @SubscribeEvent-annotated methods
[21:26:55] [modloading-worker-0/DEBUG] [me.je.co.co.fi.ConfigSerializer/]: Loading config file: D:\dow\mine2_catr\catrmodd\run\config\jei\jei-mod-id-format.ini
[21:26:55] [modloading-worker-0/DEBUG] [me.je.co.co.fi.ConfigSchema/]: Localization has not loaded yet, waiting to save the config file until JEI starts.
[21:26:55] [modloading-worker-0/DEBUG] [ne.ne.fm.ja.AutomaticEventSubscriber/]: Subscribing @EventBusSubscriber class Lnet/createmod/ponder/NeoForgePonderClient$ClientEvents; to the game event bus
[21:26:55] [modloading-worker-0/DEBUG] [ne.ne.fm.ja.AutomaticEventSubscriber/LOADING]: Scanning class net.createmod.ponder.NeoForgePonder$ModBusEvents for @SubscribeEvent-annotated methods
[21:26:55] [modloading-worker-0/DEBUG] [ne.ne.fm.ja.AutomaticEventSubscriber/]: Subscribing @EventBusSubscriber class Lnet/createmod/ponder/NeoForgePonder$ModBusEvents; to the mod event bus of mod ponder
[21:26:55] [modloading-worker-0/DEBUG] [me.je.co.co.fi.ConfigSerializer/]: Loading config file: D:\dow\mine2_catr\catrmodd\run\config\jei\jei-colors.ini
[21:26:55] [modloading-worker-0/DEBUG] [ne.ne.fm.ja.AutomaticEventSubscriber/LOADING]: Scanning class net.createmod.ponder.NeoForgePonder$Events for @SubscribeEvent-annotated methods
[21:26:55] [modloading-worker-0/DEBUG] [ne.ne.fm.ja.AutomaticEventSubscriber/]: Subscribing @EventBusSubscriber class Lnet/createmod/ponder/NeoForgePonder$Events; to the game event bus
[21:26:55] [modloading-worker-0/DEBUG] [ne.ne.fm.ja.AutomaticEventSubscriber/LOADING]: Scanning class net.createmod.ponder.NeoForgePonderClient$ModBusClientEvents for @SubscribeEvent-annotated methods
[21:26:55] [modloading-worker-0/DEBUG] [me.je.co.co.fi.ConfigSchema/]: Localization has not loaded yet, waiting to save the config file until JEI starts.
[21:26:55] [modloading-worker-0/DEBUG] [ne.ne.fm.ja.AutomaticEventSubscriber/]: Subscribing @EventBusSubscriber class Lnet/createmod/ponder/NeoForgePonderClient$ModBusClientEvents; to the mod event bus of mod ponder
[21:26:55] [modloading-worker-0/INFO] [co.si.cr.Create/]: Create 6.0.10 initializing! Commit hash: ac0c444d9828da3453ae8cc65338e8de063286fb
[21:26:55] [modloading-worker-0/DEBUG] [me.je.co.co.fi.ConfigSerializer/]: Loading config file: D:\dow\mine2_catr\catrmodd\run\config\jei\jei-client.ini
[21:26:55] [modloading-worker-0/DEBUG] [me.je.co.co.fi.ConfigSchema/]: Localization has not loaded yet, waiting to save the config file until JEI starts.
[21:26:55] [modloading-worker-0/DEBUG] [io.ne.bu.AbstractByteBuf/]: -Dio.netty.buffer.checkAccessible: true
[21:26:55] [modloading-worker-0/DEBUG] [io.ne.bu.AbstractByteBuf/]: -Dio.netty.buffer.checkBounds: true
[21:26:55] [modloading-worker-0/DEBUG] [io.ne.ut.ResourceLeakDetectorFactory/]: Loaded default ResourceLeakDetector: io.netty.util.ResourceLeakDetector@781afb8d
[21:26:55] [modloading-worker-0/INFO] [me.je.li.lo.PluginCaller/]: Sending ConfigManager...
[21:26:55] [modloading-worker-0/DEBUG] [me.je.li.lo.PluginCallerTimerRunnable/]: Sending ConfigManager: jei:minecraft...
[21:26:55] [modloading-worker-0/DEBUG] [me.je.li.lo.PluginCallerTimerRunnable/]: Sending ConfigManager: farmersdelight:jei_plugin...
[21:26:55] [modloading-worker-0/DEBUG] [me.je.li.lo.PluginCallerTimerRunnable/]: Sending ConfigManager: createnuclear:jei_plugin...
[21:26:55] [modloading-worker-0/DEBUG] [me.je.li.lo.PluginCallerTimerRunnable/]: Sending ConfigManager: createbigcannons:jei_plugin...
[21:26:55] [modloading-worker-0/DEBUG] [me.je.li.lo.PluginCallerTimerRunnable/]: Sending ConfigManager: jei:neoforge_gui...
[21:26:55] [modloading-worker-0/DEBUG] [me.je.li.lo.PluginCallerTimerRunnable/]: Sending ConfigManager: jei:debug...
[21:26:55] [modloading-worker-0/DEBUG] [me.je.li.lo.PluginCallerTimerRunnable/]: Sending ConfigManager: jei:gui...
[21:26:55] [modloading-worker-0/DEBUG] [me.je.li.lo.PluginCallerTimerRunnable/]: Sending ConfigManager: tacz:jei...
[21:26:55] [modloading-worker-0/DEBUG] [me.je.li.lo.PluginCallerTimerRunnable/]: Sending ConfigManager: mekanism:jei_plugin...
[21:26:55] [modloading-worker-0/DEBUG] [me.je.li.lo.PluginCallerTimerRunnable/]: Sending ConfigManager: create:jei_plugin...
[21:26:55] [modloading-worker-0/DEBUG] [me.je.li.lo.PluginCallerTimerRunnable/]: Sending ConfigManager: tfmg:jei_plugin...
[21:26:55] [modloading-worker-0/DEBUG] [me.je.li.lo.PluginCallerTimerRunnable/]: Sending ConfigManager: createaddition:jei_plugin...
[21:26:55] [modloading-worker-0/DEBUG] [me.je.li.lo.PluginCallerTimerRunnable/]: Sending ConfigManager: jei:internal...
[21:26:55] [modloading-worker-0/INFO] [me.je.li.lo.PluginCaller/]: Sending ConfigManager took 5.275 milliseconds
[21:26:55] [modloading-worker-0/DEBUG] [ne.ne.fm.ja.AutomaticEventSubscriber/LOADING]: Attempting to inject @EventBusSubscriber classes into the eventbus for jei
[21:26:55] [modloading-worker-0/DEBUG] [io.ne.ut.in.InternalThreadLocalMap/]: -Dio.netty.threadLocalMap.stringBuilder.initialSize: 1024
[21:26:55] [modloading-worker-0/DEBUG] [io.ne.ut.in.InternalThreadLocalMap/]: -Dio.netty.threadLocalMap.stringBuilder.maxSize: 4096
[21:26:55] [modloading-worker-0/DEBUG] [io.ne.bu.PooledByteBufAllocator/]: -Dio.netty.allocator.numHeapArenas: 24
[21:26:55] [modloading-worker-0/DEBUG] [io.ne.bu.PooledByteBufAllocator/]: -Dio.netty.allocator.numDirectArenas: 24
[21:26:55] [modloading-worker-0/DEBUG] [io.ne.bu.PooledByteBufAllocator/]: -Dio.netty.allocator.pageSize: 8192
[21:26:55] [modloading-worker-0/DEBUG] [io.ne.bu.PooledByteBufAllocator/]: -Dio.netty.allocator.maxOrder: 9
[21:26:55] [modloading-worker-0/DEBUG] [io.ne.bu.PooledByteBufAllocator/]: -Dio.netty.allocator.chunkSize: 4194304
[21:26:55] [modloading-worker-0/DEBUG] [io.ne.bu.PooledByteBufAllocator/]: -Dio.netty.allocator.smallCacheSize: 256
[21:26:55] [modloading-worker-0/DEBUG] [io.ne.bu.PooledByteBufAllocator/]: -Dio.netty.allocator.normalCacheSize: 64
[21:26:55] [modloading-worker-0/DEBUG] [io.ne.bu.PooledByteBufAllocator/]: -Dio.netty.allocator.maxCachedBufferCapacity: 32768
[21:26:55] [modloading-worker-0/DEBUG] [io.ne.bu.PooledByteBufAllocator/]: -Dio.netty.allocator.cacheTrimInterval: 8192
[21:26:55] [modloading-worker-0/DEBUG] [io.ne.bu.PooledByteBufAllocator/]: -Dio.netty.allocator.cacheTrimIntervalMillis: 0
[21:26:55] [modloading-worker-0/DEBUG] [io.ne.bu.PooledByteBufAllocator/]: -Dio.netty.allocator.useCacheForAllThreads: false
[21:26:55] [modloading-worker-0/DEBUG] [io.ne.bu.PooledByteBufAllocator/]: -Dio.netty.allocator.maxCachedByteBuffersPerChunk: 1023
[21:26:55] [modloading-worker-0/DEBUG] [mixin/]: Mixing client.accessor.ItemRendererAccessor from ponder-common.mixins.json into net.minecraft.client.renderer.entity.ItemRenderer
[21:26:55] [modloading-worker-0/DEBUG] [mixin/]: ponder-common.mixins.json:client.accessor.ItemRendererAccessor from mod ponder: Class version 65 required is higher than the class version supported by the current version of Mixin (JAVA_17 supports class version 61)
[21:26:55] [modloading-worker-0/DEBUG] [io.ne.bu.ByteBufUtil/]: -Dio.netty.allocator.type: pooled
[21:26:55] [modloading-worker-0/DEBUG] [io.ne.bu.ByteBufUtil/]: -Dio.netty.threadLocalDirectBufferSize: 0
[21:26:55] [modloading-worker-0/DEBUG] [io.ne.bu.ByteBufUtil/]: -Dio.netty.maxThreadLocalCharBufferSize: 16384
[21:26:55] [modloading-worker-0/DEBUG] [ne.ne.fm.ja.AutomaticEventSubscriber/LOADING]: Attempting to inject @EventBusSubscriber classes into the eventbus for farmersdelight
[21:26:55] [modloading-worker-0/DEBUG] [ne.ne.fm.ja.AutomaticEventSubscriber/LOADING]: Scanning class vectorwing.farmersdelight.data.DataGenerators for @SubscribeEvent-annotated methods
[21:26:55] [modloading-worker-0/DEBUG] [ne.ne.fm.ja.AutomaticEventSubscriber/]: Subscribing @EventBusSubscriber class Lvectorwing/farmersdelight/data/DataGenerators; to the mod event bus of mod farmersdelight
[21:26:55] [modloading-worker-0/DEBUG] [ne.ne.fm.ja.AutomaticEventSubscriber/LOADING]: Scanning class vectorwing.farmersdelight.common.network.ModNetworking for @SubscribeEvent-annotated methods
[21:26:55] [modloading-worker-0/DEBUG] [ne.ne.fm.ja.AutomaticEventSubscriber/]: Subscribing @EventBusSubscriber class Lvectorwing/farmersdelight/common/network/ModNetworking; to the mod event bus of mod farmersdelight
[21:26:55] [modloading-worker-0/DEBUG] [ne.ne.fm.ja.AutomaticEventSubscriber/LOADING]: Scanning class vectorwing.farmersdelight.common.item.SkilletItem$SkilletEvents for @SubscribeEvent-annotated methods
[21:26:55] [modloading-worker-0/DEBUG] [ne.ne.fm.ja.AutomaticEventSubscriber/]: Subscribing @EventBusSubscriber class Lvectorwing/farmersdelight/common/item/SkilletItem$SkilletEvents; to the game event bus
[21:26:55] [modloading-worker-0/DEBUG] [ne.ne.fm.ja.AutomaticEventSubscriber/LOADING]: Scanning class vectorwing.farmersdelight.common.item.KnifeItem$KnifeEvents for @SubscribeEvent-annotated methods
[21:26:55] [modloading-worker-0/DEBUG] [ne.ne.fm.ja.AutomaticEventSubscriber/]: Subscribing @EventBusSubscriber class Lvectorwing/farmersdelight/common/item/KnifeItem$KnifeEvents; to the game event bus
[21:26:55] [modloading-worker-0/DEBUG] [ne.ne.fm.ja.AutomaticEventSubscriber/LOADING]: Scanning class vectorwing.farmersdelight.common.item.HorseFeedItem$HorseFeedEvent for @SubscribeEvent-annotated methods
[21:26:55] [modloading-worker-0/DEBUG] [ne.ne.fm.ja.AutomaticEventSubscriber/]: Subscribing @EventBusSubscriber class Lvectorwing/farmersdelight/common/item/HorseFeedItem$HorseFeedEvent; to the game event bus
[21:26:55] [modloading-worker-0/DEBUG] [ne.ne.fm.ja.AutomaticEventSubscriber/]: Subscribing @EventBusSubscriber class Lnet/neoforged/neoforge/network/filters/GenericPacketSplitter; to the mod event bus of mod neoforge
[21:26:55] [modloading-worker-0/DEBUG] [ne.ne.fm.ja.AutomaticEventSubscriber/LOADING]: Scanning class vectorwing.farmersdelight.common.item.enchantment.BackstabbingEnchantment$BackstabbingEvent for @SubscribeEvent-annotated methods
[21:26:55] [modloading-worker-0/DEBUG] [mixin/]: Mixing client.LevelRendererMixin from createbigcannons.mixins.json into net.minecraft.client.renderer.LevelRenderer
[21:26:55] [modloading-worker-0/DEBUG] [mixin/]: createbigcannons.mixins.json:client.LevelRendererMixin from mod createbigcannons: Class version 65 required is higher than the class version supported by the current version of Mixin (JAVA_17 supports class version 61)
[21:26:55] [modloading-worker-0/DEBUG] [ne.ne.fm.ja.AutomaticEventSubscriber/]: Subscribing @EventBusSubscriber class Lvectorwing/farmersdelight/common/item/enchantment/BackstabbingEnchantment$BackstabbingEvent; to the game event bus
[21:26:55] [modloading-worker-0/DEBUG] [ne.ne.fm.ja.AutomaticEventSubscriber/LOADING]: Scanning class vectorwing.farmersdelight.common.item.DogFoodItem$DogFoodEvent for @SubscribeEvent-annotated methods
[21:26:55] [modloading-worker-0/DEBUG] [ne.ne.fm.ja.AutomaticEventSubscriber/LOADING]: Scanning class net.neoforged.neoforge.network.ConfigurationInitialization for @SubscribeEvent-annotated methods
[21:26:55] [modloading-worker-0/DEBUG] [mixin/]: Mixing LevelRendererAccessor from flywheel.backend.mixins.json into net.minecraft.client.renderer.LevelRenderer
[21:26:55] [modloading-worker-0/DEBUG] [mixin/]: Mixing fix.FixFabulousDepthMixin from flywheel.impl.mixins.json into net.minecraft.client.renderer.LevelRenderer
[21:26:55] [modloading-worker-0/DEBUG] [mixin/]: Mixing visualmanage.LevelRendererMixin from flywheel.impl.mixins.json into net.minecraft.client.renderer.LevelRenderer
[21:26:55] [modloading-worker-0/DEBUG] [mixin/]: Mixing accessor.LevelRendererAccessor from create.mixins.json into net.minecraft.client.renderer.LevelRenderer
[21:26:55] [modloading-worker-0/DEBUG] [mixin/]: Mixing client.LevelRendererMixin from create.mixins.json into net.minecraft.client.renderer.LevelRenderer
[21:26:55] [modloading-worker-0/DEBUG] [mixin/]: Renaming synthetic method lambda$create$onDestroyBlockProgress$0(J)Ljava/util/SortedSet; to mda37bb7$create$lambda$create$onDestroyBlockProgress$0$0 in create.mixins.json:client.LevelRendererMixin from mod create
[21:26:55] [modloading-worker-0/DEBUG] [mixin/]: Mixing LevelRendererMixin from flywheel.impl.mixins.json into net.minecraft.client.renderer.LevelRenderer
[21:26:55] [modloading-worker-0/DEBUG] [mixin/]: flywheel.impl.mixins.json:fix.FixFabulousDepthMixin from mod flywheel->@Inject::flywheel$disableTransparencyShaderDepth(Lorg/spongepowered/asm/mixin/injection/callback/CallbackInfo;)V doesn't use it's CallbackInfo
[21:26:55] [modloading-worker-0/DEBUG] [mixin/]: flywheel.impl.mixins.json:fix.FixFabulousDepthMixin from mod flywheel->@Inject::flywheel$disableTransparencyShaderDepth(Lorg/spongepowered/asm/mixin/injection/callback/CallbackInfo;)V has 0 override(s) in child classes
[21:26:55] [modloading-worker-0/DEBUG] [mixin/]: flywheel.impl.mixins.json:fix.FixFabulousDepthMixin from mod flywheel->@Inject::flywheel$disableTransparencyShaderDepth(Lorg/spongepowered/asm/mixin/injection/callback/CallbackInfo;)V won't be passed a CallbackInfo as a result
[21:26:55] [modloading-worker-0/DEBUG] [mixin/]: flywheel.impl.mixins.json:visualmanage.LevelRendererMixin from mod flywheel->@Inject::flywheel$checkUpdate(Lnet/minecraft/core/BlockPos;Lnet/minecraft/world/level/block/state/BlockState;Lnet/minecraft/world/level/block/state/BlockState;Lorg/spongepowered/asm/mixin/injection/callback/CallbackInfo;)V doesn't use it's CallbackInfo
[21:26:55] [modloading-worker-0/DEBUG] [mixin/]: flywheel.impl.mixins.json:visualmanage.LevelRendererMixin from mod flywheel->@Inject::flywheel$checkUpdate(Lnet/minecraft/core/BlockPos;Lnet/minecraft/world/level/block/state/BlockState;Lnet/minecraft/world/level/block/state/BlockState;Lorg/spongepowered/asm/mixin/injection/callback/CallbackInfo;)V has 0 override(s) in child classes
[21:26:55] [modloading-worker-0/DEBUG] [mixin/]: flywheel.impl.mixins.json:visualmanage.LevelRendererMixin from mod flywheel->@Inject::flywheel$checkUpdate(Lnet/minecraft/core/BlockPos;Lnet/minecraft/world/level/block/state/BlockState;Lnet/minecraft/world/level/block/state/BlockState;Lorg/spongepowered/asm/mixin/injection/callback/CallbackInfo;)V won't be passed a CallbackInfo as a result
[21:26:55] [modloading-worker-0/DEBUG] [mixin/]: create.mixins.json:client.LevelRendererMixin from mod create->@Inject::create$onDestroyBlockProgress(ILnet/minecraft/core/BlockPos;ILorg/spongepowered/asm/mixin/injection/callback/CallbackInfo;Lnet/minecraft/server/level/BlockDestructionProgress;)V doesn't use it's CallbackInfo
[21:26:55] [modloading-worker-0/DEBUG] [mixin/]: create.mixins.json:client.LevelRendererMixin from mod create->@Inject::create$onDestroyBlockProgress(ILnet/minecraft/core/BlockPos;ILorg/spongepowered/asm/mixin/injection/callback/CallbackInfo;Lnet/minecraft/server/level/BlockDestructionProgress;)V has 0 override(s) in child classes
[21:26:55] [modloading-worker-0/DEBUG] [mixin/]: create.mixins.json:client.LevelRendererMixin from mod create->@Inject::create$onDestroyBlockProgress(ILnet/minecraft/core/BlockPos;ILorg/spongepowered/asm/mixin/injection/callback/CallbackInfo;Lnet/minecraft/server/level/BlockDestructionProgress;)V won't be passed a CallbackInfo as a result
[21:26:55] [modloading-worker-0/DEBUG] [mixin/]: create.mixins.json:client.LevelRendererMixin from mod create->@Inject::create$onRemoveProgress(Lnet/minecraft/server/level/BlockDestructionProgress;Lorg/spongepowered/asm/mixin/injection/callback/CallbackInfo;)V doesn't use it's CallbackInfo
[21:26:55] [modloading-worker-0/DEBUG] [mixin/]: create.mixins.json:client.LevelRendererMixin from mod create->@Inject::create$onRemoveProgress(Lnet/minecraft/server/level/BlockDestructionProgress;Lorg/spongepowered/asm/mixin/injection/callback/CallbackInfo;)V has 0 override(s) in child classes
[21:26:55] [modloading-worker-0/DEBUG] [mixin/]: create.mixins.json:client.LevelRendererMixin from mod create->@Inject::create$onRemoveProgress(Lnet/minecraft/server/level/BlockDestructionProgress;Lorg/spongepowered/asm/mixin/injection/callback/CallbackInfo;)V won't be passed a CallbackInfo as a result
[21:26:55] [modloading-worker-0/DEBUG] [mixin/]: flywheel.impl.mixins.json:LevelRendererMixin from mod flywheel->@Inject::flywheel$beginRender(Lnet/minecraft/client/DeltaTracker;ZLnet/minecraft/client/Camera;Lnet/minecraft/client/renderer/GameRenderer;Lnet/minecraft/client/renderer/LightTexture;Lorg/joml/Matrix4f;Lorg/joml/Matrix4f;Lorg/spongepowered/asm/mixin/injection/callback/CallbackInfo;)V doesn't use it's CallbackInfo
[21:26:55] [modloading-worker-0/DEBUG] [mixin/]: flywheel.impl.mixins.json:LevelRendererMixin from mod flywheel->@Inject::flywheel$beginRender(Lnet/minecraft/client/DeltaTracker;ZLnet/minecraft/client/Camera;Lnet/minecraft/client/renderer/GameRenderer;Lnet/minecraft/client/renderer/LightTexture;Lorg/joml/Matrix4f;Lorg/joml/Matrix4f;Lorg/spongepowered/asm/mixin/injection/callback/CallbackInfo;)V has 0 override(s) in child classes
[21:26:55] [modloading-worker-0/DEBUG] [mixin/]: flywheel.impl.mixins.json:LevelRendererMixin from mod flywheel->@Inject::flywheel$beginRender(Lnet/minecraft/client/DeltaTracker;ZLnet/minecraft/client/Camera;Lnet/minecraft/client/renderer/GameRenderer;Lnet/minecraft/client/renderer/LightTexture;Lorg/joml/Matrix4f;Lorg/joml/Matrix4f;Lorg/spongepowered/asm/mixin/injection/callback/CallbackInfo;)V won't be passed a CallbackInfo as a result
[21:26:55] [modloading-worker-0/DEBUG] [mixin/]: flywheel.impl.mixins.json:LevelRendererMixin from mod flywheel->@Inject::flywheel$endRender(Lorg/spongepowered/asm/mixin/injection/callback/CallbackInfo;)V doesn't use it's CallbackInfo
[21:26:55] [modloading-worker-0/DEBUG] [mixin/]: flywheel.impl.mixins.json:LevelRendererMixin from mod flywheel->@Inject::flywheel$endRender(Lorg/spongepowered/asm/mixin/injection/callback/CallbackInfo;)V has 0 override(s) in child classes
[21:26:55] [modloading-worker-0/DEBUG] [mixin/]: flywheel.impl.mixins.json:LevelRendererMixin from mod flywheel->@Inject::flywheel$endRender(Lorg/spongepowered/asm/mixin/injection/callback/CallbackInfo;)V won't be passed a CallbackInfo as a result
[21:26:55] [modloading-worker-0/DEBUG] [mixin/]: flywheel.impl.mixins.json:LevelRendererMixin from mod flywheel->@Inject::flywheel$reload(Lorg/spongepowered/asm/mixin/injection/callback/CallbackInfo;)V doesn't use it's CallbackInfo
[21:26:55] [modloading-worker-0/DEBUG] [mixin/]: flywheel.impl.mixins.json:LevelRendererMixin from mod flywheel->@Inject::flywheel$reload(Lorg/spongepowered/asm/mixin/injection/callback/CallbackInfo;)V has 0 override(s) in child classes
[21:26:55] [modloading-worker-0/DEBUG] [mixin/]: flywheel.impl.mixins.json:LevelRendererMixin from mod flywheel->@Inject::flywheel$reload(Lorg/spongepowered/asm/mixin/injection/callback/CallbackInfo;)V won't be passed a CallbackInfo as a result
[21:26:55] [modloading-worker-0/DEBUG] [mixin/]: flywheel.impl.mixins.json:LevelRendererMixin from mod flywheel->@Inject::flywheel$beforeBlockEntities(Lorg/spongepowered/asm/mixin/injection/callback/CallbackInfo;)V doesn't use it's CallbackInfo
[21:26:55] [modloading-worker-0/DEBUG] [mixin/]: flywheel.impl.mixins.json:LevelRendererMixin from mod flywheel->@Inject::flywheel$beforeBlockEntities(Lorg/spongepowered/asm/mixin/injection/callback/CallbackInfo;)V has 0 override(s) in child classes
[21:26:55] [modloading-worker-0/DEBUG] [mixin/]: flywheel.impl.mixins.json:LevelRendererMixin from mod flywheel->@Inject::flywheel$beforeBlockEntities(Lorg/spongepowered/asm/mixin/injection/callback/CallbackInfo;)V won't be passed a CallbackInfo as a result
[21:26:55] [modloading-worker-0/DEBUG] [mixin/]: flywheel.impl.mixins.json:LevelRendererMixin from mod flywheel->@Inject::flywheel$beforeRenderCrumbling(Lorg/spongepowered/asm/mixin/injection/callback/CallbackInfo;)V doesn't use it's CallbackInfo
[21:26:55] [modloading-worker-0/DEBUG] [mixin/]: flywheel.impl.mixins.json:LevelRendererMixin from mod flywheel->@Inject::flywheel$beforeRenderCrumbling(Lorg/spongepowered/asm/mixin/injection/callback/CallbackInfo;)V has 0 override(s) in child classes
[21:26:55] [modloading-worker-0/DEBUG] [mixin/]: flywheel.impl.mixins.json:LevelRendererMixin from mod flywheel->@Inject::flywheel$beforeRenderCrumbling(Lorg/spongepowered/asm/mixin/injection/callback/CallbackInfo;)V won't be passed a CallbackInfo as a result
[21:26:55] [modloading-worker-0/DEBUG] [mixin/]: flywheel.impl.mixins.json:LevelRendererMixin from mod flywheel->@Inject::flywheel$decideNotToRenderEntity(Lnet/minecraft/world/entity/Entity;DDDFLcom/mojang/blaze3d/vertex/PoseStack;Lnet/minecraft/client/renderer/MultiBufferSource;Lorg/spongepowered/asm/mixin/injection/callback/CallbackInfo;)V does use it's CallbackInfo
[21:26:55] [modloading-worker-0/DEBUG] [ne.ne.fm.ja.AutomaticEventSubscriber/]: Subscribing @EventBusSubscriber class Lvectorwing/farmersdelight/common/item/DogFoodItem$DogFoodEvent; to the game event bus
[21:26:55] [modloading-worker-0/DEBUG] [ne.ne.fm.ja.AutomaticEventSubscriber/LOADING]: Scanning class vectorwing.farmersdelight.common.event.VillagerEvents for @SubscribeEvent-annotated methods
[21:26:55] [modloading-worker-0/DEBUG] [ne.ne.fm.ja.AutomaticEventSubscriber/]: Subscribing @EventBusSubscriber class Lvectorwing/farmersdelight/common/event/VillagerEvents; to the game event bus
[21:26:55] [modloading-worker-0/DEBUG] [ne.ne.fm.ja.AutomaticEventSubscriber/LOADING]: Scanning class vectorwing.farmersdelight.common.event.CommonModBusEvents for @SubscribeEvent-annotated methods
[21:26:55] [modloading-worker-0/DEBUG] [ne.ne.fm.ja.AutomaticEventSubscriber/LOADING]: Attempting to inject @EventBusSubscriber classes into the eventbus for tacz
[21:26:55] [modloading-worker-0/DEBUG] [ne.ne.fm.ja.AutomaticEventSubscriber/LOADING]: Scanning class com.tacz.guns.resource.CommonAssetsManager for @SubscribeEvent-annotated methods
[21:26:55] [modloading-worker-0/DEBUG] [ne.ne.fm.ja.AutomaticEventSubscriber/]: Subscribing @EventBusSubscriber class Lnet/neoforged/neoforge/network/ConfigurationInitialization; to the mod event bus of mod neoforge
[21:26:55] [modloading-worker-0/DEBUG] [ne.ne.fm.ja.AutomaticEventSubscriber/]: Subscribing @EventBusSubscriber class Lvectorwing/farmersdelight/common/event/CommonModBusEvents; to the mod event bus of mod farmersdelight
[21:26:55] [modloading-worker-0/DEBUG] [ne.ne.fm.ja.AutomaticEventSubscriber/LOADING]: Scanning class net.neoforged.neoforge.common.MonsterRoomHooks for @SubscribeEvent-annotated methods
[21:26:55] [modloading-worker-0/DEBUG] [ne.ne.fm.ja.AutomaticEventSubscriber/LOADING]: Scanning class vectorwing.farmersdelight.common.event.CommonEvents for @SubscribeEvent-annotated methods
[21:26:55] [modloading-worker-0/DEBUG] [ne.ne.fm.ja.AutomaticEventSubscriber/]: Subscribing @EventBusSubscriber class Lnet/neoforged/neoforge/common/MonsterRoomHooks; to the game event bus
[21:26:55] [modloading-worker-0/DEBUG] [ne.ne.fm.ja.AutomaticEventSubscriber/]: Subscribing @EventBusSubscriber class Lvectorwing/farmersdelight/common/event/CommonEvents; to the game event bus
[21:26:55] [modloading-worker-0/DEBUG] [ne.ne.fm.ja.AutomaticEventSubscriber/LOADING]: Scanning class net.neoforged.neoforge.common.DeferredSpawnEggItem$CommonHandler for @SubscribeEvent-annotated methods
[21:26:55] [modloading-worker-0/DEBUG] [ne.ne.fm.ja.AutomaticEventSubscriber/LOADING]: Scanning class vectorwing.farmersdelight.common.block.entity.CuttingBoardBlockEntity for @SubscribeEvent-annotated methods
[21:26:55] [modloading-worker-0/DEBUG] [ne.ne.fm.ja.AutomaticEventSubscriber/]: Subscribing @EventBusSubscriber class Lnet/neoforged/neoforge/common/DeferredSpawnEggItem$CommonHandler; to the mod event bus of mod neoforge
[21:26:55] [modloading-worker-0/DEBUG] [ne.ne.fm.ja.AutomaticEventSubscriber/LOADING]: Scanning class net.neoforged.neoforge.common.DeferredSpawnEggItem$ColorRegisterHandler for @SubscribeEvent-annotated methods
[21:26:55] [modloading-worker-0/DEBUG] [ne.ne.fm.ja.AutomaticEventSubscriber/]: Subscribing @EventBusSubscriber class Lnet/neoforged/neoforge/common/DeferredSpawnEggItem$ColorRegisterHandler; to the mod event bus of mod neoforge
[21:26:55] [modloading-worker-0/DEBUG] [mixin/]: Mixing accessor.ItemStackHandlerAccessor from create.mixins.json into net.neoforged.neoforge.items.ItemStackHandler
[21:26:55] [modloading-worker-0/DEBUG] [ne.ne.fm.ja.AutomaticEventSubscriber/LOADING]: Scanning class net.neoforged.neoforge.client.ParticleBoundsDebugRenderer for @SubscribeEvent-annotated methods
[21:26:55] [modloading-worker-0/DEBUG] [mixin/]: Mixing PoseStackAccessor from flywheel.impl.mixins.json into com.mojang.blaze3d.vertex.PoseStack
[21:26:55] [modloading-worker-0/DEBUG] [mixin/]: Mixing PoseStackMixin from flywheel.impl.mixins.json into com.mojang.blaze3d.vertex.PoseStack
[21:26:55] [modloading-worker-0/DEBUG] [ne.ne.fm.ja.AutomaticEventSubscriber/]: Subscribing @EventBusSubscriber class Lvectorwing/farmersdelight/common/block/entity/CuttingBoardBlockEntity; to the mod event bus of mod farmersdelight
[21:26:55] [modloading-worker-0/DEBUG] [ne.ne.fm.ja.AutomaticEventSubscriber/LOADING]: Scanning class vectorwing.farmersdelight.common.block.entity.CookingPotBlockEntity for @SubscribeEvent-annotated methods
[21:26:55] [modloading-worker-0/DEBUG] [ne.ne.fm.ja.AutomaticEventSubscriber/]: Subscribing @EventBusSubscriber class Lnet/neoforged/neoforge/client/ParticleBoundsDebugRenderer; to the game event bus
[21:26:55] [modloading-worker-0/DEBUG] [ne.ne.fm.ja.AutomaticEventSubscriber/LOADING]: Scanning class net.neoforged.neoforge.client.model.data.ModelDataManager for @SubscribeEvent-annotated methods
[21:26:55] [modloading-worker-0/DEBUG] [ne.ne.fm.ja.AutomaticEventSubscriber/]: Subscribing @EventBusSubscriber class Lcom/tacz/guns/resource/CommonAssetsManager; to the game event bus
[21:26:55] [modloading-worker-0/DEBUG] [ne.ne.fm.ja.AutomaticEventSubscriber/]: Subscribing @EventBusSubscriber class Lvectorwing/farmersdelight/common/block/entity/CookingPotBlockEntity; to the mod event bus of mod farmersdelight
[21:26:55] [modloading-worker-0/DEBUG] [ne.ne.fm.ja.AutomaticEventSubscriber/LOADING]: Scanning class com.tacz.guns.network.NetworkHandler for @SubscribeEvent-annotated methods
[21:26:55] [modloading-worker-0/DEBUG] [ne.ne.fm.ja.AutomaticEventSubscriber/LOADING]: Scanning class vectorwing.farmersdelight.common.block.entity.CabinetBlockEntity for @SubscribeEvent-annotated methods
[21:26:55] [modloading-worker-0/DEBUG] [ne.ne.fm.ja.AutomaticEventSubscriber/]: Subscribing @EventBusSubscriber class Lnet/neoforged/neoforge/client/model/data/ModelDataManager; to the game event bus
[21:26:55] [modloading-worker-0/DEBUG] [ne.ne.fm.ja.AutomaticEventSubscriber/LOADING]: Scanning class net.neoforged.neoforge.client.ClientHooks$ClientEvents for @SubscribeEvent-annotated methods
[21:26:55] [modloading-worker-0/DEBUG] [ne.ne.fm.ja.AutomaticEventSubscriber/]: Subscribing @EventBusSubscriber class Lnet/neoforged/neoforge/client/ClientHooks$ClientEvents; to the mod event bus of mod neoforge
[21:26:55] [modloading-worker-0/DEBUG] [ne.ne.fm.ja.AutomaticEventSubscriber/]: Subscribing @EventBusSubscriber class Lcom/tacz/guns/network/NetworkHandler; to the mod event bus of mod tacz
[21:26:55] [modloading-worker-0/DEBUG] [ne.ne.fm.ja.AutomaticEventSubscriber/LOADING]: Scanning class net.neoforged.neoforge.client.BlockEntityRenderBoundsDebugRenderer for @SubscribeEvent-annotated methods
[21:26:55] [modloading-worker-0/DEBUG] [ne.ne.fm.ja.AutomaticEventSubscriber/LOADING]: Scanning class com.tacz.guns.init.ModItems for @SubscribeEvent-annotated methods
[21:26:55] [modloading-worker-0/DEBUG] [ne.ne.fm.ja.AutomaticEventSubscriber/]: Subscribing @EventBusSubscriber class Lvectorwing/farmersdelight/common/block/entity/CabinetBlockEntity; to the mod event bus of mod farmersdelight
[21:26:55] [modloading-worker-0/DEBUG] [ne.ne.fm.ja.AutomaticEventSubscriber/]: Subscribing @EventBusSubscriber class Lcom/tacz/guns/init/ModItems; to the mod event bus of mod tacz
[21:26:55] [modloading-worker-0/DEBUG] [ne.ne.fm.ja.AutomaticEventSubscriber/LOADING]: Scanning class com.tacz.guns.init.CompatRegistry for @SubscribeEvent-annotated methods
[21:26:55] [modloading-worker-0/DEBUG] [ne.ne.fm.ja.AutomaticEventSubscriber/]: Subscribing @EventBusSubscriber class Lnet/neoforged/neoforge/client/BlockEntityRenderBoundsDebugRenderer; to the game event bus
[21:26:55] [modloading-worker-0/DEBUG] [ne.ne.fm.ja.AutomaticEventSubscriber/LOADING]: Scanning class vectorwing.farmersdelight.common.block.entity.BasketBlockEntity for @SubscribeEvent-annotated methods
[21:26:55] [modloading-worker-0/DEBUG] [ne.ne.fm.ja.AutomaticEventSubscriber/LOADING]: Scanning class net.neoforged.neoforge.attachment.AttachmentSync for @SubscribeEvent-annotated methods
[21:26:55] [modloading-worker-0/DEBUG] [ne.ne.fm.ja.AutomaticEventSubscriber/]: Subscribing @EventBusSubscriber class Lcom/tacz/guns/init/CompatRegistry; to the mod event bus of mod tacz
[21:26:55] [modloading-worker-0/DEBUG] [ne.ne.fm.ja.AutomaticEventSubscriber/LOADING]: Scanning class com.tacz.guns.init.CommonRegistry for @SubscribeEvent-annotated methods
[21:26:55] [modloading-worker-0/DEBUG] [mixin/]: Mixing FluidTankBlockEntityMixin from tfmg.mixins.json into com.simibubi.create.content.fluids.tank.FluidTankBlockEntity
[21:26:55] [modloading-worker-0/DEBUG] [mixin/]: tfmg.mixins.json:FluidTankBlockEntityMixin from mod tfmg: Class version 65 required is higher than the class version supported by the current version of Mixin (JAVA_8 supports class version 52)
[21:26:55] [modloading-worker-0/DEBUG] [ne.ne.fm.ja.AutomaticEventSubscriber/]: Subscribing @EventBusSubscriber class Lvectorwing/farmersdelight/common/block/entity/BasketBlockEntity; to the mod event bus of mod farmersdelight
[21:26:55] [modloading-worker-0/DEBUG] [ne.ne.fm.ja.AutomaticEventSubscriber/LOADING]: Scanning class vectorwing.farmersdelight.common.block.CuttingBoardBlock$ToolCarvingEvent for @SubscribeEvent-annotated methods
[21:26:55] [modloading-worker-0/INFO] [ne.nu.cr.CreateNuclear/]: Registering ModBlocks for createnuclear
[21:26:55] [modloading-worker-0/DEBUG] [mixin/]: Mixing accessor.FluidTankBlockEntityAccessor from tfmg.mixins.json into com.simibubi.create.content.fluids.tank.FluidTankBlockEntity
[21:26:55] [modloading-worker-0/DEBUG] [mixin/]: tfmg.mixins.json:accessor.FluidTankBlockEntityAccessor from mod tfmg: Class version 65 required is higher than the class version supported by the current version of Mixin (JAVA_8 supports class version 52)
[21:26:55] [modloading-worker-0/DEBUG] [mixin/]: tfmg.mixins.json:FluidTankBlockEntityMixin from mod tfmg->@Inject::toggleWindows(Lorg/spongepowered/asm/mixin/injection/callback/CallbackInfo;)V doesn't use it's CallbackInfo
[21:26:55] [modloading-worker-0/DEBUG] [mixin/]: tfmg.mixins.json:FluidTankBlockEntityMixin from mod tfmg->@Inject::toggleWindows(Lorg/spongepowered/asm/mixin/injection/callback/CallbackInfo;)V has 0 override(s) in child classes
[21:26:55] [modloading-worker-0/DEBUG] [mixin/]: tfmg.mixins.json:FluidTankBlockEntityMixin from mod tfmg->@Inject::toggleWindows(Lorg/spongepowered/asm/mixin/injection/callback/CallbackInfo;)V won't be passed a CallbackInfo as a result
[21:26:55] [modloading-worker-0/DEBUG] [mixin/]: tfmg.mixins.json:FluidTankBlockEntityMixin from mod tfmg->@Inject::notifyMultiUpdated(Lorg/spongepowered/asm/mixin/injection/callback/CallbackInfo;)V doesn't use it's CallbackInfo
[21:26:55] [modloading-worker-0/DEBUG] [mixin/]: tfmg.mixins.json:FluidTankBlockEntityMixin from mod tfmg->@Inject::notifyMultiUpdated(Lorg/spongepowered/asm/mixin/injection/callback/CallbackInfo;)V has 0 override(s) in child classes
[21:26:55] [modloading-worker-0/DEBUG] [mixin/]: tfmg.mixins.json:FluidTankBlockEntityMixin from mod tfmg->@Inject::notifyMultiUpdated(Lorg/spongepowered/asm/mixin/injection/callback/CallbackInfo;)V won't be passed a CallbackInfo as a result
[21:26:55] [modloading-worker-0/DEBUG] [mixin/]: tfmg.mixins.json:FluidTankBlockEntityMixin from mod tfmg->@Inject::removeController(ZLorg/spongepowered/asm/mixin/injection/callback/CallbackInfo;)V doesn't use it's CallbackInfo
[21:26:55] [modloading-worker-0/DEBUG] [mixin/]: tfmg.mixins.json:FluidTankBlockEntityMixin from mod tfmg->@Inject::removeController(ZLorg/spongepowered/asm/mixin/injection/callback/CallbackInfo;)V has 0 override(s) in child classes
[21:26:55] [modloading-worker-0/DEBUG] [mixin/]: tfmg.mixins.json:FluidTankBlockEntityMixin from mod tfmg->@Inject::removeController(ZLorg/spongepowered/asm/mixin/injection/callback/CallbackInfo;)V won't be passed a CallbackInfo as a result
[21:26:55] [modloading-worker-0/DEBUG] [mixin/]: tfmg.mixins.json:FluidTankBlockEntityMixin from mod tfmg->@Inject::setWindows(ZLorg/spongepowered/asm/mixin/injection/callback/CallbackInfo;)V doesn't use it's CallbackInfo
[21:26:55] [modloading-worker-0/DEBUG] [mixin/]: tfmg.mixins.json:FluidTankBlockEntityMixin from mod tfmg->@Inject::setWindows(ZLorg/spongepowered/asm/mixin/injection/callback/CallbackInfo;)V has 0 override(s) in child classes
[21:26:55] [modloading-worker-0/DEBUG] [mixin/]: tfmg.mixins.json:FluidTankBlockEntityMixin from mod tfmg->@Inject::setWindows(ZLorg/spongepowered/asm/mixin/injection/callback/CallbackInfo;)V won't be passed a CallbackInfo as a result
[21:26:55] [modloading-worker-0/DEBUG] [ne.ne.fm.ja.AutomaticEventSubscriber/]: Subscribing @EventBusSubscriber class Lvectorwing/farmersdelight/common/block/CuttingBoardBlock$ToolCarvingEvent; to the game event bus
[21:26:55] [modloading-worker-0/DEBUG] [ne.ne.fm.ja.AutomaticEventSubscriber/LOADING]: Scanning class vectorwing.farmersdelight.client.event.TooltipEvents for @SubscribeEvent-annotated methods
[21:26:55] [modloading-worker-0/DEBUG] [ne.ne.fm.ja.AutomaticEventSubscriber/]: Subscribing @EventBusSubscriber class Lvectorwing/farmersdelight/client/event/TooltipEvents; to the game event bus
[21:26:55] [modloading-worker-0/DEBUG] [ne.ne.fm.ja.AutomaticEventSubscriber/]: Subscribing @EventBusSubscriber class Lcom/tacz/guns/init/CommonRegistry; to the mod event bus of mod tacz
[21:26:55] [modloading-worker-0/DEBUG] [ne.ne.fm.ja.AutomaticEventSubscriber/LOADING]: Scanning class vectorwing.farmersdelight.client.event.KeybindEvents for @SubscribeEvent-annotated methods
[21:26:55] [modloading-worker-0/DEBUG] [ne.ne.fm.ja.AutomaticEventSubscriber/]: Subscribing @EventBusSubscriber class Lvectorwing/farmersdelight/client/event/KeybindEvents; to the game event bus
[21:26:55] [modloading-worker-0/DEBUG] [ne.ne.fm.ja.AutomaticEventSubscriber/LOADING]: Scanning class vectorwing.farmersdelight.client.event.ClientSetupEvents for @SubscribeEvent-annotated methods
[21:26:55] [modloading-worker-0/DEBUG] [ne.ne.fm.ja.AutomaticEventSubscriber/LOADING]: Scanning class com.tacz.guns.init.CommandRegistry for @SubscribeEvent-annotated methods
[21:26:55] [modloading-worker-0/DEBUG] [ne.ne.fm.ja.AutomaticEventSubscriber/]: Subscribing @EventBusSubscriber class Lnet/neoforged/neoforge/attachment/AttachmentSync; to the game event bus
[21:26:55] [modloading-worker-0/DEBUG] [ne.ne.fm.ja.AutomaticEventSubscriber/]: Subscribing @EventBusSubscriber class Lcom/tacz/guns/init/CommandRegistry; to the game event bus
[21:26:55] [modloading-worker-0/DEBUG] [ne.ne.fm.ja.AutomaticEventSubscriber/LOADING]: Scanning class net.neoforged.neoforge.attachment.AttachmentInternals for @SubscribeEvent-annotated methods
[21:26:55] [modloading-worker-0/DEBUG] [ne.ne.fm.ja.AutomaticEventSubscriber/LOADING]: Scanning class com.tacz.guns.event.TravelToDimensionEvent for @SubscribeEvent-annotated methods
[21:26:55] [modloading-worker-0/DEBUG] [Ponder/]: Loaded net.createmod.catnip.platform.NeoForgePlatformHelper@778ea5bd for service interface net.createmod.catnip.platform.services.PlatformHelper
[21:26:55] [modloading-worker-0/DEBUG] [ne.ne.fm.ja.AutomaticEventSubscriber/]: Subscribing @EventBusSubscriber class Lcom/tacz/guns/event/TravelToDimensionEvent; to the game event bus
[21:26:55] [modloading-worker-0/DEBUG] [ne.ne.fm.ja.AutomaticEventSubscriber/LOADING]: Scanning class com.tacz.guns.event.SyncedEntityDataEvent for @SubscribeEvent-annotated methods
[21:26:55] [modloading-worker-0/DEBUG] [Ponder/]: Loaded net.createmod.catnip.platform.NeoForgeFluidHelper@7a498654 for service interface net.createmod.catnip.platform.services.ModFluidHelper
[21:26:55] [modloading-worker-0/DEBUG] [ne.ne.fm.ja.AutomaticEventSubscriber/]: Subscribing @EventBusSubscriber class Lnet/neoforged/neoforge/attachment/AttachmentInternals; to the game event bus
[21:26:55] [modloading-worker-0/DEBUG] [ne.ne.fm.ja.AutomaticEventSubscriber/]: Subscribing @EventBusSubscriber class Lvectorwing/farmersdelight/client/event/ClientSetupEvents; to the mod event bus of mod farmersdelight
[21:26:55] [modloading-worker-0/DEBUG] [ne.ne.fm.ja.AutomaticEventSubscriber/]: Subscribing @EventBusSubscriber class Lcom/tacz/guns/event/SyncedEntityDataEvent; to the game event bus
[21:26:55] [modloading-worker-0/DEBUG] [Ponder/]: Loaded net.createmod.catnip.platform.NeoForgeHooksHelper@2b76655 for service interface net.createmod.catnip.platform.services.ModHooksHelper
[21:26:55] [modloading-worker-0/DEBUG] [ne.ne.fm.ja.AutomaticEventSubscriber/LOADING]: Scanning class com.tacz.guns.event.SyncBaseTimestamp for @SubscribeEvent-annotated methods
[21:26:55] [modloading-worker-0/DEBUG] [ne.ne.fm.ja.AutomaticEventSubscriber/]: Subscribing @EventBusSubscriber class Lcom/tacz/guns/event/SyncBaseTimestamp; to the game event bus
[21:26:55] [modloading-worker-0/DEBUG] [ne.ne.fm.co.ConfigTracker/CONFIG]: Config file Mekanism/client.toml for mekanism tracking
[21:26:55] [modloading-worker-0/DEBUG] [ne.ne.fm.ja.AutomaticEventSubscriber/LOADING]: Scanning class com.tacz.guns.event.ServerTickEvent for @SubscribeEvent-annotated methods
[21:26:55] [modloading-worker-0/DEBUG] [ne.ne.fm.co.ConfigTracker/CONFIG]: Config file Mekanism/common.toml for mekanism tracking
[21:26:55] [modloading-worker-0/DEBUG] [ne.ne.fm.co.ConfigTracker/CONFIG]: Config file Mekanism/general.toml for mekanism tracking
[21:26:55] [modloading-worker-0/DEBUG] [ne.ne.fm.co.ConfigTracker/CONFIG]: Config file Mekanism/gear.toml for mekanism tracking
[21:26:55] [modloading-worker-0/DEBUG] [ne.ne.fm.co.ConfigTracker/CONFIG]: Config file Mekanism/startup.toml for mekanism tracking
[21:26:55] [modloading-worker-0/DEBUG] [ne.ne.fm.ja.AutomaticEventSubscriber/]: Subscribing @EventBusSubscriber class Lcom/tacz/guns/event/ServerTickEvent; to the game event bus
[21:26:55] [modloading-worker-0/DEBUG] [Ponder/]: Loaded net.createmod.catnip.platform.NeoForgeNetworkHelper@2043da63 for service interface net.createmod.catnip.platform.services.NetworkHelper
[21:26:55] [modloading-worker-0/DEBUG] [ne.ne.fm.ja.AutomaticEventSubscriber/LOADING]: Scanning class com.tacz.guns.event.PreventGunClick for @SubscribeEvent-annotated methods
[21:26:55] [modloading-worker-0/DEBUG] [ne.ne.fm.ja.AutomaticEventSubscriber/]: Subscribing @EventBusSubscriber class Lcom/tacz/guns/event/PreventGunClick; to the game event bus
[21:26:55] [modloading-worker-0/DEBUG] [ne.ne.fm.ja.AutomaticEventSubscriber/LOADING]: Scanning class com.tacz.guns.event.PlayerRespawnEvent for @SubscribeEvent-annotated methods
[21:26:55] [modloading-worker-0/DEBUG] [ne.ne.fm.ja.AutomaticEventSubscriber/]: Subscribing @EventBusSubscriber class Lcom/tacz/guns/event/PlayerRespawnEvent; to the game event bus
[21:26:55] [modloading-worker-0/DEBUG] [ne.ne.fm.ja.AutomaticEventSubscriber/LOADING]: Scanning class com.tacz.guns.event.LoadingConfigEvent for @SubscribeEvent-annotated methods
[21:26:55] [modloading-worker-0/DEBUG] [ne.ne.fm.ja.AutomaticEventSubscriber/]: Subscribing @EventBusSubscriber class Lcom/tacz/guns/event/LoadingConfigEvent; to the mod event bus of mod tacz
[21:26:55] [modloading-worker-0/DEBUG] [ne.ne.fm.ja.AutomaticEventSubscriber/LOADING]: Scanning class com.tacz.guns.event.KnockbackChange for @SubscribeEvent-annotated methods
[21:26:55] [modloading-worker-0/DEBUG] [ne.ne.fm.ja.AutomaticEventSubscriber/]: Subscribing @EventBusSubscriber class Lcom/tacz/guns/event/KnockbackChange; to the game event bus
[21:26:55] [modloading-worker-0/DEBUG] [ne.ne.fm.ja.AutomaticEventSubscriber/LOADING]: Scanning class com.tacz.guns.event.HitboxHelperEvent for @SubscribeEvent-annotated methods
[21:26:55] [modloading-worker-0/DEBUG] [ne.ne.fm.ja.AutomaticEventSubscriber/]: Subscribing @EventBusSubscriber class Lcom/tacz/guns/event/HitboxHelperEvent; to the game event bus
[21:26:55] [modloading-worker-0/DEBUG] [ne.ne.fm.ja.AutomaticEventSubscriber/LOADING]: Scanning class com.tacz.guns.event.EntityDamageEvent for @SubscribeEvent-annotated methods
[21:26:55] [modloading-worker-0/DEBUG] [ne.ne.fm.ja.AutomaticEventSubscriber/]: Subscribing @EventBusSubscriber class Lcom/tacz/guns/event/EntityDamageEvent; to the game event bus
[21:26:55] [modloading-worker-0/DEBUG] [ne.ne.fm.ja.AutomaticEventSubscriber/LOADING]: Scanning class com.tacz.guns.event.ammo.DestroyGlassBlock for @SubscribeEvent-annotated methods
[21:26:55] [modloading-worker-0/DEBUG] [ne.ne.fm.ja.AutomaticEventSubscriber/]: Subscribing @EventBusSubscriber class Lcom/tacz/guns/event/ammo/DestroyGlassBlock; to the game event bus
[21:26:55] [modloading-worker-0/DEBUG] [ne.ne.fm.ja.AutomaticEventSubscriber/LOADING]: Scanning class com.tacz.guns.event.ammo.BellRing for @SubscribeEvent-annotated methods
[21:26:55] [modloading-worker-0/DEBUG] [ne.ne.fm.ja.AutomaticEventSubscriber/]: Subscribing @EventBusSubscriber class Lcom/tacz/guns/event/ammo/BellRing; to the game event bus
[21:26:55] [modloading-worker-0/DEBUG] [ne.ne.fm.ja.AutomaticEventSubscriber/LOADING]: Scanning class com.tacz.guns.client.sound.SoundPlayManager for @SubscribeEvent-annotated methods
[21:26:55] [modloading-worker-0/DEBUG] [ne.ne.fm.ja.AutomaticEventSubscriber/]: Subscribing @EventBusSubscriber class Lcom/tacz/guns/client/sound/SoundPlayManager; to the game event bus
[21:26:55] [modloading-worker-0/DEBUG] [ne.ne.fm.ja.AutomaticEventSubscriber/LOADING]: Scanning class com.tacz.guns.client.input.ZoomKey for @SubscribeEvent-annotated methods
[21:26:55] [modloading-worker-0/DEBUG] [ne.ne.fm.co.ConfigTracker/CONFIG]: Loaded TOML config file D:\dow\mine2_catr\catrmodd\run\config\Mekanism\startup.toml
[21:26:55] [modloading-worker-0/DEBUG] [mixin/]: Mixing compat.create.AbstractContraptionEntityMixin from createbigcannons.mixins.json into com.simibubi.create.content.contraptions.AbstractContraptionEntity
[21:26:55] [modloading-worker-0/DEBUG] [mixin/]: createbigcannons.mixins.json:compat.create.AbstractContraptionEntityMixin from mod createbigcannons: Class version 65 required is higher than the class version supported by the current version of Mixin (JAVA_17 supports class version 61)
[21:26:55] [modloading-worker-0/DEBUG] [ne.ne.fm.co.ConfigTracker/CONFIG]: Watching TOML config file D:\dow\mine2_catr\catrmodd\run\config\Mekanism\startup.toml for changes
[21:26:55] [modloading-worker-0/DEBUG] [ne.ne.fm.co.ConfigTracker/CONFIG]: Config file Mekanism/machine-storage.toml for mekanism tracking
[21:26:55] [modloading-worker-0/DEBUG] [ne.ne.fm.co.ConfigTracker/CONFIG]: Config file Mekanism/tiers.toml for mekanism tracking
[21:26:55] [modloading-worker-0/DEBUG] [ne.ne.fm.co.ConfigTracker/CONFIG]: Config file Mekanism/machine-usage.toml for mekanism tracking
[21:26:55] [modloading-worker-0/DEBUG] [ne.ne.fm.co.ConfigTracker/CONFIG]: Config file Mekanism/world.toml for mekanism tracking
[21:26:55] [modloading-worker-0/DEBUG] [ne.ne.fm.ja.AutomaticEventSubscriber/]: Subscribing @EventBusSubscriber class Lcom/tacz/guns/client/input/ZoomKey; to the game event bus
[21:26:55] [modloading-worker-0/DEBUG] [ne.ne.fm.ja.AutomaticEventSubscriber/LOADING]: Scanning class com.tacz.guns.client.input.ShootKey for @SubscribeEvent-annotated methods
[21:26:55] [modloading-worker-0/DEBUG] [ne.ne.fm.ja.AutomaticEventSubscriber/]: Subscribing @EventBusSubscriber class Lcom/tacz/guns/client/input/ShootKey; to the game event bus
[21:26:55] [modloading-worker-0/DEBUG] [ne.ne.fm.ja.AutomaticEventSubscriber/LOADING]: Scanning class com.tacz.guns.client.input.ReloadKey for @SubscribeEvent-annotated methods
[21:26:55] [modloading-worker-0/DEBUG] [ne.ne.fm.ja.AutomaticEventSubscriber/]: Subscribing @EventBusSubscriber class Lcom/tacz/guns/client/input/ReloadKey; to the game event bus
[21:26:55] [modloading-worker-0/DEBUG] [ne.ne.fm.ja.AutomaticEventSubscriber/LOADING]: Scanning class com.tacz.guns.client.input.RefitKey for @SubscribeEvent-annotated methods
[21:26:55] [modloading-worker-0/DEBUG] [ne.ne.fm.ja.AutomaticEventSubscriber/]: Subscribing @EventBusSubscriber class Lcom/tacz/guns/client/input/RefitKey; to the game event bus
[21:26:55] [modloading-worker-0/DEBUG] [ne.ne.fm.ja.AutomaticEventSubscriber/LOADING]: Scanning class com.tacz.guns.client.input.MeleeKey for @SubscribeEvent-annotated methods
[21:26:55] [modloading-worker-0/DEBUG] [ne.ne.fm.ja.AutomaticEventSubscriber/]: Subscribing @EventBusSubscriber class Lcom/tacz/guns/client/input/MeleeKey; to the game event bus
[21:26:55] [modloading-worker-0/DEBUG] [ne.ne.fm.ja.AutomaticEventSubscriber/LOADING]: Scanning class com.tacz.guns.client.input.InteractKey for @SubscribeEvent-annotated methods
[21:26:55] [modloading-worker-0/DEBUG] [ne.ne.fm.ja.AutomaticEventSubscriber/]: Subscribing @EventBusSubscriber class Lcom/tacz/guns/client/input/InteractKey; to the game event bus
[21:26:55] [modloading-worker-0/DEBUG] [ne.ne.fm.ja.AutomaticEventSubscriber/LOADING]: Scanning class com.tacz.guns.client.input.InspectKey for @SubscribeEvent-annotated methods
[21:26:55] [modloading-worker-0/DEBUG] [ne.ne.fm.ja.AutomaticEventSubscriber/]: Subscribing @EventBusSubscriber class Lcom/tacz/guns/client/input/InspectKey; to the game event bus
[21:26:55] [modloading-worker-0/DEBUG] [ne.ne.fm.ja.AutomaticEventSubscriber/LOADING]: Scanning class com.tacz.guns.client.input.FireSelectKey for @SubscribeEvent-annotated methods
[21:26:55] [modloading-worker-0/DEBUG] [ne.ne.fm.ja.AutomaticEventSubscriber/]: Subscribing @EventBusSubscriber class Lcom/tacz/guns/client/input/FireSelectKey; to the game event bus
[21:26:55] [modloading-worker-0/DEBUG] [ne.ne.fm.ja.AutomaticEventSubscriber/LOADING]: Scanning class com.tacz.guns.client.input.CrawlKey for @SubscribeEvent-annotated methods
[21:26:55] [modloading-worker-0/DEBUG] [ne.ne.fm.ja.AutomaticEventSubscriber/]: Subscribing @EventBusSubscriber class Lcom/tacz/guns/client/input/CrawlKey; to the game event bus
[21:26:55] [modloading-worker-0/DEBUG] [ne.ne.fm.ja.AutomaticEventSubscriber/LOADING]: Scanning class com.tacz.guns.client.input.ConfigKey for @SubscribeEvent-annotated methods
[21:26:55] [modloading-worker-0/DEBUG] [ne.ne.fm.ja.AutomaticEventSubscriber/]: Subscribing @EventBusSubscriber class Lcom/tacz/guns/client/input/ConfigKey; to the game event bus
[21:26:55] [modloading-worker-0/DEBUG] [ne.ne.fm.ja.AutomaticEventSubscriber/LOADING]: Scanning class com.tacz.guns.client.input.AimKey for @SubscribeEvent-annotated methods
[21:26:55] [modloading-worker-0/DEBUG] [ne.ne.fm.ja.AutomaticEventSubscriber/]: Subscribing @EventBusSubscriber class Lcom/tacz/guns/client/input/AimKey; to the game event bus
[21:26:55] [modloading-worker-0/DEBUG] [ne.ne.fm.ja.AutomaticEventSubscriber/LOADING]: Scanning class com.tacz.guns.client.init.ParticleFactoryRegistry for @SubscribeEvent-annotated methods
[21:26:55] [modloading-worker-0/DEBUG] [ne.ne.fm.ja.AutomaticEventSubscriber/]: Subscribing @EventBusSubscriber class Lcom/tacz/guns/client/init/ParticleFactoryRegistry; to the mod event bus of mod tacz
[21:26:55] [modloading-worker-0/DEBUG] [ne.ne.fm.ja.AutomaticEventSubscriber/LOADING]: Scanning class com.tacz.guns.client.init.ModEntitiesRender for @SubscribeEvent-annotated methods
[21:26:55] [modloading-worker-0/DEBUG] [ne.ne.fm.ja.AutomaticEventSubscriber/]: Subscribing @EventBusSubscriber class Lcom/tacz/guns/client/init/ModEntitiesRender; to the mod event bus of mod tacz
[21:26:55] [modloading-worker-0/DEBUG] [ne.ne.fm.ja.AutomaticEventSubscriber/LOADING]: Scanning class com.tacz.guns.client.init.ModContainerScreen for @SubscribeEvent-annotated methods
[21:26:55] [modloading-worker-0/DEBUG] [ne.ne.fm.ja.AutomaticEventSubscriber/]: Subscribing @EventBusSubscriber class Lcom/tacz/guns/client/init/ModContainerScreen; to the mod event bus of mod tacz
[21:26:55] [modloading-worker-0/DEBUG] [ne.ne.fm.ja.AutomaticEventSubscriber/LOADING]: Scanning class com.tacz.guns.client.init.ClientSetupEvent for @SubscribeEvent-annotated methods
[21:26:55] [modloading-worker-0/DEBUG] [ne.ne.fm.ja.AutomaticEventSubscriber/]: Subscribing @EventBusSubscriber class Lcom/tacz/guns/client/init/ClientSetupEvent; to the mod event bus of mod tacz
[21:26:55] [modloading-worker-0/DEBUG] [ne.ne.fm.ja.AutomaticEventSubscriber/LOADING]: Scanning class com.tacz.guns.client.event.TooltipEvent for @SubscribeEvent-annotated methods
[21:26:55] [modloading-worker-0/DEBUG] [ne.ne.fm.ja.AutomaticEventSubscriber/]: Subscribing @EventBusSubscriber class Lcom/tacz/guns/client/event/TooltipEvent; to the game event bus
[21:26:55] [modloading-worker-0/DEBUG] [ne.ne.fm.ja.AutomaticEventSubscriber/LOADING]: Scanning class com.tacz.guns.client.event.TickAnimationEvent for @SubscribeEvent-annotated methods
[21:26:55] [modloading-worker-0/DEBUG] [ne.ne.fm.ja.AutomaticEventSubscriber/]: Subscribing @EventBusSubscriber class Lcom/tacz/guns/client/event/TickAnimationEvent; to the game event bus
[21:26:55] [modloading-worker-0/DEBUG] [ne.ne.fm.ja.AutomaticEventSubscriber/LOADING]: Scanning class com.tacz.guns.client.event.RenderHeadShotAABB for @SubscribeEvent-annotated methods
[21:26:55] [modloading-worker-0/DEBUG] [ne.ne.fm.ja.AutomaticEventSubscriber/]: Subscribing @EventBusSubscriber class Lcom/tacz/guns/client/event/RenderHeadShotAABB; to the game event bus
[21:26:55] [modloading-worker-0/DEBUG] [ne.ne.fm.ja.AutomaticEventSubscriber/LOADING]: Scanning class com.tacz.guns.client.event.RenderCrosshairEvent for @SubscribeEvent-annotated methods
[21:26:55] [modloading-worker-0/DEBUG] [ne.ne.fm.ja.AutomaticEventSubscriber/]: Subscribing @EventBusSubscriber class Lcom/tacz/guns/client/event/RenderCrosshairEvent; to the game event bus
[21:26:55] [modloading-worker-0/DEBUG] [ne.ne.fm.ja.AutomaticEventSubscriber/LOADING]: Scanning class com.tacz.guns.client.event.ReloadResourceEvent for @SubscribeEvent-annotated methods
[21:26:55] [modloading-worker-0/DEBUG] [ne.ne.fm.ja.AutomaticEventSubscriber/]: Subscribing @EventBusSubscriber class Lcom/tacz/guns/client/event/ReloadResourceEvent; to the mod event bus of mod tacz
[21:26:55] [modloading-worker-0/DEBUG] [ne.ne.fm.ja.AutomaticEventSubscriber/LOADING]: Scanning class com.tacz.guns.client.event.RefreshClonePlayerDataEvent for @SubscribeEvent-annotated methods
[21:26:55] [modloading-worker-0/DEBUG] [ne.ne.fm.ja.AutomaticEventSubscriber/]: Subscribing @EventBusSubscriber class Lcom/tacz/guns/client/event/RefreshClonePlayerDataEvent; to the game event bus
[21:26:55] [modloading-worker-0/DEBUG] [ne.ne.fm.ja.AutomaticEventSubscriber/LOADING]: Scanning class com.tacz.guns.client.event.PreventsHotbarEvent for @SubscribeEvent-annotated methods
[21:26:55] [modloading-worker-0/DEBUG] [ne.ne.fm.ja.AutomaticEventSubscriber/]: Subscribing @EventBusSubscriber class Lcom/tacz/guns/client/event/PreventsHotbarEvent; to the game event bus
[21:26:55] [modloading-worker-0/DEBUG] [ne.ne.fm.ja.AutomaticEventSubscriber/LOADING]: Scanning class com.tacz.guns.client.event.PlayerHurtByGunEvent for @SubscribeEvent-annotated methods
[21:26:55] [modloading-worker-0/DEBUG] [ne.ne.fm.ja.AutomaticEventSubscriber/]: Subscribing @EventBusSubscriber class Lcom/tacz/guns/client/event/PlayerHurtByGunEvent; to the game event bus
[21:26:55] [modloading-worker-0/DEBUG] [ne.ne.fm.ja.AutomaticEventSubscriber/LOADING]: Scanning class com.tacz.guns.client.event.PlayerEnterWorld for @SubscribeEvent-annotated methods
[21:26:55] [modloading-worker-0/DEBUG] [ne.ne.fm.ja.AutomaticEventSubscriber/]: Subscribing @EventBusSubscriber class Lcom/tacz/guns/client/event/PlayerEnterWorld; to the game event bus
[21:26:55] [modloading-worker-0/DEBUG] [ne.ne.fm.ja.AutomaticEventSubscriber/LOADING]: Scanning class com.tacz.guns.client.event.InventoryEvent for @SubscribeEvent-annotated methods
[21:26:55] [modloading-worker-0/DEBUG] [ne.ne.fm.ja.AutomaticEventSubscriber/]: Subscribing @EventBusSubscriber class Lcom/tacz/guns/client/event/InventoryEvent; to the game event bus
[21:26:55] [modloading-worker-0/DEBUG] [ne.ne.fm.ja.AutomaticEventSubscriber/LOADING]: Scanning class com.tacz.guns.client.event.FirstPersonRenderGunEvent for @SubscribeEvent-annotated methods
[21:26:55] [modloading-worker-0/DEBUG] [ne.ne.fm.ja.AutomaticEventSubscriber/LOADING]: Attempting to inject @EventBusSubscriber classes into the eventbus for createaddition
[21:26:55] [modloading-worker-0/DEBUG] [ne.ne.fm.ja.AutomaticEventSubscriber/LOADING]: Scanning class com.mrh0.createaddition.datagen.CreateAdditionsDataGen for @SubscribeEvent-annotated methods
[21:26:55] [modloading-worker-0/DEBUG] [ne.ne.fm.ja.AutomaticEventSubscriber/]: Subscribing @EventBusSubscriber class Lcom/mrh0/createaddition/datagen/CreateAdditionsDataGen; to the mod event bus of mod createaddition
[21:26:55] [modloading-worker-0/DEBUG] [ne.ne.fm.ja.AutomaticEventSubscriber/LOADING]: Scanning class com.mrh0.createaddition.event.ClientEventHandler$ModBusEvents for @SubscribeEvent-annotated methods
[21:26:55] [modloading-worker-0/DEBUG] [ne.ne.fm.ja.AutomaticEventSubscriber/]: Subscribing @EventBusSubscriber class Lcom/mrh0/createaddition/event/ClientEventHandler$ModBusEvents; to the mod event bus of mod createaddition
[21:26:55] [modloading-worker-0/DEBUG] [ne.ne.fm.ja.AutomaticEventSubscriber/LOADING]: Scanning class com.mrh0.createaddition.event.ClientEventHandler for @SubscribeEvent-annotated methods
[21:26:55] [modloading-worker-0/DEBUG] [ne.ne.fm.ja.AutomaticEventSubscriber/]: Subscribing @EventBusSubscriber class Lcom/mrh0/createaddition/event/ClientEventHandler; to the game event bus
[21:26:55] [modloading-worker-0/DEBUG] [ne.ne.fm.ja.AutomaticEventSubscriber/LOADING]: Scanning class com.mrh0.createaddition.event.GameEvents for @SubscribeEvent-annotated methods
[21:26:55] [modloading-worker-0/DEBUG] [ne.ne.fm.ja.AutomaticEventSubscriber/]: Subscribing @EventBusSubscriber class Lcom/mrh0/createaddition/event/GameEvents; to the game event bus
[21:26:55] [modloading-worker-0/DEBUG] [ne.ne.fm.ja.AutomaticEventSubscriber/LOADING]: Scanning class com.mrh0.createaddition.config.CommonConfig for @SubscribeEvent-annotated methods
[21:26:55] [modloading-worker-0/DEBUG] [ne.ne.fm.ja.AutomaticEventSubscriber/]: Subscribing @EventBusSubscriber class Lcom/mrh0/createaddition/config/CommonConfig; to the mod event bus of mod createaddition
[21:26:55] [modloading-worker-0/DEBUG] [ne.ne.fm.ja.AutomaticEventSubscriber/]: Subscribing @EventBusSubscriber class Lcom/tacz/guns/client/event/FirstPersonRenderGunEvent; to the game event bus
[21:26:55] [modloading-worker-0/DEBUG] [ne.ne.fm.ja.AutomaticEventSubscriber/LOADING]: Scanning class com.tacz.guns.client.event.CommonNetworkCacheEvent for @SubscribeEvent-annotated methods
[21:26:55] [modloading-worker-0/DEBUG] [ne.ne.fm.ja.AutomaticEventSubscriber/]: Subscribing @EventBusSubscriber class Lcom/tacz/guns/client/event/CommonNetworkCacheEvent; to the game event bus
[21:26:55] [modloading-worker-0/DEBUG] [ne.ne.fm.ja.AutomaticEventSubscriber/LOADING]: Scanning class com.tacz.guns.client.event.ClientPreventGunClick for @SubscribeEvent-annotated methods
[21:26:55] [modloading-worker-0/DEBUG] [ne.ne.fm.ja.AutomaticEventSubscriber/]: Subscribing @EventBusSubscriber class Lcom/tacz/guns/client/event/ClientPreventGunClick; to the game event bus
[21:26:55] [modloading-worker-0/DEBUG] [ne.ne.fm.ja.AutomaticEventSubscriber/LOADING]: Scanning class com.tacz.guns.client.event.ClientHitMark for @SubscribeEvent-annotated methods
[21:26:55] [modloading-worker-0/DEBUG] [ne.ne.fm.ja.AutomaticEventSubscriber/]: Subscribing @EventBusSubscriber class Lcom/tacz/guns/client/event/ClientHitMark; to the game event bus
[21:26:55] [modloading-worker-0/DEBUG] [ne.ne.fm.ja.AutomaticEventSubscriber/LOADING]: Scanning class com.tacz.guns.client.event.CameraSetupEvent for @SubscribeEvent-annotated methods
[21:26:55] [modloading-worker-0/DEBUG] [ne.ne.fm.ja.AutomaticEventSubscriber/]: Subscribing @EventBusSubscriber class Lcom/tacz/guns/client/event/CameraSetupEvent; to the game event bus
[21:26:55] [modloading-worker-0/DEBUG] [mixin/]: Mixing client.PitchOrientedContraptionEntityMixin from createbigcannons.mixins.json into rbasamoyai.createbigcannons.cannon_control.contraption.PitchOrientedContraptionEntity
[21:26:55] [modloading-worker-0/DEBUG] [mixin/]: createbigcannons.mixins.json:client.PitchOrientedContraptionEntityMixin from mod createbigcannons: Class version 65 required is higher than the class version supported by the current version of Mixin (JAVA_17 supports class version 61)
[21:26:55] [modloading-worker-0/DEBUG] [ne.ne.fm.ja.AutomaticEventSubscriber/LOADING]: Scanning class com.tacz.guns.client.animation.screen.RefitTransform for @SubscribeEvent-annotated methods
[21:26:55] [modloading-worker-0/DEBUG] [ne.ne.fm.ja.AutomaticEventSubscriber/]: Subscribing @EventBusSubscriber class Lcom/tacz/guns/client/animation/screen/RefitTransform; to the game event bus
[21:26:55] [modloading-worker-0/DEBUG] [ne.ne.fm.co.ConfigTracker/CONFIG]: Config file createnuclear-common.toml for createnuclear tracking
[21:26:55] [modloading-worker-0/DEBUG] [mixin/]: Mixing compat.create.ContraptionMixin from createbigcannons.mixins.json into com.simibubi.create.content.contraptions.Contraption
[21:26:55] [modloading-worker-0/DEBUG] [mixin/]: createbigcannons.mixins.json:compat.create.ContraptionMixin from mod createbigcannons: Class version 65 required is higher than the class version supported by the current version of Mixin (JAVA_17 supports class version 61)
[21:26:55] [modloading-worker-0/DEBUG] [mixin/]: Mixing ContraptionMixin from createaddition.mixins.json into com.simibubi.create.content.contraptions.Contraption
[21:26:55] [modloading-worker-0/DEBUG] [mixin/]: createaddition.mixins.json:ContraptionMixin from mod createaddition: Class version 65 required is higher than the class version supported by the current version of Mixin (JAVA_17 supports class version 61)
[21:26:55] [modloading-worker-0/DEBUG] [mixin/]: createbigcannons.mixins.json:compat.create.ContraptionMixin from mod createbigcannons->@Inject::createbigcannons$searchMovedStructure$removePulley(Lnet/minecraft/world/level/Level;Lnet/minecraft/core/BlockPos;Lnet/minecraft/core/Direction;Lorg/spongepowered/asm/mixin/injection/callback/CallbackInfoReturnable;)V doesn't use it's CallbackInfoReturnable
[21:26:55] [modloading-worker-0/DEBUG] [mixin/]: createbigcannons.mixins.json:compat.create.ContraptionMixin from mod createbigcannons->@Inject::createbigcannons$searchMovedStructure$removePulley(Lnet/minecraft/world/level/Level;Lnet/minecraft/core/BlockPos;Lnet/minecraft/core/Direction;Lorg/spongepowered/asm/mixin/injection/callback/CallbackInfoReturnable;)V has 0 override(s) in child classes
[21:26:55] [modloading-worker-0/DEBUG] [mixin/]: createbigcannons.mixins.json:compat.create.ContraptionMixin from mod createbigcannons->@Inject::createbigcannons$searchMovedStructure$removePulley(Lnet/minecraft/world/level/Level;Lnet/minecraft/core/BlockPos;Lnet/minecraft/core/Direction;Lorg/spongepowered/asm/mixin/injection/callback/CallbackInfoReturnable;)V won't be passed a CallbackInfoReturnable as a result
[21:26:55] [modloading-worker-0/DEBUG] [mixin/]: createbigcannons.mixins.json:compat.create.ContraptionMixin from mod createbigcannons->@Inject::createbigcannons$moveBlock$customChecks(Lnet/minecraft/world/level/Level;Lnet/minecraft/core/Direction;Ljava/util/Queue;Ljava/util/Set;Lorg/spongepowered/asm/mixin/injection/callback/CallbackInfoReturnable;)V does use it's CallbackInfoReturnable
[21:26:55] [modloading-worker-0/DEBUG] [mixin/]: createbigcannons.mixins.json:compat.create.ContraptionMixin from mod createbigcannons->@Inject::createbigcannons$moveBlock$stickerMarking(Lnet/minecraft/world/level/Level;Lnet/minecraft/core/Direction;Ljava/util/Queue;Ljava/util/Set;Lorg/spongepowered/asm/mixin/injection/callback/CallbackInfoReturnable;)V doesn't use it's CallbackInfoReturnable
[21:26:55] [modloading-worker-0/DEBUG] [mixin/]: createbigcannons.mixins.json:compat.create.ContraptionMixin from mod createbigcannons->@Inject::createbigcannons$moveBlock$stickerMarking(Lnet/minecraft/world/level/Level;Lnet/minecraft/core/Direction;Ljava/util/Queue;Ljava/util/Set;Lorg/spongepowered/asm/mixin/injection/callback/CallbackInfoReturnable;)V has 0 override(s) in child classes
[21:26:55] [modloading-worker-0/DEBUG] [mixin/]: createbigcannons.mixins.json:compat.create.ContraptionMixin from mod createbigcannons->@Inject::createbigcannons$moveBlock$stickerMarking(Lnet/minecraft/world/level/Level;Lnet/minecraft/core/Direction;Ljava/util/Queue;Ljava/util/Set;Lorg/spongepowered/asm/mixin/injection/callback/CallbackInfoReturnable;)V won't be passed a CallbackInfoReturnable as a result
[21:26:55] [modloading-worker-0/DEBUG] [mixin/]: createbigcannons.mixins.json:compat.create.ContraptionMixin from mod createbigcannons->@Inject::createbigcannons$moveChassis(Lnet/minecraft/world/level/Level;Lnet/minecraft/core/BlockPos;Lnet/minecraft/core/Direction;Ljava/util/Queue;Ljava/util/Set;Lorg/spongepowered/asm/mixin/injection/callback/CallbackInfoReturnable;)V doesn't use it's CallbackInfoReturnable
[21:26:55] [modloading-worker-0/DEBUG] [mixin/]: createbigcannons.mixins.json:compat.create.ContraptionMixin from mod createbigcannons->@Inject::createbigcannons$moveChassis(Lnet/minecraft/world/level/Level;Lnet/minecraft/core/BlockPos;Lnet/minecraft/core/Direction;Ljava/util/Queue;Ljava/util/Set;Lorg/spongepowered/asm/mixin/injection/callback/CallbackInfoReturnable;)V has 0 override(s) in child classes
[21:26:55] [modloading-worker-0/DEBUG] [mixin/]: createbigcannons.mixins.json:compat.create.ContraptionMixin from mod createbigcannons->@Inject::createbigcannons$moveChassis(Lnet/minecraft/world/level/Level;Lnet/minecraft/core/BlockPos;Lnet/minecraft/core/Direction;Ljava/util/Queue;Ljava/util/Set;Lorg/spongepowered/asm/mixin/injection/callback/CallbackInfoReturnable;)V won't be passed a CallbackInfoReturnable as a result
[21:26:55] [modloading-worker-0/DEBUG] [mixin/]: createbigcannons.mixins.json:compat.create.ContraptionMixin from mod createbigcannons->@Inject::createbigcannons$moveBlock$loaderBlocks(Lnet/minecraft/world/level/Level;Lnet/minecraft/core/Direction;Ljava/util/Queue;Ljava/util/Set;Lorg/spongepowered/asm/mixin/injection/callback/CallbackInfoReturnable;)V doesn't use it's CallbackInfoReturnable
[21:26:55] [modloading-worker-0/DEBUG] [mixin/]: createbigcannons.mixins.json:compat.create.ContraptionMixin from mod createbigcannons->@Inject::createbigcannons$moveBlock$loaderBlocks(Lnet/minecraft/world/level/Level;Lnet/minecraft/core/Direction;Ljava/util/Queue;Ljava/util/Set;Lorg/spongepowered/asm/mixin/injection/callback/CallbackInfoReturnable;)V has 0 override(s) in child classes
[21:26:55] [modloading-worker-0/DEBUG] [mixin/]: createbigcannons.mixins.json:compat.create.ContraptionMixin from mod createbigcannons->@Inject::createbigcannons$moveBlock$loaderBlocks(Lnet/minecraft/world/level/Level;Lnet/minecraft/core/Direction;Ljava/util/Queue;Ljava/util/Set;Lorg/spongepowered/asm/mixin/injection/callback/CallbackInfoReturnable;)V won't be passed a CallbackInfoReturnable as a result
[21:26:55] [modloading-worker-0/DEBUG] [mixin/]: createbigcannons.mixins.json:compat.create.ContraptionMixin from mod createbigcannons->@Inject::createbigcannons$moveBlock$addFrontier$0(Lnet/minecraft/world/level/Level;Lnet/minecraft/core/Direction;Ljava/util/Queue;Ljava/util/Set;Lorg/spongepowered/asm/mixin/injection/callback/CallbackInfoReturnable;)V doesn't use it's CallbackInfoReturnable
[21:26:55] [modloading-worker-0/DEBUG] [mixin/]: createbigcannons.mixins.json:compat.create.ContraptionMixin from mod createbigcannons->@Inject::createbigcannons$moveBlock$addFrontier$0(Lnet/minecraft/world/level/Level;Lnet/minecraft/core/Direction;Ljava/util/Queue;Ljava/util/Set;Lorg/spongepowered/asm/mixin/injection/callback/CallbackInfoReturnable;)V has 0 override(s) in child classes
[21:26:55] [modloading-worker-0/DEBUG] [mixin/]: createbigcannons.mixins.json:compat.create.ContraptionMixin from mod createbigcannons->@Inject::createbigcannons$moveBlock$addFrontier$0(Lnet/minecraft/world/level/Level;Lnet/minecraft/core/Direction;Ljava/util/Queue;Ljava/util/Set;Lorg/spongepowered/asm/mixin/injection/callback/CallbackInfoReturnable;)V won't be passed a CallbackInfoReturnable as a result
[21:26:55] [modloading-worker-0/DEBUG] [mixin/]: createbigcannons.mixins.json:compat.create.ContraptionMixin from mod createbigcannons->@Inject::createbigcannons$moveBlock$addFrontier$1(Lnet/minecraft/world/level/Level;Lnet/minecraft/core/Direction;Ljava/util/Queue;Ljava/util/Set;Lorg/spongepowered/asm/mixin/injection/callback/CallbackInfoReturnable;)V doesn't use it's CallbackInfoReturnable
[21:26:55] [modloading-worker-0/DEBUG] [mixin/]: createbigcannons.mixins.json:compat.create.ContraptionMixin from mod createbigcannons->@Inject::createbigcannons$moveBlock$addFrontier$1(Lnet/minecraft/world/level/Level;Lnet/minecraft/core/Direction;Ljava/util/Queue;Ljava/util/Set;Lorg/spongepowered/asm/mixin/injection/callback/CallbackInfoReturnable;)V has 0 override(s) in child classes
[21:26:55] [modloading-worker-0/DEBUG] [mixin/]: createbigcannons.mixins.json:compat.create.ContraptionMixin from mod createbigcannons->@Inject::createbigcannons$moveBlock$addFrontier$1(Lnet/minecraft/world/level/Level;Lnet/minecraft/core/Direction;Ljava/util/Queue;Ljava/util/Set;Lorg/spongepowered/asm/mixin/injection/callback/CallbackInfoReturnable;)V won't be passed a CallbackInfoReturnable as a result
[21:26:55] [modloading-worker-0/DEBUG] [mixin/]: createbigcannons.mixins.json:compat.create.ContraptionMixin from mod createbigcannons->@Inject::createbigcannons$movePulley$0(Lnet/minecraft/world/level/Level;Lnet/minecraft/core/BlockPos;Ljava/util/Queue;Ljava/util/Set;Lorg/spongepowered/asm/mixin/injection/callback/CallbackInfo;)V doesn't use it's CallbackInfo
[21:26:55] [modloading-worker-0/DEBUG] [mixin/]: createbigcannons.mixins.json:compat.create.ContraptionMixin from mod createbigcannons->@Inject::createbigcannons$movePulley$0(Lnet/minecraft/world/level/Level;Lnet/minecraft/core/BlockPos;Ljava/util/Queue;Ljava/util/Set;Lorg/spongepowered/asm/mixin/injection/callback/CallbackInfo;)V has 0 override(s) in child classes
[21:26:55] [modloading-worker-0/DEBUG] [mixin/]: createbigcannons.mixins.json:compat.create.ContraptionMixin from mod createbigcannons->@Inject::createbigcannons$movePulley$0(Lnet/minecraft/world/level/Level;Lnet/minecraft/core/BlockPos;Ljava/util/Queue;Ljava/util/Set;Lorg/spongepowered/asm/mixin/injection/callback/CallbackInfo;)V won't be passed a CallbackInfo as a result
[21:26:55] [modloading-worker-0/DEBUG] [mixin/]: createbigcannons.mixins.json:compat.create.ContraptionMixin from mod createbigcannons->@Inject::createbigcannons$movePulley$1(Lnet/minecraft/world/level/Level;Lnet/minecraft/core/BlockPos;Ljava/util/Queue;Ljava/util/Set;Lorg/spongepowered/asm/mixin/injection/callback/CallbackInfo;)V doesn't use it's CallbackInfo
[21:26:55] [modloading-worker-0/DEBUG] [mixin/]: createbigcannons.mixins.json:compat.create.ContraptionMixin from mod createbigcannons->@Inject::createbigcannons$movePulley$1(Lnet/minecraft/world/level/Level;Lnet/minecraft/core/BlockPos;Ljava/util/Queue;Ljava/util/Set;Lorg/spongepowered/asm/mixin/injection/callback/CallbackInfo;)V has 0 override(s) in child classes
[21:26:55] [modloading-worker-0/DEBUG] [mixin/]: createbigcannons.mixins.json:compat.create.ContraptionMixin from mod createbigcannons->@Inject::createbigcannons$movePulley$1(Lnet/minecraft/world/level/Level;Lnet/minecraft/core/BlockPos;Ljava/util/Queue;Ljava/util/Set;Lorg/spongepowered/asm/mixin/injection/callback/CallbackInfo;)V won't be passed a CallbackInfo as a result
[21:26:55] [modloading-worker-0/DEBUG] [mixin/]: createbigcannons.mixins.json:compat.create.ContraptionMixin from mod createbigcannons->@Inject::createbigcannons$searchMovedStructure(Lnet/minecraft/world/level/Level;Lnet/minecraft/core/BlockPos;Lnet/minecraft/core/Direction;Lorg/spongepowered/asm/mixin/injection/callback/CallbackInfoReturnable;)V doesn't use it's CallbackInfoReturnable
[21:26:55] [modloading-worker-0/DEBUG] [mixin/]: createbigcannons.mixins.json:compat.create.ContraptionMixin from mod createbigcannons->@Inject::createbigcannons$searchMovedStructure(Lnet/minecraft/world/level/Level;Lnet/minecraft/core/BlockPos;Lnet/minecraft/core/Direction;Lorg/spongepowered/asm/mixin/injection/callback/CallbackInfoReturnable;)V has 0 override(s) in child classes
[21:26:55] [modloading-worker-0/DEBUG] [mixin/]: createbigcannons.mixins.json:compat.create.ContraptionMixin from mod createbigcannons->@Inject::createbigcannons$searchMovedStructure(Lnet/minecraft/world/level/Level;Lnet/minecraft/core/BlockPos;Lnet/minecraft/core/Direction;Lorg/spongepowered/asm/mixin/injection/callback/CallbackInfoReturnable;)V won't be passed a CallbackInfoReturnable as a result
[21:26:55] [modloading-worker-0/DEBUG] [mixin/]: createbigcannons.mixins.json:compat.create.ContraptionMixin from mod createbigcannons->@Inject::createbigcannons$readNBT(Lnet/minecraft/world/level/Level;Lnet/minecraft/nbt/CompoundTag;ZLorg/spongepowered/asm/mixin/injection/callback/CallbackInfo;)V doesn't use it's CallbackInfo
[21:26:55] [modloading-worker-0/DEBUG] [mixin/]: createbigcannons.mixins.json:compat.create.ContraptionMixin from mod createbigcannons->@Inject::createbigcannons$readNBT(Lnet/minecraft/world/level/Level;Lnet/minecraft/nbt/CompoundTag;ZLorg/spongepowered/asm/mixin/injection/callback/CallbackInfo;)V has 0 override(s) in child classes
[21:26:55] [modloading-worker-0/DEBUG] [mixin/]: createbigcannons.mixins.json:compat.create.ContraptionMixin from mod createbigcannons->@Inject::createbigcannons$readNBT(Lnet/minecraft/world/level/Level;Lnet/minecraft/nbt/CompoundTag;ZLorg/spongepowered/asm/mixin/injection/callback/CallbackInfo;)V won't be passed a CallbackInfo as a result
[21:26:55] [modloading-worker-0/DEBUG] [mixin/]: createbigcannons.mixins.json:compat.create.ContraptionMixin from mod createbigcannons->@Inject::createbigcannons$writeNBT(Lnet/minecraft/core/HolderLookup$Provider;ZLorg/spongepowered/asm/mixin/injection/callback/CallbackInfoReturnable;)V doesn't use it's CallbackInfoReturnable
[21:26:55] [modloading-worker-0/DEBUG] [mixin/]: createbigcannons.mixins.json:compat.create.ContraptionMixin from mod createbigcannons->@Inject::createbigcannons$writeNBT(Lnet/minecraft/core/HolderLookup$Provider;ZLorg/spongepowered/asm/mixin/injection/callback/CallbackInfoReturnable;)V has 0 override(s) in child classes
[21:26:55] [modloading-worker-0/DEBUG] [mixin/]: createbigcannons.mixins.json:compat.create.ContraptionMixin from mod createbigcannons->@Inject::createbigcannons$writeNBT(Lnet/minecraft/core/HolderLookup$Provider;ZLorg/spongepowered/asm/mixin/injection/callback/CallbackInfoReturnable;)V won't be passed a CallbackInfoReturnable as a result
[21:26:55] [modloading-worker-0/DEBUG] [mixin/]: Mixing accessor.ProcessingRecipeAccessor from tfmg.mixins.json into com.simibubi.create.content.processing.recipe.ProcessingRecipe
[21:26:55] [modloading-worker-0/DEBUG] [mixin/]: tfmg.mixins.json:accessor.ProcessingRecipeAccessor from mod tfmg: Class version 65 required is higher than the class version supported by the current version of Mixin (JAVA_8 supports class version 52)
[21:26:55] [modloading-worker-0/DEBUG] [mixin/]: Mixing FluidPipeBlockMixin from tfmg.mixins.json into com.simibubi.create.content.fluids.pipes.FluidPipeBlock
[21:26:55] [modloading-worker-0/DEBUG] [mixin/]: tfmg.mixins.json:FluidPipeBlockMixin from mod tfmg: Class version 65 required is higher than the class version supported by the current version of Mixin (JAVA_8 supports class version 52)
[21:26:55] [modloading-worker-0/DEBUG] [mixin/]: Renaming synthetic method lambda$onRemove$3(Lnet/minecraft/world/level/Level;Lnet/minecraft/core/BlockPos;Lnet/minecraft/world/item/ItemStack;)V to mda37bb7$tfmg$lambda$onRemove$3$0 in tfmg.mixins.json:FluidPipeBlockMixin from mod tfmg
[21:26:55] [modloading-worker-0/DEBUG] [mixin/]: Renaming synthetic method lambda$onWrenched$2(Lnet/minecraft/world/item/context/UseOnContext;Lcom/simibubi/create/content/fluids/pipes/FluidPipeBlockEntity;)V to mda37bb7$tfmg$lambda$onWrenched$2$1 in tfmg.mixins.json:FluidPipeBlockMixin from mod tfmg
[21:26:55] [modloading-worker-0/DEBUG] [mixin/]: Renaming synthetic method lambda$onWrenched$1(Lnet/minecraft/world/item/context/UseOnContext;Lcom/simibubi/create/content/fluids/PipeConnection;)V to mda37bb7$tfmg$lambda$onWrenched$1$2 in tfmg.mixins.json:FluidPipeBlockMixin from mod tfmg
[21:26:55] [modloading-worker-0/DEBUG] [mixin/]: Renaming synthetic method lambda$onWrenched$0(Lcom/simibubi/create/content/fluids/PipeConnection;)Z to mda37bb7$tfmg$lambda$onWrenched$0$3 in tfmg.mixins.json:FluidPipeBlockMixin from mod tfmg
[21:26:55] [modloading-worker-0/DEBUG] [ne.ne.fm.ja.AutomaticEventSubscriber/LOADING]: Attempting to inject @EventBusSubscriber classes into the eventbus for createnuclear
[21:26:55] [modloading-worker-0/DEBUG] [ne.ne.fm.ja.AutomaticEventSubscriber/LOADING]: Scanning class net.nuclearteam.createnuclear.infrastructure.config.CNConfigs for @SubscribeEvent-annotated methods
[21:26:55] [modloading-worker-0/DEBUG] [ne.ne.fm.ja.AutomaticEventSubscriber/]: Subscribing @EventBusSubscriber class Lnet/nuclearteam/createnuclear/infrastructure/config/CNConfigs; to the mod event bus of mod createnuclear
[21:26:55] [modloading-worker-0/DEBUG] [ne.ne.fm.ja.AutomaticEventSubscriber/LOADING]: Scanning class net.nuclearteam.createnuclear.foundation.events.CommentEvents for @SubscribeEvent-annotated methods
[21:26:55] [modloading-worker-0/DEBUG] [ne.ne.fm.ja.AutomaticEventSubscriber/]: Subscribing @EventBusSubscriber class Lnet/nuclearteam/createnuclear/foundation/events/CommentEvents; to the game event bus
[21:26:55] [modloading-worker-0/DEBUG] [ne.ne.fm.ja.AutomaticEventSubscriber/LOADING]: Scanning class net.nuclearteam.createnuclear.foundation.events.CommentEvents$ModBusEvents for @SubscribeEvent-annotated methods
[21:26:55] [modloading-worker-0/DEBUG] [ne.ne.fm.ja.AutomaticEventSubscriber/]: Subscribing @EventBusSubscriber class Lnet/nuclearteam/createnuclear/foundation/events/CommentEvents$ModBusEvents; to the mod event bus of mod createnuclear
[21:26:55] [modloading-worker-0/DEBUG] [ne.ne.fm.ja.AutomaticEventSubscriber/LOADING]: Scanning class net.nuclearteam.createnuclear.foundation.events.CommentEventClients for @SubscribeEvent-annotated methods
[21:26:55] [modloading-worker-0/DEBUG] [ne.ne.fm.ja.AutomaticEventSubscriber/]: Subscribing @EventBusSubscriber class Lnet/nuclearteam/createnuclear/foundation/events/CommentEventClients; to the mod event bus of mod createnuclear
[21:26:55] [modloading-worker-0/DEBUG] [ne.ne.fm.ja.AutomaticEventSubscriber/LOADING]: Scanning class net.nuclearteam.createnuclear.foundation.events.CNClientEvent for @SubscribeEvent-annotated methods
[21:26:55] [modloading-worker-0/DEBUG] [ne.ne.fm.ja.AutomaticEventSubscriber/]: Subscribing @EventBusSubscriber class Lnet/nuclearteam/createnuclear/foundation/events/CNClientEvent; to the mod event bus of mod createnuclear
[21:26:55] [modloading-worker-0/DEBUG] [mixin/]: Mixing compat.create.MechanicalPistonBlockMixin from createbigcannons.mixins.json into com.simibubi.create.content.contraptions.piston.MechanicalPistonBlock
[21:26:55] [modloading-worker-0/DEBUG] [mixin/]: createbigcannons.mixins.json:compat.create.MechanicalPistonBlockMixin from mod createbigcannons: Class version 65 required is higher than the class version supported by the current version of Mixin (JAVA_17 supports class version 61)
[21:26:55] [modloading-worker-0/DEBUG] [mixin/]: Mixing compat.create.PulleyBlockMixin from createbigcannons.mixins.json into com.simibubi.create.content.contraptions.pulley.PulleyBlock
[21:26:55] [modloading-worker-0/DEBUG] [mixin/]: createbigcannons.mixins.json:compat.create.PulleyBlockMixin from mod createbigcannons: Class version 65 required is higher than the class version supported by the current version of Mixin (JAVA_17 supports class version 61)
[21:26:55] [modloading-worker-0/DEBUG] [mixin/]: Mixing compat.create.RopeBlockBaseMixin from createbigcannons.mixins.json into com.simibubi.create.content.contraptions.pulley.PulleyBlock$RopeBlockBase
[21:26:55] [modloading-worker-0/DEBUG] [mixin/]: createbigcannons.mixins.json:compat.create.RopeBlockBaseMixin from mod createbigcannons: Class version 65 required is higher than the class version supported by the current version of Mixin (JAVA_17 supports class version 61)
[21:26:55] [modloading-worker-0/DEBUG] [mixin/]: Mixing compat.create.TranslatingContraptionMixin from createbigcannons.mixins.json into com.simibubi.create.content.contraptions.TranslatingContraption
[21:26:55] [modloading-worker-0/DEBUG] [mixin/]: createbigcannons.mixins.json:compat.create.TranslatingContraptionMixin from mod createbigcannons: Class version 65 required is higher than the class version supported by the current version of Mixin (JAVA_17 supports class version 61)
[21:26:55] [modloading-worker-0/DEBUG] [mixin/]: Mixing accessor.SlidingDoorBlockEntityAccessor from tfmg.mixins.json into com.simibubi.create.content.decoration.slidingDoor.SlidingDoorBlockEntity
[21:26:55] [modloading-worker-0/DEBUG] [mixin/]: tfmg.mixins.json:accessor.SlidingDoorBlockEntityAccessor from mod tfmg: Class version 65 required is higher than the class version supported by the current version of Mixin (JAVA_8 supports class version 52)
[21:26:55] [modloading-worker-0/DEBUG] [mixin/]: Mixing BlockMovementChecksMixin from createaddition.mixins.json into com.simibubi.create.api.contraption.BlockMovementChecks
[21:26:55] [modloading-worker-0/DEBUG] [mixin/]: createaddition.mixins.json:BlockMovementChecksMixin from mod createaddition: Class version 65 required is higher than the class version supported by the current version of Mixin (JAVA_17 supports class version 61)
[21:26:55] [modloading-worker-0/DEBUG] [mixin/]: createaddition.mixins.json:BlockMovementChecksMixin from mod createaddition->@Inject::isBlockAttachedTowardsFallback(Lnet/minecraft/world/level/block/state/BlockState;Lnet/minecraft/world/level/Level;Lnet/minecraft/core/BlockPos;Lnet/minecraft/core/Direction;Lorg/spongepowered/asm/mixin/injection/callback/CallbackInfoReturnable;)V does use it's CallbackInfoReturnable
[21:26:56] [modloading-worker-0/DEBUG] [mixin/]: Mixing compat.create.FilterItemMixin from createbigcannons.mixins.json into com.simibubi.create.content.logistics.filter.FilterItem
[21:26:56] [modloading-worker-0/DEBUG] [mixin/]: createbigcannons.mixins.json:compat.create.FilterItemMixin from mod createbigcannons: Class version 65 required is higher than the class version supported by the current version of Mixin (JAVA_17 supports class version 61)
[21:26:56] [modloading-worker-0/DEBUG] [ne.ne.fm.ModContainer/]: Attempted to register an empty config for type COMMON on mod createbigcannons
[21:26:56] [modloading-worker-0/DEBUG] [ne.ne.fm.co.ConfigTracker/CONFIG]: Config file createbigcannons-client.toml for createbigcannons tracking
[21:26:56] [modloading-worker-0/DEBUG] [ne.ne.fm.co.ConfigTracker/CONFIG]: Config file createbigcannons-server.toml for createbigcannons tracking
[21:26:56] [modloading-worker-0/DEBUG] [ne.ne.fm.ja.AutomaticEventSubscriber/LOADING]: Attempting to inject @EventBusSubscriber classes into the eventbus for createbigcannons
[21:26:56] [modloading-worker-0/DEBUG] [ne.ne.fm.ja.AutomaticEventSubscriber/LOADING]: Scanning class rbasamoyai.createbigcannons.network.CBCNetworkNeoForge for @SubscribeEvent-annotated methods
[21:26:56] [modloading-worker-0/DEBUG] [ne.ne.fm.ja.AutomaticEventSubscriber/]: Subscribing @EventBusSubscriber class Lrbasamoyai/createbigcannons/network/CBCNetworkNeoForge; to the mod event bus of mod createbigcannons
[21:26:56] [modloading-worker-0/DEBUG] [ne.ne.fm.ja.AutomaticEventSubscriber/LOADING]: Scanning class rbasamoyai.createbigcannons.CBCDataNeoForge for @SubscribeEvent-annotated methods
[21:26:56] [modloading-worker-0/DEBUG] [ne.ne.fm.ja.AutomaticEventSubscriber/]: Subscribing @EventBusSubscriber class Lrbasamoyai/createbigcannons/CBCDataNeoForge; to the mod event bus of mod createbigcannons
[21:26:56] [modloading-worker-0/DEBUG] [mixin/]: Mixing accessor.FlywheelBlockEntityMixin from tfmg.mixins.json into com.simibubi.create.content.kinetics.flywheel.FlywheelBlockEntity
[21:26:56] [modloading-worker-0/DEBUG] [mixin/]: tfmg.mixins.json:accessor.FlywheelBlockEntityMixin from mod tfmg: Class version 65 required is higher than the class version supported by the current version of Mixin (JAVA_8 supports class version 52)
[21:26:56] [modloading-worker-0/DEBUG] [mixin/]: Mixing compat.create.GantryContraptionMixin from createbigcannons.mixins.json into com.simibubi.create.content.contraptions.gantry.GantryContraption
[21:26:56] [modloading-worker-0/DEBUG] [mixin/]: createbigcannons.mixins.json:compat.create.GantryContraptionMixin from mod createbigcannons: Class version 65 required is higher than the class version supported by the current version of Mixin (JAVA_17 supports class version 61)
[21:26:56] [modloading-worker-0/DEBUG] [mixin/]: Mixing compat.create.PistonContraptionMixin from createbigcannons.mixins.json into com.simibubi.create.content.contraptions.piston.PistonContraption
[21:26:56] [modloading-worker-0/DEBUG] [ne.ne.fm.co.ConfigTracker/CONFIG]: Config file tfmg-common.toml for tfmg tracking
[21:26:56] [modloading-worker-0/DEBUG] [mixin/]: createbigcannons.mixins.json:compat.create.PistonContraptionMixin from mod createbigcannons: Class version 65 required is higher than the class version supported by the current version of Mixin (JAVA_17 supports class version 61)
[21:26:56] [modloading-worker-0/DEBUG] [ne.ne.fm.co.ConfigTracker/CONFIG]: Config file tfmg-server.toml for tfmg tracking
[21:26:56] [modloading-worker-0/DEBUG] [mixin/]: createbigcannons.mixins.json:compat.create.PistonContraptionMixin from mod createbigcannons->@Inject::createbigcannons$addToInitialFrontier$1(Lnet/minecraft/world/level/Level;Lnet/minecraft/core/BlockPos;Lnet/minecraft/core/Direction;Ljava/util/Queue;Lorg/spongepowered/asm/mixin/injection/callback/CallbackInfoReturnable;)V does use it's CallbackInfoReturnable
[21:26:56] [modloading-worker-0/DEBUG] [mixin/]: Mixing compat.create.MechanicalBearingBlockEntityMixin from createbigcannons.mixins.json into com.simibubi.create.content.contraptions.bearing.MechanicalBearingBlockEntity
[21:26:56] [modloading-worker-0/DEBUG] [mixin/]: createbigcannons.mixins.json:compat.create.MechanicalBearingBlockEntityMixin from mod createbigcannons: Class version 65 required is higher than the class version supported by the current version of Mixin (JAVA_17 supports class version 61)
[21:26:56] [modloading-worker-0/DEBUG] [ne.ne.fm.ja.AutomaticEventSubscriber/LOADING]: Attempting to inject @EventBusSubscriber classes into the eventbus for tfmg
[21:26:56] [modloading-worker-0/DEBUG] [ne.ne.fm.ja.AutomaticEventSubscriber/LOADING]: Scanning class com.drmangotea.tfmg.registry.TFMGKeys for @SubscribeEvent-annotated methods
[21:26:56] [modloading-worker-0/DEBUG] [mixin/]: Renaming synthetic method lambda$createbigcannons$tick$0(Lcom/simibubi/create/content/contraptions/ControlledContraptionEntity;)Z to mda37bb7$createbigcannons$lambda$createbigcannons$tick$0$0 in createbigcannons.mixins.json:compat.create.MechanicalBearingBlockEntityMixin from mod createbigcannons
[21:26:56] [modloading-worker-0/DEBUG] [ne.ne.fm.ja.AutomaticEventSubscriber/]: Subscribing @EventBusSubscriber class Lcom/drmangotea/tfmg/registry/TFMGKeys; to the mod event bus of mod tfmg
[21:26:56] [modloading-worker-0/DEBUG] [ne.ne.fm.ja.AutomaticEventSubscriber/LOADING]: Scanning class com.drmangotea.tfmg.content.electricity.utilities.polarizer.PolarizeByLightningEvent for @SubscribeEvent-annotated methods
[21:26:56] [modloading-worker-0/DEBUG] [ne.ne.fm.ja.AutomaticEventSubscriber/]: Subscribing @EventBusSubscriber class Lcom/drmangotea/tfmg/content/electricity/utilities/polarizer/PolarizeByLightningEvent; to the game event bus
[21:26:56] [modloading-worker-0/DEBUG] [ne.ne.fm.ja.AutomaticEventSubscriber/LOADING]: Scanning class com.drmangotea.tfmg.config.TFMGConfigs for @SubscribeEvent-annotated methods
[21:26:56] [modloading-worker-0/DEBUG] [ne.ne.fm.ja.AutomaticEventSubscriber/]: Subscribing @EventBusSubscriber class Lcom/drmangotea/tfmg/config/TFMGConfigs; to the mod event bus of mod tfmg
[21:26:56] [modloading-worker-0/DEBUG] [ne.ne.fm.ja.AutomaticEventSubscriber/LOADING]: Scanning class com.drmangotea.tfmg.base.TFMGRemapper for @SubscribeEvent-annotated methods
[21:26:56] [modloading-worker-0/DEBUG] [ne.ne.fm.ja.AutomaticEventSubscriber/]: Subscribing @EventBusSubscriber class Lcom/drmangotea/tfmg/base/TFMGRemapper; to the mod event bus of mod tfmg
[21:26:56] [modloading-worker-0/DEBUG] [ne.ne.fm.ja.AutomaticEventSubscriber/LOADING]: Scanning class com.drmangotea.tfmg.base.events.TFMGRegistriesImpl for @SubscribeEvent-annotated methods
[21:26:56] [modloading-worker-0/DEBUG] [mixin/]: Mixing compat.create.PulleyBlockEntityMixin from createbigcannons.mixins.json into com.simibubi.create.content.contraptions.pulley.PulleyBlockEntity
[21:26:56] [modloading-worker-0/DEBUG] [mixin/]: createbigcannons.mixins.json:compat.create.PulleyBlockEntityMixin from mod createbigcannons: Class version 65 required is higher than the class version supported by the current version of Mixin (JAVA_17 supports class version 61)
[21:26:56] [modloading-worker-0/DEBUG] [mixin/]: createbigcannons.mixins.json:compat.create.PulleyBlockEntityMixin from mod createbigcannons->@Inject::createbigcannons$visitNewPosition(Lorg/spongepowered/asm/mixin/injection/callback/CallbackInfo;)V does use it's CallbackInfo
[21:26:56] [modloading-worker-0/DEBUG] [ne.ne.fm.ja.AutomaticEventSubscriber/]: Subscribing @EventBusSubscriber class Lcom/drmangotea/tfmg/base/events/TFMGRegistriesImpl; to the mod event bus of mod tfmg
[21:26:56] [modloading-worker-0/DEBUG] [ne.ne.fm.ja.AutomaticEventSubscriber/LOADING]: Scanning class com.drmangotea.tfmg.base.events.TFMGCommonEvents for @SubscribeEvent-annotated methods
[21:26:56] [modloading-worker-0/DEBUG] [ne.ne.fm.ja.AutomaticEventSubscriber/]: Subscribing @EventBusSubscriber class Lcom/drmangotea/tfmg/base/events/TFMGCommonEvents; to the game event bus
[21:26:56] [modloading-worker-0/DEBUG] [ne.ne.fm.ja.AutomaticEventSubscriber/LOADING]: Scanning class com.drmangotea.tfmg.base.events.TFMGCommonEvents$ModBusEvents for @SubscribeEvent-annotated methods
[21:26:56] [modloading-worker-0/DEBUG] [ne.ne.fm.ja.AutomaticEventSubscriber/]: Subscribing @EventBusSubscriber class Lcom/drmangotea/tfmg/base/events/TFMGCommonEvents$ModBusEvents; to the mod event bus of mod tfmg
[21:26:56] [modloading-worker-0/DEBUG] [mixin/]: Mixing compat.create.PulleyContraptionMixin from createbigcannons.mixins.json into com.simibubi.create.content.contraptions.pulley.PulleyContraption
[21:26:56] [modloading-worker-0/DEBUG] [mixin/]: createbigcannons.mixins.json:compat.create.PulleyContraptionMixin from mod createbigcannons: Class version 65 required is higher than the class version supported by the current version of Mixin (JAVA_17 supports class version 61)
[21:26:56] [modloading-worker-0/DEBUG] [ne.ne.fm.ja.AutomaticEventSubscriber/LOADING]: Scanning class com.drmangotea.tfmg.base.events.TFMGClientEvents for @SubscribeEvent-annotated methods
[21:26:56] [modloading-worker-0/DEBUG] [ne.ne.fm.ja.AutomaticEventSubscriber/]: Subscribing @EventBusSubscriber class Lcom/drmangotea/tfmg/base/events/TFMGClientEvents; to the game event bus
[21:26:56] [modloading-worker-0/DEBUG] [ne.ne.fm.ja.AutomaticEventSubscriber/LOADING]: Scanning class com.drmangotea.tfmg.base.events.TFMGClientEvents$ModBusEvents for @SubscribeEvent-annotated methods
[21:26:56] [modloading-worker-0/DEBUG] [ne.ne.fm.ja.AutomaticEventSubscriber/]: Subscribing @EventBusSubscriber class Lcom/drmangotea/tfmg/base/events/TFMGClientEvents$ModBusEvents; to the mod event bus of mod tfmg
[21:26:56] [modloading-worker-0/DEBUG] [mixin/]: Mixing compat.create.ChassisBlockEntityMixin from createbigcannons.mixins.json into com.simibubi.create.content.contraptions.chassis.ChassisBlockEntity
[21:26:56] [modloading-worker-0/DEBUG] [mixin/]: createbigcannons.mixins.json:compat.create.ChassisBlockEntityMixin from mod createbigcannons: Class version 65 required is higher than the class version supported by the current version of Mixin (JAVA_17 supports class version 61)
[21:26:56] [modloading-worker-0/DEBUG] [mixin/]: Mixing DeployerBlockEntityMixin from catr.mixin.json into com.simibubi.create.content.kinetics.deployer.DeployerBlockEntity
[21:26:56] [modloading-worker-0/DEBUG] [mixin/]: Mixing DeployerBlockEntityAccessor from catr.mixin.json into com.simibubi.create.content.kinetics.deployer.DeployerBlockEntity
[21:26:56] [modloading-worker-0/DEBUG] [mixin/]: catr.mixin.json:DeployerBlockEntityMixin from mod catr->@Inject::catr$damageDrillBit(Lorg/spongepowered/asm/mixin/injection/callback/CallbackInfo;)V doesn't use it's CallbackInfo
[21:26:56] [modloading-worker-0/DEBUG] [mixin/]: catr.mixin.json:DeployerBlockEntityMixin from mod catr->@Inject::catr$damageDrillBit(Lorg/spongepowered/asm/mixin/injection/callback/CallbackInfo;)V has 0 override(s) in child classes
[21:26:56] [modloading-worker-0/DEBUG] [mixin/]: catr.mixin.json:DeployerBlockEntityMixin from mod catr->@Inject::catr$damageDrillBit(Lorg/spongepowered/asm/mixin/injection/callback/CallbackInfo;)V won't be passed a CallbackInfo as a result
[21:26:56] [modloading-worker-0/DEBUG] [mixin/]: catr.mixin.json:DeployerBlockEntityMixin from mod catr->@Inject::catr$damageDrillBit(Lorg/spongepowered/asm/mixin/injection/callback/CallbackInfo;)V doesn't use it's CallbackInfo
[21:26:56] [modloading-worker-0/DEBUG] [mixin/]: catr.mixin.json:DeployerBlockEntityMixin from mod catr->@Inject::catr$damageDrillBit(Lorg/spongepowered/asm/mixin/injection/callback/CallbackInfo;)V has 0 override(s) in child classes
[21:26:56] [modloading-worker-0/DEBUG] [mixin/]: catr.mixin.json:DeployerBlockEntityMixin from mod catr->@Inject::catr$damageDrillBit(Lorg/spongepowered/asm/mixin/injection/callback/CallbackInfo;)V won't be passed a CallbackInfo as a result
[21:26:56] [modloading-worker-0/DEBUG] [mixin/]: Mixing accessor.SequencedAssemblyRecipeAccessor from tfmg.mixins.json into com.simibubi.create.content.processing.sequenced.SequencedAssemblyRecipe
[21:26:56] [modloading-worker-0/DEBUG] [mixin/]: tfmg.mixins.json:accessor.SequencedAssemblyRecipeAccessor from mod tfmg: Class version 65 required is higher than the class version supported by the current version of Mixin (JAVA_8 supports class version 52)
[21:26:56] [modloading-worker-0/DEBUG] [ne.ne.fm.ja.AutomaticEventSubscriber/LOADING]: Attempting to inject @EventBusSubscriber classes into the eventbus for mekanism
[21:26:56] [modloading-worker-0/DEBUG] [ne.ne.fm.ja.AutomaticEventSubscriber/LOADING]: Scanning class mekanism.common.lib.transmitter.TransmitterNetworkRegistry for @SubscribeEvent-annotated methods
[21:26:56] [modloading-worker-0/DEBUG] [ne.ne.fm.ja.AutomaticEventSubscriber/]: Subscribing @EventBusSubscriber class Lmekanism/common/lib/transmitter/TransmitterNetworkRegistry; to the game event bus
[21:26:56] [modloading-worker-0/DEBUG] [ne.ne.fm.ja.AutomaticEventSubscriber/LOADING]: Scanning class mekanism.common.lib.radiation.PlayerExposure for @SubscribeEvent-annotated methods
[21:26:56] [modloading-worker-0/DEBUG] [ne.ne.fm.ja.AutomaticEventSubscriber/]: Subscribing @EventBusSubscriber class Lmekanism/common/lib/radiation/PlayerExposure; to the game event bus
[21:26:56] [modloading-worker-0/DEBUG] [ne.ne.fm.ja.AutomaticEventSubscriber/LOADING]: Scanning class mekanism.common.lib.radiation.MeltdownLevelData for @SubscribeEvent-annotated methods
[21:26:56] [modloading-worker-0/DEBUG] [ne.ne.fm.ja.AutomaticEventSubscriber/]: Subscribing @EventBusSubscriber class Lmekanism/common/lib/radiation/MeltdownLevelData; to the game event bus
[21:26:56] [modloading-worker-0/DEBUG] [ne.ne.fm.ja.AutomaticEventSubscriber/LOADING]: Scanning class mekanism.common.lib.multiblock.MultiblockManager for @SubscribeEvent-annotated methods
[21:26:56] [modloading-worker-0/DEBUG] [ne.ne.fm.ja.AutomaticEventSubscriber/]: Subscribing @EventBusSubscriber class Lmekanism/common/lib/multiblock/MultiblockManager; to the game event bus
[21:26:56] [modloading-worker-0/DEBUG] [ne.ne.fm.ja.AutomaticEventSubscriber/LOADING]: Scanning class mekanism.common.base.holiday.ClientHolidayInfo for @SubscribeEvent-annotated methods
[21:26:56] [modloading-worker-0/DEBUG] [ne.ne.fm.ja.AutomaticEventSubscriber/]: Subscribing @EventBusSubscriber class Lmekanism/common/base/holiday/ClientHolidayInfo; to the mod event bus of mod mekanism
[21:26:56] [modloading-worker-0/DEBUG] [ne.ne.fm.ja.AutomaticEventSubscriber/LOADING]: Scanning class mekanism.client.sound.SoundHandler for @SubscribeEvent-annotated methods
[21:26:56] [modloading-worker-0/DEBUG] [ne.ne.fm.co.ConfigTracker/CONFIG]: Config file create-common.toml for create tracking
[21:26:56] [modloading-worker-0/DEBUG] [ne.ne.fm.co.ConfigTracker/CONFIG]: Config file create-client.toml for create tracking
[21:26:56] [modloading-worker-0/DEBUG] [ne.ne.fm.co.ConfigTracker/CONFIG]: Config file create-server.toml for create tracking
[21:26:56] [modloading-worker-0/DEBUG] [ne.ne.fm.ja.AutomaticEventSubscriber/]: Subscribing @EventBusSubscriber class Lmekanism/client/sound/SoundHandler; to the mod event bus of mod mekanism
[21:26:56] [modloading-worker-0/DEBUG] [ne.ne.fm.ja.AutomaticEventSubscriber/LOADING]: Scanning class mekanism.client.render.MekanismShaders for @SubscribeEvent-annotated methods
[21:26:56] [modloading-worker-0/DEBUG] [ne.ne.fm.ja.AutomaticEventSubscriber/]: Subscribing @EventBusSubscriber class Lmekanism/client/render/MekanismShaders; to the mod event bus of mod mekanism
[21:26:56] [modloading-worker-0/DEBUG] [ne.ne.fm.ja.AutomaticEventSubscriber/LOADING]: Scanning class mekanism.client.render.MekanismRenderer for @SubscribeEvent-annotated methods
[21:26:56] [modloading-worker-0/DEBUG] [mixin/]: Mixing client.CameraMixin from createbigcannons.mixins.json into net.minecraft.client.Camera
[21:26:56] [modloading-worker-0/DEBUG] [mixin/]: createbigcannons.mixins.json:client.CameraMixin from mod createbigcannons: Class version 65 required is higher than the class version supported by the current version of Mixin (JAVA_17 supports class version 61)
[21:26:56] [modloading-worker-0/DEBUG] [mixin/]: Mixing client.CameraMixin from create.mixins.json into net.minecraft.client.Camera
[21:26:56] [modloading-worker-0/DEBUG] [ne.ne.fm.ja.AutomaticEventSubscriber/]: Subscribing @EventBusSubscriber class Lmekanism/client/render/MekanismRenderer; to the mod event bus of mod mekanism
[21:26:56] [modloading-worker-0/DEBUG] [ne.ne.fm.ja.AutomaticEventSubscriber/LOADING]: Scanning class mekanism.client.ClientRegistration for @SubscribeEvent-annotated methods
[21:26:56] [modloading-worker-0/DEBUG] [ne.ne.fm.ja.AutomaticEventSubscriber/]: Subscribing @EventBusSubscriber class Lmekanism/client/ClientRegistration; to the mod event bus of mod mekanism
[21:26:56] [modloading-worker-0/DEBUG] [mixin/]: Mixing client.ValueSettingsClientMixin from createbigcannons.mixins.json into com.simibubi.create.foundation.blockEntity.behaviour.ValueSettingsClient
[21:26:56] [modloading-worker-0/DEBUG] [mixin/]: createbigcannons.mixins.json:client.ValueSettingsClientMixin from mod createbigcannons: Class version 65 required is higher than the class version supported by the current version of Mixin (JAVA_17 supports class version 61)
[21:26:56] [modloading-worker-0/DEBUG] [ne.ne.fm.ja.AutomaticEventSubscriber/LOADING]: Attempting to inject @EventBusSubscriber classes into the eventbus for create
[21:26:56] [modloading-worker-0/DEBUG] [ne.ne.fm.ja.AutomaticEventSubscriber/LOADING]: Scanning class com.simibubi.create.compat.trainmap.TrainMapEvents for @SubscribeEvent-annotated methods
[21:26:56] [modloading-worker-0/DEBUG] [ne.ne.fm.ja.AutomaticEventSubscriber/]: Subscribing @EventBusSubscriber class Lcom/simibubi/create/compat/trainmap/TrainMapEvents; to the game event bus
[21:26:56] [modloading-worker-0/DEBUG] [ne.ne.fm.ja.AutomaticEventSubscriber/LOADING]: Scanning class com.simibubi.create.infrastructure.config.AllConfigs for @SubscribeEvent-annotated methods
[21:26:56] [modloading-worker-0/DEBUG] [ne.ne.fm.ja.AutomaticEventSubscriber/]: Subscribing @EventBusSubscriber class Lcom/simibubi/create/infrastructure/config/AllConfigs; to the mod event bus of mod create
[21:26:56] [modloading-worker-0/DEBUG] [ne.ne.fm.ja.AutomaticEventSubscriber/LOADING]: Scanning class com.simibubi.create.infrastructure.gui.OpenCreateMenuButton$OpenConfigButtonHandler for @SubscribeEvent-annotated methods
[21:26:56] [modloading-worker-0/DEBUG] [ne.ne.fm.ja.AutomaticEventSubscriber/]: Subscribing @EventBusSubscriber class Lcom/simibubi/create/infrastructure/gui/OpenCreateMenuButton$OpenConfigButtonHandler; to the game event bus
[21:26:56] [modloading-worker-0/DEBUG] [ne.ne.fm.ja.AutomaticEventSubscriber/LOADING]: Scanning class com.simibubi.create.infrastructure.RemapHelper for @SubscribeEvent-annotated methods
[21:26:56] [modloading-worker-0/DEBUG] [ne.ne.fm.ja.AutomaticEventSubscriber/]: Subscribing @EventBusSubscriber class Lcom/simibubi/create/infrastructure/RemapHelper; to the mod event bus of mod create
[21:26:56] [modloading-worker-0/DEBUG] [ne.ne.fm.ja.AutomaticEventSubscriber/LOADING]: Scanning class com.simibubi.create.infrastructure.gametest.CreateGameTests for @SubscribeEvent-annotated methods
[21:26:56] [modloading-worker-0/DEBUG] [ne.ne.fm.ja.AutomaticEventSubscriber/]: Subscribing @EventBusSubscriber class Lcom/simibubi/create/infrastructure/gametest/CreateGameTests; to the mod event bus of mod create
[21:26:56] [modloading-worker-0/DEBUG] [ne.ne.fm.ja.AutomaticEventSubscriber/LOADING]: Scanning class com.simibubi.create.foundation.block.ItemUseOverrides for @SubscribeEvent-annotated methods
[21:26:56] [modloading-worker-0/DEBUG] [ne.ne.fm.ja.AutomaticEventSubscriber/]: Subscribing @EventBusSubscriber class Lcom/simibubi/create/foundation/block/ItemUseOverrides; to the game event bus
[21:26:56] [modloading-worker-0/DEBUG] [ne.ne.fm.ja.AutomaticEventSubscriber/LOADING]: Scanning class com.simibubi.create.foundation.blockEntity.behaviour.ValueSettingsInputHandler for @SubscribeEvent-annotated methods
[21:26:56] [modloading-worker-0/DEBUG] [ne.ne.fm.ja.AutomaticEventSubscriber/]: Subscribing @EventBusSubscriber class Lcom/simibubi/create/foundation/blockEntity/behaviour/ValueSettingsInputHandler; to the game event bus
[21:26:56] [modloading-worker-0/DEBUG] [ne.ne.fm.ja.AutomaticEventSubscriber/LOADING]: Scanning class com.simibubi.create.foundation.blockEntity.behaviour.edgeInteraction.EdgeInteractionHandler for @SubscribeEvent-annotated methods
[21:26:56] [modloading-worker-0/DEBUG] [ne.ne.fm.ja.AutomaticEventSubscriber/]: Subscribing @EventBusSubscriber class Lcom/simibubi/create/foundation/blockEntity/behaviour/edgeInteraction/EdgeInteractionHandler; to the game event bus
[21:26:56] [modloading-worker-0/DEBUG] [ne.ne.fm.ja.AutomaticEventSubscriber/LOADING]: Scanning class com.simibubi.create.foundation.render.RenderTypes$Shaders for @SubscribeEvent-annotated methods
[21:26:56] [modloading-worker-0/DEBUG] [ne.ne.fm.ja.AutomaticEventSubscriber/]: Subscribing @EventBusSubscriber class Lcom/simibubi/create/foundation/render/RenderTypes$Shaders; to the mod event bus of mod create
[21:26:56] [modloading-worker-0/DEBUG] [ne.ne.fm.ja.AutomaticEventSubscriber/LOADING]: Scanning class com.simibubi.create.foundation.events.InputEvents for @SubscribeEvent-annotated methods
[21:26:56] [modloading-worker-0/DEBUG] [ne.ne.fm.ja.AutomaticEventSubscriber/]: Subscribing @EventBusSubscriber class Lcom/simibubi/create/foundation/events/InputEvents; to the game event bus
[21:26:56] [modloading-worker-0/DEBUG] [ne.ne.fm.ja.AutomaticEventSubscriber/LOADING]: Scanning class com.simibubi.create.foundation.events.ClientEvents for @SubscribeEvent-annotated methods
[21:26:56] [modloading-worker-0/DEBUG] [ne.ne.fm.ja.AutomaticEventSubscriber/LOADING]: Found mix of game bus and mod bus listeners in @EventBusSubscriber class Lcom/simibubi/create/foundation/events/ClientEvents;, registering them separately
[21:26:56] [modloading-worker-0/DEBUG] [ne.ne.fm.ja.AutomaticEventSubscriber/LOADING]: Subscribing method public static void com.simibubi.create.foundation.events.ClientEvents.onLoadComplete(net.neoforged.fml.event.lifecycle.FMLLoadCompleteEvent) to the event bus of mod create
[21:26:56] [modloading-worker-0/DEBUG] [ne.ne.fm.ja.AutomaticEventSubscriber/LOADING]: Subscribing method public static void com.simibubi.create.foundation.events.ClientEvents.addEntityRendererLayers(net.neoforged.neoforge.client.event.EntityRenderersEvent$AddLayers) to the event bus of mod create
[21:26:56] [modloading-worker-0/DEBUG] [ne.ne.fm.ja.AutomaticEventSubscriber/LOADING]: Subscribing method public static void com.simibubi.create.foundation.events.ClientEvents.registerGuiOverlays(net.neoforged.neoforge.client.event.RegisterGuiLayersEvent) to the event bus of mod create
[21:26:56] [modloading-worker-0/DEBUG] [ne.ne.fm.ja.AutomaticEventSubscriber/LOADING]: Subscribing method public static void com.simibubi.create.foundation.events.ClientEvents.registerItemDecorations(net.neoforged.neoforge.client.event.RegisterItemDecorationsEvent) to the event bus of mod create
[21:26:56] [modloading-worker-0/DEBUG] [ne.ne.fm.ja.AutomaticEventSubscriber/LOADING]: Subscribing method public static void com.simibubi.create.foundation.events.ClientEvents.registerClientReloadListeners(net.neoforged.neoforge.client.event.RegisterClientReloadListenersEvent) to the event bus of mod create
[21:26:56] [modloading-worker-0/DEBUG] [ne.ne.fm.ja.AutomaticEventSubscriber/LOADING]: Subscribing method public static void com.simibubi.create.foundation.events.ClientEvents.onMount(net.neoforged.neoforge.event.entity.EntityMountEvent) to the game event bus
[21:26:56] [modloading-worker-0/DEBUG] [ne.ne.fm.ja.AutomaticEventSubscriber/LOADING]: Subscribing method public static void com.simibubi.create.foundation.events.ClientEvents.onLeave(net.neoforged.neoforge.client.event.ClientPlayerNetworkEvent$LoggingOut) to the game event bus
[21:26:56] [modloading-worker-0/DEBUG] [ne.ne.fm.ja.AutomaticEventSubscriber/LOADING]: Subscribing method public static void com.simibubi.create.foundation.events.ClientEvents.onJoin(net.neoforged.neoforge.client.event.ClientPlayerNetworkEvent$LoggingIn) to the game event bus
[21:26:56] [modloading-worker-0/DEBUG] [ne.ne.fm.ja.AutomaticEventSubscriber/LOADING]: Subscribing method public static void com.simibubi.create.foundation.events.ClientEvents.onRenderWorld(net.neoforged.neoforge.client.event.RenderLevelStageEvent) to the game event bus
[21:26:56] [modloading-worker-0/DEBUG] [ne.ne.fm.ja.AutomaticEventSubscriber/LOADING]: Subscribing method public static void com.simibubi.create.foundation.events.ClientEvents.onTickPost(net.neoforged.neoforge.client.event.ClientTickEvent$Post) to the game event bus
[21:26:56] [modloading-worker-0/DEBUG] [ne.ne.fm.ja.AutomaticEventSubscriber/LOADING]: Subscribing method public static void com.simibubi.create.foundation.events.ClientEvents.onCameraSetup(net.neoforged.neoforge.client.event.ViewportEvent$ComputeCameraAngles) to the game event bus
[21:26:56] [modloading-worker-0/DEBUG] [ne.ne.fm.ja.AutomaticEventSubscriber/LOADING]: Subscribing method public static void com.simibubi.create.foundation.events.ClientEvents.registerClientCommands(net.neoforged.neoforge.client.event.RegisterClientCommandsEvent) to the game event bus
[21:26:56] [modloading-worker-0/DEBUG] [ne.ne.fm.ja.AutomaticEventSubscriber/LOADING]: Subscribing method public static void com.simibubi.create.foundation.events.ClientEvents.onTickPre(net.neoforged.neoforge.client.event.ClientTickEvent$Pre) to the game event bus
[21:26:56] [modloading-worker-0/DEBUG] [ne.ne.fm.ja.AutomaticEventSubscriber/LOADING]: Subscribing method public static void com.simibubi.create.foundation.events.ClientEvents.onLoadWorld(net.neoforged.neoforge.event.level.LevelEvent$Load) to the game event bus
[21:26:56] [modloading-worker-0/DEBUG] [ne.ne.fm.ja.AutomaticEventSubscriber/LOADING]: Subscribing method public static void com.simibubi.create.foundation.events.ClientEvents.onUnloadWorld(net.neoforged.neoforge.event.level.LevelEvent$Unload) to the game event bus
[21:26:56] [modloading-worker-0/DEBUG] [ne.ne.fm.ja.AutomaticEventSubscriber/LOADING]: Subscribing method public static void com.simibubi.create.foundation.events.ClientEvents.addToItemTooltip(net.neoforged.neoforge.event.entity.player.ItemTooltipEvent) to the game event bus
[21:26:56] [modloading-worker-0/DEBUG] [ne.ne.fm.ja.AutomaticEventSubscriber/LOADING]: Subscribing method public static void com.simibubi.create.foundation.events.ClientEvents.onRenderFrame(net.neoforged.neoforge.client.event.RenderFrameEvent$Pre) to the game event bus
[21:26:56] [modloading-worker-0/DEBUG] [ne.ne.fm.ja.AutomaticEventSubscriber/LOADING]: Subscribing method public static void com.simibubi.create.foundation.events.ClientEvents.getFogDensity(net.neoforged.neoforge.client.event.ViewportEvent$RenderFog) to the game event bus
[21:26:56] [modloading-worker-0/DEBUG] [ne.ne.fm.ja.AutomaticEventSubscriber/LOADING]: Subscribing method public static void com.simibubi.create.foundation.events.ClientEvents.leftClickEmpty(net.neoforged.neoforge.event.entity.player.PlayerInteractEvent$LeftClickEmpty) to the game event bus
[21:26:56] [modloading-worker-0/DEBUG] [ne.ne.fm.ja.AutomaticEventSubscriber/LOADING]: Scanning class com.simibubi.create.foundation.events.CommonEvents$ModBusEvents for @SubscribeEvent-annotated methods
[21:26:56] [modloading-worker-0/DEBUG] [ne.ne.fm.ja.AutomaticEventSubscriber/]: Subscribing @EventBusSubscriber class Lcom/simibubi/create/foundation/events/CommonEvents$ModBusEvents; to the mod event bus of mod create
[21:26:56] [modloading-worker-0/DEBUG] [ne.ne.fm.ja.AutomaticEventSubscriber/LOADING]: Scanning class com.simibubi.create.foundation.events.CommonEvents for @SubscribeEvent-annotated methods
[21:26:56] [modloading-worker-0/DEBUG] [ne.ne.fm.ja.AutomaticEventSubscriber/]: Subscribing @EventBusSubscriber class Lcom/simibubi/create/foundation/events/CommonEvents; to the game event bus
[21:26:56] [modloading-worker-0/DEBUG] [ne.ne.fm.ja.AutomaticEventSubscriber/LOADING]: Scanning class com.simibubi.create.content.contraptions.glue.SuperGlueHandler for @SubscribeEvent-annotated methods
[21:26:56] [modloading-worker-0/DEBUG] [ne.ne.fm.ja.AutomaticEventSubscriber/]: Subscribing @EventBusSubscriber class Lcom/simibubi/create/content/contraptions/glue/SuperGlueHandler; to the game event bus
[21:26:56] [modloading-worker-0/DEBUG] [ne.ne.fm.ja.AutomaticEventSubscriber/LOADING]: Scanning class com.simibubi.create.content.contraptions.glue.SuperGlueItem for @SubscribeEvent-annotated methods
[21:26:56] [modloading-worker-0/DEBUG] [ne.ne.fm.ja.AutomaticEventSubscriber/]: Subscribing @EventBusSubscriber class Lcom/simibubi/create/content/contraptions/glue/SuperGlueItem; to the game event bus
[21:26:56] [modloading-worker-0/DEBUG] [ne.ne.fm.ja.AutomaticEventSubscriber/LOADING]: Scanning class com.simibubi.create.content.contraptions.ContraptionHandlerClient for @SubscribeEvent-annotated methods
[21:26:56] [modloading-worker-0/DEBUG] [ne.ne.fm.ja.AutomaticEventSubscriber/]: Subscribing @EventBusSubscriber class Lcom/simibubi/create/content/contraptions/ContraptionHandlerClient; to the game event bus
[21:26:56] [modloading-worker-0/DEBUG] [ne.ne.fm.ja.AutomaticEventSubscriber/LOADING]: Scanning class com.simibubi.create.content.contraptions.minecart.CouplingHandler for @SubscribeEvent-annotated methods
[21:26:56] [modloading-worker-0/DEBUG] [ne.ne.fm.ja.AutomaticEventSubscriber/]: Subscribing @EventBusSubscriber class Lcom/simibubi/create/content/contraptions/minecart/CouplingHandler; to the game event bus
[21:26:56] [modloading-worker-0/DEBUG] [ne.ne.fm.ja.AutomaticEventSubscriber/LOADING]: Scanning class com.simibubi.create.content.contraptions.minecart.MinecartCouplingItem for @SubscribeEvent-annotated methods
[21:26:56] [modloading-worker-0/DEBUG] [ne.ne.fm.ja.AutomaticEventSubscriber/]: Subscribing @EventBusSubscriber class Lcom/simibubi/create/content/contraptions/minecart/MinecartCouplingItem; to the game event bus
[21:26:56] [modloading-worker-0/DEBUG] [ne.ne.fm.ja.AutomaticEventSubscriber/LOADING]: Scanning class com.simibubi.create.content.contraptions.mounted.MinecartContraptionItem for @SubscribeEvent-annotated methods
[21:26:56] [modloading-worker-0/DEBUG] [ne.ne.fm.ja.AutomaticEventSubscriber/]: Subscribing @EventBusSubscriber class Lcom/simibubi/create/content/contraptions/mounted/MinecartContraptionItem; to the game event bus
[21:26:56] [modloading-worker-0/DEBUG] [ne.ne.fm.ja.AutomaticEventSubscriber/LOADING]: Scanning class com.simibubi.create.content.fluids.FluidReactions for @SubscribeEvent-annotated methods
[21:26:56] [modloading-worker-0/DEBUG] [ne.ne.fm.ja.AutomaticEventSubscriber/]: Subscribing @EventBusSubscriber class Lcom/simibubi/create/content/fluids/FluidReactions; to the game event bus
[21:26:56] [modloading-worker-0/DEBUG] [ne.ne.fm.ja.AutomaticEventSubscriber/LOADING]: Scanning class com.simibubi.create.content.fluids.FluidBottleItemHook for @SubscribeEvent-annotated methods
[21:26:56] [modloading-worker-0/DEBUG] [ne.ne.fm.ja.AutomaticEventSubscriber/]: Subscribing @EventBusSubscriber class Lcom/simibubi/create/content/fluids/FluidBottleItemHook; to the game event bus
[21:26:56] [modloading-worker-0/DEBUG] [ne.ne.fm.ja.AutomaticEventSubscriber/LOADING]: Scanning class com.simibubi.create.content.trains.track.TrackBlockOutline for @SubscribeEvent-annotated methods
[21:26:56] [modloading-worker-0/DEBUG] [ne.ne.fm.ja.AutomaticEventSubscriber/]: Subscribing @EventBusSubscriber class Lcom/simibubi/create/content/trains/track/TrackBlockOutline; to the game event bus
[21:26:56] [modloading-worker-0/DEBUG] [ne.ne.fm.ja.AutomaticEventSubscriber/LOADING]: Scanning class com.simibubi.create.content.trains.track.TrackBlockItem for @SubscribeEvent-annotated methods
[21:26:56] [modloading-worker-0/DEBUG] [ne.ne.fm.ja.AutomaticEventSubscriber/]: Subscribing @EventBusSubscriber class Lcom/simibubi/create/content/trains/track/TrackBlockItem; to the game event bus
[21:26:56] [modloading-worker-0/DEBUG] [ne.ne.fm.ja.AutomaticEventSubscriber/LOADING]: Scanning class com.simibubi.create.content.trains.schedule.ScheduleItemEntityInteraction for @SubscribeEvent-annotated methods
[21:26:56] [modloading-worker-0/DEBUG] [ne.ne.fm.ja.AutomaticEventSubscriber/]: Subscribing @EventBusSubscriber class Lcom/simibubi/create/content/trains/schedule/ScheduleItemEntityInteraction; to the game event bus
[21:26:56] [modloading-worker-0/DEBUG] [ne.ne.fm.ja.AutomaticEventSubscriber/LOADING]: Scanning class com.simibubi.create.content.logistics.box.PackageClientInteractionHandler for @SubscribeEvent-annotated methods
[21:26:56] [modloading-worker-0/DEBUG] [ne.ne.fm.ja.AutomaticEventSubscriber/]: Subscribing @EventBusSubscriber class Lcom/simibubi/create/content/logistics/box/PackageClientInteractionHandler; to the game event bus
[21:26:56] [modloading-worker-0/DEBUG] [ne.ne.fm.ja.AutomaticEventSubscriber/LOADING]: Scanning class com.simibubi.create.content.logistics.funnel.FunnelItem for @SubscribeEvent-annotated methods
[21:26:56] [modloading-worker-0/DEBUG] [ne.ne.fm.ja.AutomaticEventSubscriber/]: Subscribing @EventBusSubscriber class Lcom/simibubi/create/content/logistics/funnel/FunnelItem; to the game event bus
[21:26:56] [modloading-worker-0/DEBUG] [ne.ne.fm.ja.AutomaticEventSubscriber/LOADING]: Scanning class com.simibubi.create.content.logistics.itemHatch.ItemHatchHandler for @SubscribeEvent-annotated methods
[21:26:56] [modloading-worker-0/DEBUG] [ne.ne.fm.ja.AutomaticEventSubscriber/]: Subscribing @EventBusSubscriber class Lcom/simibubi/create/content/logistics/itemHatch/ItemHatchHandler; to the game event bus
[21:26:56] [modloading-worker-0/DEBUG] [ne.ne.fm.ja.AutomaticEventSubscriber/LOADING]: Scanning class com.simibubi.create.content.logistics.stockTicker.StockTickerInteractionHandler for @SubscribeEvent-annotated methods
[21:26:56] [modloading-worker-0/DEBUG] [ne.ne.fm.ja.AutomaticEventSubscriber/]: Subscribing @EventBusSubscriber class Lcom/simibubi/create/content/logistics/stockTicker/StockTickerInteractionHandler; to the game event bus
[21:26:56] [modloading-worker-0/DEBUG] [ne.ne.fm.ja.AutomaticEventSubscriber/LOADING]: Scanning class com.simibubi.create.content.logistics.depot.EjectorTargetHandler for @SubscribeEvent-annotated methods
[21:26:56] [modloading-worker-0/DEBUG] [ne.ne.fm.ja.AutomaticEventSubscriber/]: Subscribing @EventBusSubscriber class Lcom/simibubi/create/content/logistics/depot/EjectorTargetHandler; to the game event bus
[21:26:56] [modloading-worker-0/DEBUG] [ne.ne.fm.ja.AutomaticEventSubscriber/LOADING]: Scanning class com.simibubi.create.content.redstone.displayLink.ClickToLinkBlockItem for @SubscribeEvent-annotated methods
[21:26:56] [modloading-worker-0/DEBUG] [ne.ne.fm.ja.AutomaticEventSubscriber/]: Subscribing @EventBusSubscriber class Lcom/simibubi/create/content/redstone/displayLink/ClickToLinkBlockItem; to the game event bus
[21:26:56] [modloading-worker-0/DEBUG] [ne.ne.fm.ja.AutomaticEventSubscriber/LOADING]: Scanning class com.simibubi.create.content.redstone.link.LinkHandler for @SubscribeEvent-annotated methods
[21:26:56] [modloading-worker-0/DEBUG] [ne.ne.fm.ja.AutomaticEventSubscriber/]: Subscribing @EventBusSubscriber class Lcom/simibubi/create/content/redstone/link/LinkHandler; to the game event bus
[21:26:56] [modloading-worker-0/DEBUG] [ne.ne.fm.ja.AutomaticEventSubscriber/LOADING]: Scanning class com.simibubi.create.content.equipment.extendoGrip.ExtendoGripItem for @SubscribeEvent-annotated methods
[21:26:56] [modloading-worker-0/DEBUG] [ne.ne.fm.ja.AutomaticEventSubscriber/]: Subscribing @EventBusSubscriber class Lcom/simibubi/create/content/equipment/extendoGrip/ExtendoGripItem; to the game event bus
[21:26:56] [modloading-worker-0/DEBUG] [ne.ne.fm.ja.AutomaticEventSubscriber/LOADING]: Scanning class com.simibubi.create.content.equipment.extendoGrip.ExtendoGripRenderHandler for @SubscribeEvent-annotated methods
[21:26:56] [modloading-worker-0/DEBUG] [ne.ne.fm.ja.AutomaticEventSubscriber/]: Subscribing @EventBusSubscriber class Lcom/simibubi/create/content/equipment/extendoGrip/ExtendoGripRenderHandler; to the game event bus
[21:26:56] [modloading-worker-0/DEBUG] [ne.ne.fm.ja.AutomaticEventSubscriber/LOADING]: Scanning class com.simibubi.create.content.equipment.clipboard.ClipboardValueSettingsHandler for @SubscribeEvent-annotated methods
[21:26:56] [modloading-worker-0/DEBUG] [ne.ne.fm.ja.AutomaticEventSubscriber/]: Subscribing @EventBusSubscriber class Lcom/simibubi/create/content/equipment/clipboard/ClipboardValueSettingsHandler; to the game event bus
[21:26:56] [modloading-worker-0/DEBUG] [ne.ne.fm.ja.AutomaticEventSubscriber/LOADING]: Scanning class com.simibubi.create.content.equipment.armor.NetheriteDivingHandler for @SubscribeEvent-annotated methods
[21:26:56] [modloading-worker-0/DEBUG] [ne.ne.fm.ja.AutomaticEventSubscriber/]: Subscribing @EventBusSubscriber class Lcom/simibubi/create/content/equipment/armor/NetheriteDivingHandler; to the game event bus
[21:26:56] [modloading-worker-0/DEBUG] [ne.ne.fm.ja.AutomaticEventSubscriber/LOADING]: Scanning class com.simibubi.create.content.equipment.armor.DivingBootsItem for @SubscribeEvent-annotated methods
[21:26:56] [modloading-worker-0/DEBUG] [ne.ne.fm.ja.AutomaticEventSubscriber/]: Subscribing @EventBusSubscriber class Lcom/simibubi/create/content/equipment/armor/DivingBootsItem; to the game event bus
[21:26:56] [modloading-worker-0/DEBUG] [ne.ne.fm.ja.AutomaticEventSubscriber/LOADING]: Scanning class com.simibubi.create.content.equipment.armor.CardboardArmorHandlerClient for @SubscribeEvent-annotated methods
[21:26:56] [modloading-worker-0/DEBUG] [ne.ne.fm.ja.AutomaticEventSubscriber/]: Subscribing @EventBusSubscriber class Lcom/simibubi/create/content/equipment/armor/CardboardArmorHandlerClient; to the game event bus
[21:26:56] [modloading-worker-0/DEBUG] [ne.ne.fm.ja.AutomaticEventSubscriber/LOADING]: Scanning class com.simibubi.create.content.equipment.armor.CardboardArmorHandler for @SubscribeEvent-annotated methods
[21:26:56] [modloading-worker-0/DEBUG] [ne.ne.fm.ja.AutomaticEventSubscriber/]: Subscribing @EventBusSubscriber class Lcom/simibubi/create/content/equipment/armor/CardboardArmorHandler; to the game event bus
[21:26:56] [modloading-worker-0/DEBUG] [ne.ne.fm.ja.AutomaticEventSubscriber/LOADING]: Scanning class com.simibubi.create.content.equipment.armor.NetheriteBacktankFirstPersonRenderer for @SubscribeEvent-annotated methods
[21:26:56] [modloading-worker-0/DEBUG] [ne.ne.fm.ja.AutomaticEventSubscriber/]: Subscribing @EventBusSubscriber class Lcom/simibubi/create/content/equipment/armor/NetheriteBacktankFirstPersonRenderer; to the game event bus
[21:26:56] [modloading-worker-0/DEBUG] [ne.ne.fm.ja.AutomaticEventSubscriber/LOADING]: Scanning class com.simibubi.create.content.equipment.armor.DivingHelmetItem for @SubscribeEvent-annotated methods
[21:26:56] [modloading-worker-0/DEBUG] [ne.ne.fm.ja.AutomaticEventSubscriber/]: Subscribing @EventBusSubscriber class Lcom/simibubi/create/content/equipment/armor/DivingHelmetItem; to the game event bus
[21:26:56] [modloading-worker-0/DEBUG] [ne.ne.fm.ja.AutomaticEventSubscriber/LOADING]: Scanning class com.simibubi.create.content.equipment.wrench.WrenchEventHandler for @SubscribeEvent-annotated methods
[21:26:56] [modloading-worker-0/DEBUG] [ne.ne.fm.ja.AutomaticEventSubscriber/]: Subscribing @EventBusSubscriber class Lcom/simibubi/create/content/equipment/wrench/WrenchEventHandler; to the game event bus
[21:26:56] [modloading-worker-0/DEBUG] [ne.ne.fm.ja.AutomaticEventSubscriber/LOADING]: Scanning class com.simibubi.create.content.equipment.bell.HauntedBellPulser for @SubscribeEvent-annotated methods
[21:26:56] [modloading-worker-0/DEBUG] [ne.ne.fm.ja.AutomaticEventSubscriber/]: Subscribing @EventBusSubscriber class Lcom/simibubi/create/content/equipment/bell/HauntedBellPulser; to the game event bus
[21:26:56] [modloading-worker-0/DEBUG] [ne.ne.fm.ja.AutomaticEventSubscriber/LOADING]: Scanning class com.simibubi.create.content.equipment.symmetryWand.SymmetryHandler for @SubscribeEvent-annotated methods
[21:26:56] [modloading-worker-0/DEBUG] [ne.ne.fm.ja.AutomaticEventSubscriber/]: Subscribing @EventBusSubscriber class Lcom/simibubi/create/content/equipment/symmetryWand/SymmetryHandler; to the game event bus
[21:26:56] [modloading-worker-0/DEBUG] [ne.ne.fm.ja.AutomaticEventSubscriber/LOADING]: Scanning class com.simibubi.create.content.equipment.zapper.ZapperInteractionHandler for @SubscribeEvent-annotated methods
[21:26:56] [modloading-worker-0/DEBUG] [ne.ne.fm.ja.AutomaticEventSubscriber/]: Subscribing @EventBusSubscriber class Lcom/simibubi/create/content/equipment/zapper/ZapperInteractionHandler; to the game event bus
[21:26:56] [modloading-worker-0/DEBUG] [ne.ne.fm.ja.AutomaticEventSubscriber/LOADING]: Scanning class com.simibubi.create.content.equipment.tool.CardboardSwordItem for @SubscribeEvent-annotated methods
[21:26:56] [modloading-worker-0/DEBUG] [ne.ne.fm.ja.AutomaticEventSubscriber/]: Subscribing @EventBusSubscriber class Lcom/simibubi/create/content/equipment/tool/CardboardSwordItem; to the game event bus
[21:26:56] [modloading-worker-0/DEBUG] [ne.ne.fm.ja.AutomaticEventSubscriber/LOADING]: Scanning class com.simibubi.create.content.kinetics.chainConveyor.ChainConveyorInteractionHandler for @SubscribeEvent-annotated methods
[21:26:56] [modloading-worker-0/DEBUG] [ne.ne.fm.ja.AutomaticEventSubscriber/]: Subscribing @EventBusSubscriber class Lcom/simibubi/create/content/kinetics/chainConveyor/ChainConveyorInteractionHandler; to the game event bus
[21:26:56] [modloading-worker-0/DEBUG] [ne.ne.fm.ja.AutomaticEventSubscriber/LOADING]: Scanning class com.simibubi.create.content.kinetics.chainConveyor.ChainConveyorConnectionHandler for @SubscribeEvent-annotated methods
[21:26:56] [modloading-worker-0/DEBUG] [ne.ne.fm.ja.AutomaticEventSubscriber/]: Subscribing @EventBusSubscriber class Lcom/simibubi/create/content/kinetics/chainConveyor/ChainConveyorConnectionHandler; to the game event bus
[21:26:56] [modloading-worker-0/DEBUG] [ne.ne.fm.ja.AutomaticEventSubscriber/LOADING]: Scanning class com.simibubi.create.content.kinetics.crank.ValveHandleBlock for @SubscribeEvent-annotated methods
[21:26:56] [modloading-worker-0/DEBUG] [ne.ne.fm.ja.AutomaticEventSubscriber/]: Subscribing @EventBusSubscriber class Lcom/simibubi/create/content/kinetics/crank/ValveHandleBlock; to the game event bus
[21:26:56] [modloading-worker-0/DEBUG] [ne.ne.fm.ja.AutomaticEventSubscriber/LOADING]: Scanning class com.simibubi.create.content.kinetics.crusher.CrushingWheelBlockEntity for @SubscribeEvent-annotated methods
[21:26:56] [modloading-worker-0/DEBUG] [ne.ne.fm.ja.AutomaticEventSubscriber/]: Subscribing @EventBusSubscriber class Lcom/simibubi/create/content/kinetics/crusher/CrushingWheelBlockEntity; to the game event bus
[21:26:56] [modloading-worker-0/DEBUG] [mixin/]: Mixing compat.create.rotation_propagation.KineticNetworkMixin from createbigcannons.mixins.json into com.simibubi.create.content.kinetics.KineticNetwork
[21:26:56] [modloading-worker-0/DEBUG] [mixin/]: createbigcannons.mixins.json:compat.create.rotation_propagation.KineticNetworkMixin from mod createbigcannons: Class version 65 required is higher than the class version supported by the current version of Mixin (JAVA_17 supports class version 61)
[21:26:56] [modloading-worker-0/DEBUG] [ne.ne.fm.ja.AutomaticEventSubscriber/LOADING]: Scanning class com.simibubi.create.content.kinetics.deployer.ManualApplicationRecipe for @SubscribeEvent-annotated methods
[21:26:56] [modloading-worker-0/DEBUG] [ne.ne.fm.ja.AutomaticEventSubscriber/]: Subscribing @EventBusSubscriber class Lcom/simibubi/create/content/kinetics/deployer/ManualApplicationRecipe; to the game event bus
[21:26:56] [modloading-worker-0/DEBUG] [ne.ne.fm.ja.AutomaticEventSubscriber/LOADING]: Scanning class com.simibubi.create.content.kinetics.deployer.DeployerFakePlayer for @SubscribeEvent-annotated methods
[21:26:56] [modloading-worker-0/DEBUG] [mixin/]: Mixing common.ServerGamePacketListenerImplMixin from tacz.mixins.json into net.minecraft.server.network.ServerGamePacketListenerImpl
[21:26:56] [modloading-worker-0/DEBUG] [mixin/]: tacz.mixins.json:common.ServerGamePacketListenerImplMixin from mod tacz: Class version 65 required is higher than the class version supported by the current version of Mixin (JAVA_17 supports class version 61)
[21:26:56] [modloading-worker-0/DEBUG] [mixin/]: Mixing common.ServerPlayNetHandlerMixin from tacz.mixins.json into net.minecraft.server.network.ServerGamePacketListenerImpl
[21:26:56] [modloading-worker-0/DEBUG] [mixin/]: tacz.mixins.json:common.ServerPlayNetHandlerMixin from mod tacz: Class version 65 required is higher than the class version supported by the current version of Mixin (JAVA_17 supports class version 61)
[21:26:56] [modloading-worker-0/DEBUG] [mixin/]: Mixing ServerPlayNetHandlerMixin from simplebedrockmodel.mixins.json into net.minecraft.server.network.ServerGamePacketListenerImpl
[21:26:56] [modloading-worker-0/DEBUG] [mixin/]: simplebedrockmodel.mixins.json:ServerPlayNetHandlerMixin from mod simplebedrockmodel: Class version 65 required is higher than the class version supported by the current version of Mixin (JAVA_8 supports class version 52)
[21:26:56] [modloading-worker-0/DEBUG] [mixin/]: tacz.mixins.json:common.ServerPlayNetHandlerMixin from mod tacz->@Inject::applySwapOffhandDraw(Lnet/minecraft/network/protocol/game/ServerboundPlayerActionPacket;Lorg/spongepowered/asm/mixin/injection/callback/CallbackInfo;)V doesn't use it's CallbackInfo
[21:26:56] [modloading-worker-0/DEBUG] [mixin/]: tacz.mixins.json:common.ServerPlayNetHandlerMixin from mod tacz->@Inject::applySwapOffhandDraw(Lnet/minecraft/network/protocol/game/ServerboundPlayerActionPacket;Lorg/spongepowered/asm/mixin/injection/callback/CallbackInfo;)V has 0 override(s) in child classes
[21:26:56] [modloading-worker-0/DEBUG] [mixin/]: tacz.mixins.json:common.ServerPlayNetHandlerMixin from mod tacz->@Inject::applySwapOffhandDraw(Lnet/minecraft/network/protocol/game/ServerboundPlayerActionPacket;Lorg/spongepowered/asm/mixin/injection/callback/CallbackInfo;)V won't be passed a CallbackInfo as a result
[21:26:56] [modloading-worker-0/DEBUG] [mixin/]: simplebedrockmodel.mixins.json:ServerPlayNetHandlerMixin from mod simplebedrockmodel->@Inject::applySwapOffhandDraw(Lnet/minecraft/network/protocol/game/ServerboundPlayerActionPacket;Lorg/spongepowered/asm/mixin/injection/callback/CallbackInfo;)V doesn't use it's CallbackInfo
[21:26:56] [modloading-worker-0/DEBUG] [mixin/]: simplebedrockmodel.mixins.json:ServerPlayNetHandlerMixin from mod simplebedrockmodel->@Inject::applySwapOffhandDraw(Lnet/minecraft/network/protocol/game/ServerboundPlayerActionPacket;Lorg/spongepowered/asm/mixin/injection/callback/CallbackInfo;)V has 0 override(s) in child classes
[21:26:56] [modloading-worker-0/DEBUG] [mixin/]: simplebedrockmodel.mixins.json:ServerPlayNetHandlerMixin from mod simplebedrockmodel->@Inject::applySwapOffhandDraw(Lnet/minecraft/network/protocol/game/ServerboundPlayerActionPacket;Lorg/spongepowered/asm/mixin/injection/callback/CallbackInfo;)V won't be passed a CallbackInfo as a result
[21:26:56] [modloading-worker-0/DEBUG] [ne.ne.fm.ja.AutomaticEventSubscriber/]: Subscribing @EventBusSubscriber class Lcom/simibubi/create/content/kinetics/deployer/DeployerFakePlayer; to the game event bus
[21:26:56] [modloading-worker-0/DEBUG] [mixin/]: Mixing ServerEntityMixin from createbigcannons.mixins.json into net.minecraft.server.level.ServerEntity
[21:26:56] [modloading-worker-0/DEBUG] [mixin/]: createbigcannons.mixins.json:ServerEntityMixin from mod createbigcannons: Class version 65 required is higher than the class version supported by the current version of Mixin (JAVA_17 supports class version 61)
[21:26:56] [modloading-worker-0/DEBUG] [ne.ne.fm.ja.AutomaticEventSubscriber/LOADING]: Scanning class com.simibubi.create.content.kinetics.mechanicalArm.ArmInteractionPointHandler for @SubscribeEvent-annotated methods
[21:26:56] [modloading-worker-0/DEBUG] [ne.ne.fm.ja.AutomaticEventSubscriber/]: Subscribing @EventBusSubscriber class Lcom/simibubi/create/content/kinetics/mechanicalArm/ArmInteractionPointHandler; to the game event bus
[21:26:56] [modloading-worker-0/DEBUG] [ne.ne.fm.ja.AutomaticEventSubscriber/LOADING]: Scanning class com.simibubi.create.content.processing.burner.BlazeBurnerHandler for @SubscribeEvent-annotated methods
[21:26:56] [modloading-worker-0/DEBUG] [ne.ne.fm.ja.AutomaticEventSubscriber/]: Subscribing @EventBusSubscriber class Lcom/simibubi/create/content/processing/burner/BlazeBurnerHandler; to the game event bus
[21:26:56] [modloading-worker-0/DEBUG] [ne.ne.fm.ja.AutomaticEventSubscriber/LOADING]: Scanning class com.simibubi.create.AllKeys for @SubscribeEvent-annotated methods
[21:26:56] [modloading-worker-0/DEBUG] [ne.ne.fm.ja.AutomaticEventSubscriber/]: Subscribing @EventBusSubscriber class Lcom/simibubi/create/AllKeys; to the mod event bus of mod create
[21:26:56] [modloading-worker-0/DEBUG] [ne.ne.fm.ja.AutomaticEventSubscriber/LOADING]: Scanning class com.simibubi.create.impl.registry.CreateDataMapsImpl for @SubscribeEvent-annotated methods
[21:26:56] [modloading-worker-0/DEBUG] [ne.ne.fm.ja.AutomaticEventSubscriber/]: Subscribing @EventBusSubscriber class Lcom/simibubi/create/impl/registry/CreateDataMapsImpl; to the mod event bus of mod create
[21:26:56] [modloading-worker-0/DEBUG] [ne.ne.fm.ja.AutomaticEventSubscriber/LOADING]: Scanning class com.simibubi.create.impl.registry.CreateRegistriesImpl for @SubscribeEvent-annotated methods
[21:26:56] [modloading-worker-0/DEBUG] [ne.ne.fm.ja.AutomaticEventSubscriber/]: Subscribing @EventBusSubscriber class Lcom/simibubi/create/impl/registry/CreateRegistriesImpl; to the mod event bus of mod create
[21:26:56] [modloading-worker-0/INFO] [catr/]: CatrMod чруЁєцхэ!
[21:26:56] [modloading-worker-0/DEBUG] [ne.ne.fm.ja.AutomaticEventSubscriber/LOADING]: Attempting to inject @EventBusSubscriber classes into the eventbus for catr
[21:26:56] [modloading-worker-0/DEBUG] [ne.ne.fm.ja.AutomaticEventSubscriber/LOADING]: Scanning class com.slepa01.catr.CatrClient for @SubscribeEvent-annotated methods
[21:26:56] [modloading-worker-0/DEBUG] [ne.ne.fm.ja.AutomaticEventSubscriber/LOADING]: Found mix of game bus and mod bus listeners in @EventBusSubscriber class Lcom/slepa01/catr/CatrClient;, registering them separately
[21:26:56] [modloading-worker-0/DEBUG] [ne.ne.fm.ja.AutomaticEventSubscriber/LOADING]: Subscribing method static void com.slepa01.catr.CatrClient.onClientSetup(net.neoforged.fml.event.lifecycle.FMLClientSetupEvent) to the event bus of mod catr
[21:26:56] [modloading-worker-0/DEBUG] [ne.ne.fm.ja.AutomaticEventSubscriber/LOADING]: Subscribing method static void com.slepa01.catr.CatrClient.onUse(net.neoforged.neoforge.client.event.InputEvent$InteractionKeyMappingTriggered) to the game event bus
[21:26:56] [modloading-worker-0/DEBUG] [ne.ne.fm.ja.AutomaticEventSubscriber/LOADING]: Scanning class com.slepa01.catr.client.render.ItemInfoWidget for @SubscribeEvent-annotated methods
[21:26:56] [modloading-worker-0/DEBUG] [ne.ne.fm.ja.AutomaticEventSubscriber/]: Subscribing @EventBusSubscriber class Lcom/slepa01/catr/client/render/ItemInfoWidget; to the game event bus
[21:26:56] [main/FATAL] [ne.ne.fm.ModLoader/LOADING]: Failed to wait for future Mod Construction, 1 errors found
Exception in thread "main" java.lang.RuntimeException: java.lang.reflect.InvocationTargetException
        at MC-BOOTSTRAP/cpw.mods.modlauncher@11.0.5/cpw.mods.modlauncher.LaunchServiceHandlerDecorator.launch(LaunchServiceHandlerDecorator.java:32)
        at MC-BOOTSTRAP/cpw.mods.modlauncher@11.0.5/cpw.mods.modlauncher.LaunchServiceHandler.launch(LaunchServiceHandler.java:53)
        at MC-BOOTSTRAP/cpw.mods.modlauncher@11.0.5/cpw.mods.modlauncher.LaunchServiceHandler.launch(LaunchServiceHandler.java:71)
        at MC-BOOTSTRAP/cpw.mods.modlauncher@11.0.5/cpw.mods.modlauncher.Launcher.run(Launcher.java:103)
        at MC-BOOTSTRAP/cpw.mods.modlauncher@11.0.5/cpw.mods.modlauncher.Launcher.main(Launcher.java:74)
        at MC-BOOTSTRAP/cpw.mods.modlauncher@11.0.5/cpw.mods.modlauncher.BootstrapLaunchConsumer.accept(BootstrapLaunchConsumer.java:26)
        at MC-BOOTSTRAP/cpw.mods.modlauncher@11.0.5/cpw.mods.modlauncher.BootstrapLaunchConsumer.accept(BootstrapLaunchConsumer.java:23)
        at cpw.mods.bootstraplauncher@2.0.2/cpw.mods.bootstraplauncher.BootstrapLauncher.run(BootstrapLauncher.java:210)
        at cpw.mods.bootstraplauncher@2.0.2/cpw.mods.bootstraplauncher.BootstrapLauncher.main(BootstrapLauncher.java:69)
Caused by: java.lang.reflect.InvocationTargetException
        at java.base/jdk.internal.reflect.DirectMethodHandleAccessor.invoke(DirectMethodHandleAccessor.java:118)
        at java.base/java.lang.reflect.Method.invoke(Method.java:580)
        at MC-BOOTSTRAP/fml_loader@4.0.43/net.neoforged.fml.loading.targets.CommonLaunchHandler.runTarget(CommonLaunchHandler.java:136)
        at MC-BOOTSTRAP/fml_loader@4.0.43/net.neoforged.fml.loading.targets.CommonLaunchHandler.dataService(CommonLaunchHandler.java:132)
        at MC-BOOTSTRAP/fml_loader@4.0.43/net.neoforged.fml.loading.targets.NeoForgeDataDevLaunchHandler.runService(NeoForgeDataDevLaunchHandler.java:28)
        at MC-BOOTSTRAP/fml_loader@4.0.43/net.neoforged.fml.loading.targets.CommonLaunchHandler.lambda$launchService$4(CommonLaunchHandler.java:118)
        at MC-BOOTSTRAP/cpw.mods.modlauncher@11.0.5/cpw.mods.modlauncher.LaunchServiceHandlerDecorator.launch(LaunchServiceHandlerDecorator.java:30)
        ... 8 more
Caused by: net.neoforged.fml.ModLoadingException: Loading errors encountered:
        - Advanced XRay (xray) has failed to load correctly
          java.lang.ExceptionInInitializerError: null

        at MC-BOOTSTRAP/fml_loader@4.0.43/net.neoforged.fml.ModLoader.waitForFuture(ModLoader.java:281)
        at MC-BOOTSTRAP/fml_loader@4.0.43/net.neoforged.fml.ModLoader.dispatchParallelTask(ModLoader.java:244)
        at MC-BOOTSTRAP/fml_loader@4.0.43/net.neoforged.fml.ModLoader.constructMods(ModLoader.java:152)
        at MC-BOOTSTRAP/fml_loader@4.0.43/net.neoforged.fml.ModLoader.gatherAndInitializeMods(ModLoader.java:142)
        at TRANSFORMER/neoforge@21.1.244/net.neoforged.neoforge.internal.CommonModLoader.begin(CommonModLoader.java:49)
        at TRANSFORMER/neoforge@21.1.244/net.neoforged.neoforge.data.loading.DatagenModLoader.begin(DatagenModLoader.java:47)
        at TRANSFORMER/minecraft@1.21.1/net.minecraft.data.Main.main(Main.java:101)
        at java.base/jdk.internal.reflect.DirectMethodHandleAccessor.invoke(DirectMethodHandleAccessor.java:103)
        ... 14 more

> Task :runData FAILED

[Incubating] Problems report is available at: file:///D:/dow/mine2_catr/catrmodd/build/reports/problems/problems-report.html

FAILURE: Build failed with an exception.

* What went wrong:
Execution failed for task ':runData'.
> Process 'command 'D:\PROGE\asdkasmjdk21tau\bin\java.exe'' finished with non-zero exit value 1

* Try:
> Run with --stacktrace option to get the stack trace.
> Run with --info or --debug option to get more log output.
> Run with --scan to generate a Build Scan (powered by Develocity).
> Get more help at https://help.gradle.org.

Deprecated Gradle features were used in this build, making it incompatible with Gradle 10.

You can use '--warning-mode all' to show the individual deprecation warnings and determine if they come from your own scripts or plugins.

For more on this, please refer to https://docs.gradle.org/9.2.1/userguide/command_line_interface.html#sec:command_line_warnings in the Gradle documentation.
